D:/Workspace/Development/my/ST_CanBus/CANopen/stack/301/CO_driver.h:740:23:CO_getUint8	24	static
D:/Workspace/Development/my/ST_CanBus/CANopen/stack/301/CO_driver.h:744:24:CO_getUint16	24	static
D:/Workspace/Development/my/ST_CanBus/CANopen/stack/301/CO_driver.h:748:24:CO_getUint32	24	static
D:/Workspace/Development/my/ST_CanBus/CANopen/stack/301/CO_driver.h:768:23:CO_setUint32	16	static
D:/Workspace/Development/my/ST_CanBus/CANopen/stack/301/CO_ODinterface.h:439:24:OD_getIndex	16	static
D:/Workspace/Development/my/ST_CanBus/CANopen/stack/301/CO_ODinterface.h:588:21:OD_extension_init	16	static
D:/Workspace/Development/my/ST_CanBus/CANopen/stack/301/CO_ODinterface.h:650:21:OD_get_u8	32	static
D:/Workspace/Development/my/ST_CanBus/CANopen/stack/301/CO_ODinterface.h:657:21:OD_get_u16	32	static
D:/Workspace/Development/my/ST_CanBus/CANopen/stack/301/CO_ODinterface.h:664:21:OD_get_u32	32	static
../CANopen/stack/301/CO_PDO.c:44:14:OD_write_dummy	24	static
../CANopen/stack/301/CO_PDO.c:57:14:OD_read_dummy	24	static
../CANopen/stack/301/CO_PDO.c:87:14:PDOconfigMap	88	static
../CANopen/stack/301/CO_PDO.c:164:25:PDO_initMapping	56	static
../CANopen/stack/301/CO_PDO.c:231:14:OD_write_PDO_mapping	64	static
../CANopen/stack/301/CO_PDO.c:412:14:OD_read_PDO_commParam	40	static
../CANopen/stack/301/CO_PDO.c:465:13:CO_PDO_receive	40	static
../CANopen/stack/301/CO_PDO.c:519:14:OD_write_14xx	80	static
../CANopen/stack/301/CO_PDO.c:627:18:CO_RPDO_init	72	static
../CANopen/stack/301/CO_PDO.c:776:6:CO_RPDO_process	104	static
../CANopen/stack/301/CO_PDO.c:944:14:OD_write_18xx	88	static
../CANopen/stack/301/CO_PDO.c:1067:18:CO_TPDO_init	64	static
../CANopen/stack/301/CO_PDO.c:1226:25:CO_TPDOsend	80	static
../CANopen/stack/301/CO_PDO.c:1318:6:CO_TPDO_process	40	static
