Archive member included because of file (symbol)

d:/programs/infineon/tools/dave ide/4.5.0.202105191637/eclipse/arm-gcc-49/bin/../lib/gcc/arm-none-eabi/4.9.3/armv7e-m/softfp\libgcc.a(_aeabi_uldivmod.o)
                              ./Dave/Generated/TIMER/timer.o (__aeabi_uldivmod)
d:/programs/infineon/tools/dave ide/4.5.0.202105191637/eclipse/arm-gcc-49/bin/../lib/gcc/arm-none-eabi/4.9.3/armv7e-m/softfp\libgcc.a(bpabi.o)
                              d:/programs/infineon/tools/dave ide/4.5.0.202105191637/eclipse/arm-gcc-49/bin/../lib/gcc/arm-none-eabi/4.9.3/armv7e-m/softfp\libgcc.a(_aeabi_uldivmod.o) (__gnu_uldivmod_helper)
d:/programs/infineon/tools/dave ide/4.5.0.202105191637/eclipse/arm-gcc-49/bin/../lib/gcc/arm-none-eabi/4.9.3/armv7e-m/softfp\libgcc.a(_dvmd_tls.o)
                              d:/programs/infineon/tools/dave ide/4.5.0.202105191637/eclipse/arm-gcc-49/bin/../lib/gcc/arm-none-eabi/4.9.3/armv7e-m/softfp\libgcc.a(_aeabi_uldivmod.o) (__aeabi_ldiv0)
d:/programs/infineon/tools/dave ide/4.5.0.202105191637/eclipse/arm-gcc-49/bin/../lib/gcc/arm-none-eabi/4.9.3/armv7e-m/softfp\libgcc.a(_divdi3.o)
                              d:/programs/infineon/tools/dave ide/4.5.0.202105191637/eclipse/arm-gcc-49/bin/../lib/gcc/arm-none-eabi/4.9.3/armv7e-m/softfp\libgcc.a(bpabi.o) (__divdi3)
d:/programs/infineon/tools/dave ide/4.5.0.202105191637/eclipse/arm-gcc-49/bin/../lib/gcc/arm-none-eabi/4.9.3/armv7e-m/softfp\libgcc.a(_udivdi3.o)
                              d:/programs/infineon/tools/dave ide/4.5.0.202105191637/eclipse/arm-gcc-49/bin/../lib/gcc/arm-none-eabi/4.9.3/armv7e-m/softfp\libgcc.a(bpabi.o) (__udivdi3)
d:/programs/infineon/tools/dave ide/4.5.0.202105191637/eclipse/arm-gcc-49/bin/../lib/gcc/arm-none-eabi/4.9.3/../../../../arm-none-eabi/lib/armv7e-m/softfp\libg_nano.a(lib_a-calloc.o)
                              ./CANopen/stack/CANopen.o (calloc)
d:/programs/infineon/tools/dave ide/4.5.0.202105191637/eclipse/arm-gcc-49/bin/../lib/gcc/arm-none-eabi/4.9.3/../../../../arm-none-eabi/lib/armv7e-m/softfp\libg_nano.a(lib_a-errno.o)
                              ./Libraries/Newlib/syscalls.o (__errno)
d:/programs/infineon/tools/dave ide/4.5.0.202105191637/eclipse/arm-gcc-49/bin/../lib/gcc/arm-none-eabi/4.9.3/../../../../arm-none-eabi/lib/armv7e-m/softfp\libg_nano.a(lib_a-impure.o)
                              d:/programs/infineon/tools/dave ide/4.5.0.202105191637/eclipse/arm-gcc-49/bin/../lib/gcc/arm-none-eabi/4.9.3/../../../../arm-none-eabi/lib/armv7e-m/softfp\libg_nano.a(lib_a-calloc.o) (_impure_ptr)
d:/programs/infineon/tools/dave ide/4.5.0.202105191637/eclipse/arm-gcc-49/bin/../lib/gcc/arm-none-eabi/4.9.3/../../../../arm-none-eabi/lib/armv7e-m/softfp\libg_nano.a(lib_a-init.o)
                              ./Startup/startup_XMC4800.o (__libc_init_array)
d:/programs/infineon/tools/dave ide/4.5.0.202105191637/eclipse/arm-gcc-49/bin/../lib/gcc/arm-none-eabi/4.9.3/../../../../arm-none-eabi/lib/armv7e-m/softfp\libg_nano.a(lib_a-malloc.o)
                              ./CANopen/driver/CO_storageBlank.o (malloc)
d:/programs/infineon/tools/dave ide/4.5.0.202105191637/eclipse/arm-gcc-49/bin/../lib/gcc/arm-none-eabi/4.9.3/../../../../arm-none-eabi/lib/armv7e-m/softfp\libg_nano.a(lib_a-memcpy.o)
                              ./Libraries/XMCLib/src/xmc_eth_mac.o (memcpy)
d:/programs/infineon/tools/dave ide/4.5.0.202105191637/eclipse/arm-gcc-49/bin/../lib/gcc/arm-none-eabi/4.9.3/../../../../arm-none-eabi/lib/armv7e-m/softfp\libg_nano.a(lib_a-memmove.o)
                              ./CANopen/stack/storage/CO_storage.o (memmove)
d:/programs/infineon/tools/dave ide/4.5.0.202105191637/eclipse/arm-gcc-49/bin/../lib/gcc/arm-none-eabi/4.9.3/../../../../arm-none-eabi/lib/armv7e-m/softfp\libg_nano.a(lib_a-memset.o)
                              ./Libraries/XMCLib/src/xmc_usbd.o (memset)
d:/programs/infineon/tools/dave ide/4.5.0.202105191637/eclipse/arm-gcc-49/bin/../lib/gcc/arm-none-eabi/4.9.3/../../../../arm-none-eabi/lib/armv7e-m/softfp\libg_nano.a(lib_a-nano-callocr.o)
                              d:/programs/infineon/tools/dave ide/4.5.0.202105191637/eclipse/arm-gcc-49/bin/../lib/gcc/arm-none-eabi/4.9.3/../../../../arm-none-eabi/lib/armv7e-m/softfp\libg_nano.a(lib_a-calloc.o) (_calloc_r)
d:/programs/infineon/tools/dave ide/4.5.0.202105191637/eclipse/arm-gcc-49/bin/../lib/gcc/arm-none-eabi/4.9.3/../../../../arm-none-eabi/lib/armv7e-m/softfp\libg_nano.a(lib_a-nano-freer.o)
                              d:/programs/infineon/tools/dave ide/4.5.0.202105191637/eclipse/arm-gcc-49/bin/../lib/gcc/arm-none-eabi/4.9.3/../../../../arm-none-eabi/lib/armv7e-m/softfp\libg_nano.a(lib_a-malloc.o) (_free_r)
d:/programs/infineon/tools/dave ide/4.5.0.202105191637/eclipse/arm-gcc-49/bin/../lib/gcc/arm-none-eabi/4.9.3/../../../../arm-none-eabi/lib/armv7e-m/softfp\libg_nano.a(lib_a-nano-mallocr.o)
[...]
Memory Configuration

Name             Origin             Length             Attributes
FLASH_1_cached   0x08000000         0x00200000         xr
FLASH_1_uncached 0x0c000000         0x00200000         xr
PSRAM_1          0x1ffe8000         0x00018000         !xr
DSRAM_1_system   0x20000000         0x00020000         !xr
DSRAM_2_comm     0x20020000         0x00020000         !xr
SRAM_combined    0x1ffe8000         0x00058000         !xr
*default*        0x00000000         0xffffffff

Linker script and memory map

LOAD ./Startup/startup_XMC4800.o
LOAD ./Startup/system_XMC4800.o
LOAD ./Libraries/XMCLib/src/xmc4_eru.o
LOAD ./Libraries/XMCLib/src/xmc4_flash.o
LOAD ./Libraries/XMCLib/src/xmc4_gpio.o
LOAD ./Libraries/XMCLib/src/xmc4_rtc.o
LOAD ./Libraries/XMCLib/src/xmc4_scu.o
LOAD ./Libraries/XMCLib/src/xmc_can.o
LOAD ./Libraries/XMCLib/src/xmc_ccu4.o
LOAD ./Libraries/XMCLib/src/xmc_ccu8.o
LOAD ./Libraries/XMCLib/src/xmc_common.o
LOAD ./Libraries/XMCLib/src/xmc_dac.o
LOAD ./Libraries/XMCLib/src/xmc_dma.o
LOAD ./Libraries/XMCLib/src/xmc_dsd.o
LOAD ./Libraries/XMCLib/src/xmc_ebu.o
LOAD ./Libraries/XMCLib/src/xmc_ecat.o
LOAD ./Libraries/XMCLib/src/xmc_eru.o
LOAD ./Libraries/XMCLib/src/xmc_eth_mac.o
LOAD ./Libraries/XMCLib/src/xmc_eth_phy_dp83848.o
LOAD ./Libraries/XMCLib/src/xmc_eth_phy_ksz8031rnl.o
LOAD ./Libraries/XMCLib/src/xmc_eth_phy_ksz8081rnb.o
LOAD ./Libraries/XMCLib/src/xmc_fce.o
LOAD ./Libraries/XMCLib/src/xmc_gpio.o
LOAD ./Libraries/XMCLib/src/xmc_hrpwm.o
LOAD ./Libraries/XMCLib/src/xmc_i2c.o
LOAD ./Libraries/XMCLib/src/xmc_i2s.o
LOAD ./Libraries/XMCLib/src/xmc_ledts.o
LOAD ./Libraries/XMCLib/src/xmc_posif.o
LOAD ./Libraries/XMCLib/src/xmc_rtc.o
LOAD ./Libraries/XMCLib/src/xmc_sdmmc.o
LOAD ./Libraries/XMCLib/src/xmc_spi.o
LOAD ./Libraries/XMCLib/src/xmc_uart.o
LOAD ./Libraries/XMCLib/src/xmc_usbd.o
LOAD ./Libraries/XMCLib/src/xmc_usbh.o
LOAD ./Libraries/XMCLib/src/xmc_usic.o
LOAD ./Libraries/XMCLib/src/xmc_vadc.o
LOAD ./Libraries/XMCLib/src/xmc_wdt.o
LOAD ./Libraries/Newlib/syscalls.o
LOAD ./EEPROM/EEPROM_25Series.o
LOAD ./Dave/Generated/TIMER/timer.o
LOAD ./Dave/Generated/TIMER/timer_conf.o
LOAD ./Dave/Generated/SPI_MASTER/spi_master.o
LOAD ./Dave/Generated/SPI_MASTER/spi_master_conf.o
LOAD ./Dave/Generated/INTERRUPT/interrupt.o
LOAD ./Dave/Generated/INTERRUPT/interrupt_conf.o
LOAD ./Dave/Generated/GLOBAL_CCU4/global_ccu4.o
LOAD ./Dave/Generated/GLOBAL_CCU4/global_ccu4_conf.o
LOAD ./Dave/Generated/GLOBAL_CAN/global_can.o
LOAD ./Dave/Generated/GLOBAL_CAN/global_can_conf.o
LOAD ./Dave/Generated/DIGITAL_IO/digital_io.o
LOAD ./Dave/Generated/DIGITAL_IO/digital_io_conf.o
LOAD ./Dave/Generated/CPU_CTRL_XMC4/cpu_ctrl_xmc4.o
LOAD ./Dave/Generated/CPU_CTRL_XMC4/cpu_ctrl_xmc4_conf.o
LOAD ./Dave/Generated/CLOCK_XMC4/clock_xmc4.o
LOAD ./Dave/Generated/CLOCK_XMC4/clock_xmc4_conf.o
LOAD ./Dave/Generated/CAN_NODE/can_node.o
LOAD ./Dave/Generated/CAN_NODE/can_node_conf.o
LOAD ./Dave/Generated/DAVE.o
LOAD ./CANopen/stack/storage/CO_storage.o
LOAD ./CANopen/stack/storage/CO_storageEeprom.o
LOAD ./CANopen/stack/extra/CO_trace.o
LOAD ./CANopen/stack/309/CO_gateway_ascii.o
LOAD ./CANopen/stack/305/CO_LSSmaster.o
LOAD ./CANopen/stack/305/CO_LSSslave.o
LOAD ./CANopen/stack/304/CO_GFC.o
LOAD ./CANopen/stack/304/CO_SRDO.o
LOAD ./CANopen/stack/303/CO_LEDs.o
LOAD ./CANopen/stack/301/CO_Emergency.o
LOAD ./CANopen/stack/301/CO_HBconsumer.o
LOAD ./CANopen/stack/301/CO_NMT_Heartbeat.o
LOAD ./CANopen/stack/301/CO_ODinterface.o
LOAD ./CANopen/stack/301/CO_PDO.o
LOAD ./CANopen/stack/301/CO_SDOclient.o
LOAD ./CANopen/stack/301/CO_SDOserver.o
LOAD ./CANopen/stack/301/CO_SYNC.o
LOAD ./CANopen/stack/301/CO_TIME.o
LOAD ./CANopen/stack/301/CO_fifo.o
LOAD ./CANopen/stack/301/crc16-ccitt.o
LOAD ./CANopen/stack/CANopen.o
LOAD ./CANopen/hardware/CANopenHardware.o
LOAD ./CANopen/driver/CO_driver_target.o
LOAD ./CANopen/driver/CO_storageBlank.o
LOAD ./CANopen/driver/OD.o
LOAD ./CANopen/driver/log.o
LOAD ./CANopen/CANopenNode.o
LOAD ./main.o
LOAD d:/programs/infineon/tools/dave ide/4.5.0.202105191637/eclipse/arm-gcc-49/bin/../lib/gcc/arm-none-eabi/4.9.3/../../../../arm-none-eabi/lib/armv7e-m/softfp\libm.a
START GROUP
LOAD d:/programs/infineon/tools/dave ide/4.5.0.202105191637/eclipse/arm-gcc-49/bin/../lib/gcc/arm-none-eabi/4.9.3/armv7e-m/softfp\libgcc.a
LOAD d:/programs/infineon/tools/dave ide/4.5.0.202105191637/eclipse/arm-gcc-49/bin/../lib/gcc/arm-none-eabi/4.9.3/../../../../arm-none-eabi/lib/armv7e-m/softfp\libg_nano.a
LOAD d:/programs/infineon/tools/dave ide/4.5.0.202105191637/eclipse/arm-gcc-49/bin/../lib/gcc/arm-none-eabi/4.9.3/../../../../arm-none-eabi/lib/armv7e-m/softfp\libc_nano.a
END GROUP
START GROUP
LOAD d:/programs/infineon/tools/dave ide/4.5.0.202105191637/eclipse/arm-gcc-49/bin/../lib/gcc/arm-none-eabi/4.9.3/armv7e-m/softfp\libgcc.a
LOAD d:/programs/infineon/tools/dave ide/4.5.0.202105191637/eclipse/arm-gcc-49/bin/../lib/gcc/arm-none-eabi/4.9.3/../../../../arm-none-eabi/lib/armv7e-m/softfp\libc_nano.a
LOAD d:/programs/infineon/tools/dave ide/4.5.0.202105191637/eclipse/arm-gcc-49/bin/../lib/gcc/arm-none-eabi/4.9.3/../../../../arm-none-eabi/lib/armv7e-m/softfp\libnosys.a
END GROUP
START GROUP
LOAD d:/programs/infineon/tools/dave ide/4.5.0.202105191637/eclipse/arm-gcc-49/bin/../lib/gcc/arm-none-eabi/4.9.3/armv7e-m/softfp\libgcc.a
LOAD d:/programs/infineon/tools/dave ide/4.5.0.202105191637/eclipse/arm-gcc-49/bin/../lib/gcc/arm-none-eabi/4.9.3/../../../../arm-none-eabi/lib/armv7e-m/softfp\libc_nano.a
LOAD d:/programs/infineon/tools/dave ide/4.5.0.202105191637/eclipse/arm-gcc-49/bin/../lib/gcc/arm-none-eabi/4.9.3/../../../../arm-none-eabi/lib/armv7e-m/softfp\libnosys.a
END GROUP
                0x00000800                stack_size = DEFINED (stack_size)?stack_size:0x800
                0x00000040                no_init_size = 0x40

.text           0x08000000     0xb54c load address 0x0c000000
                0x08000000                sText = .
 *(.reset)
 .reset         0x08000000      0x29c ./Startup/startup_XMC4800.o
                0x08000000                __Vectors
                0x08000200                Reset_Handler
                0x08000298                DSD0_7_IRQHandler
                0x08000298                DebugMon_Handler
                0x08000298                VADC0_C0_0_IRQHandler
                0x08000298                CAN0_4_IRQHandler
                0x08000298                VADC0_G2_0_IRQHandler
                0x08000298                USIC0_5_IRQHandler
                0x08000298                POSIF0_0_IRQHandler
                0x08000298                POSIF1_0_IRQHandler
                0x08000298                HardFault_Handler
                0x08000298                VADC0_G1_1_IRQHandler
                0x08000298                SysTick_Handler
                0x08000298                PendSV_Handler
                0x08000298                NMI_Handler
                0x08000298                USIC1_3_IRQHandler
                0x08000298                CCU40_2_IRQHandler
                0x08000298                SCU_0_IRQHandler
                0x08000298                ERU0_0_IRQHandler
                0x08000298                CCU41_0_IRQHandler
                0x08000298                USIC1_5_IRQHandler
                0x08000298                DSD0_4_IRQHandler
                0x08000298                CCU80_1_IRQHandler
                0x08000298                CCU81_0_IRQHandler
                0x08000298                UsageFault_Handler
                0x08000298                USIC0_0_IRQHandler
                0x08000298                POSIF1_1_IRQHandler
                0x08000298                ERU0_2_IRQHandler
                0x08000298                CCU81_1_IRQHandler
                0x08000298                ERU1_1_IRQHandler
                0x08000298                VADC0_G2_3_IRQHandler
                0x08000298                VADC0_G2_2_IRQHandler
                0x08000298                CCU42_3_IRQHandler
                0x08000298                ERU0_3_IRQHandler
                0x08000298                DSD0_5_IRQHandler
                0x08000298                VADC0_C0_3_IRQHandler
                0x08000298                CAN0_6_IRQHandler
                0x08000298                CCU43_0_IRQHandler
                0x08000298                VADC0_G0_1_IRQHandler
                0x08000298                CCU81_2_IRQHandler
                0x08000298                USIC2_4_IRQHandler
                0x08000298                CCU81_3_IRQHandler
                0x08000298                CCU42_1_IRQHandler
                0x08000298                USIC1_1_IRQHandler
                0x08000298                USIC2_5_IRQHandler
                0x08000298                CCU40_0_IRQHandler
                0x08000298                CAN0_0_IRQHandler
                0x08000298                ERU1_0_IRQHandler
                0x08000298                CCU42_2_IRQHandler
                0x08000298                Default_Handler
                0x08000298                USIC1_4_IRQHandler
                0x08000298                ERU1_3_IRQHandler
                0x08000298                USIC1_0_IRQHandler
                0x08000298                POSIF0_1_IRQHandler
                0x08000298                VADC0_G0_0_IRQHandler
                0x08000298                DSD0_2_IRQHandler
                0x08000298                CCU80_3_IRQHandler
                0x08000298                CCU41_3_IRQHandler
                0x08000298                CCU80_2_IRQHandler
                0x08000298                VADC0_G1_3_IRQHandler
                0x08000298                VADC0_G0_3_IRQHandler
                0x08000298                GPDMA0_0_IRQHandler
                0x08000298                PMU0_0_IRQHandler
                0x08000298                CAN0_7_IRQHandler
                0x08000298                DSD0_1_IRQHandler
                0x08000298                CCU41_2_IRQHandler
                0x08000298                VADC0_C0_1_IRQHandler
                0x08000298                CCU43_2_IRQHandler
                0x08000298                USIC2_2_IRQHandler
                0x08000298                MemManage_Handler
                0x08000298                VADC0_G3_1_IRQHandler
                0x08000298                DAC0_0_IRQHandler
                0x08000298                SVC_Handler
                0x08000298                VADC0_G3_3_IRQHandler
                0x08000298                ERU1_2_IRQHandler
                0x08000298                CCU41_1_IRQHandler
                0x08000298                DSD0_6_IRQHandler
                0x08000298                VADC0_G1_2_IRQHandler
                0x08000298                USIC2_3_IRQHandler
                0x08000298                CAN0_2_IRQHandler
                0x08000298                USIC2_0_IRQHandler
                0x08000298                VADC0_G0_2_IRQHandler
                0x08000298                ECAT0_0_IRQHandler
                0x08000298                VADC0_G2_1_IRQHandler
                0x08000298                CAN0_3_IRQHandler
                0x08000298                ETH0_0_IRQHandler
                0x08000298                USIC0_3_IRQHandler
                0x08000298                DSD0_0_IRQHandler
                0x08000298                VADC0_C0_2_IRQHandler
                0x08000298                CCU42_0_IRQHandler
                0x08000298                FCE0_0_IRQHandler
                0x08000298                VADC0_G1_0_IRQHandler
                0x08000298                USB0_0_IRQHandler
                0x08000298                CAN0_5_IRQHandler
                0x08000298                CCU80_0_IRQHandler
                0x08000298                CCU40_1_IRQHandler
                0x08000298                USIC2_1_IRQHandler
                0x08000298                USIC0_1_IRQHandler
                0x08000298                VADC0_G3_2_IRQHandler
                0x08000298                CCU40_3_IRQHandler
                0x08000298                BusFault_Handler
                0x08000298                LEDTS0_0_IRQHandler
                0x08000298                USIC0_4_IRQHandler
                0x08000298                CCU43_3_IRQHandler
                0x08000298                ERU0_1_IRQHandler
                0x08000298                VADC0_G3_0_IRQHandler
                0x08000298                USIC1_2_IRQHandler
                0x08000298                DSD0_3_IRQHandler
                0x08000298                SDMMC0_0_IRQHandler
                0x08000298                USIC0_2_IRQHandler
                0x08000298                DAC0_1_IRQHandler
                0x08000298                GPDMA1_0_IRQHandler
 *(.text .text.* .gnu.linkonce.t.*)
 .text.SystemInit
                0x0800029c       0x20 ./Startup/system_XMC4800.o
                0x0800029c                SystemInit
 .text.SystemCoreClockUpdate
                0x080002bc       0xd4 ./Startup/system_XMC4800.o
                0x080002bc                SystemCoreClockUpdate
 .text.XMC_GPIO_Init
                0x08000390      0x14c ./Libraries/XMCLib/src/xmc4_gpio.o
                0x08000390                XMC_GPIO_Init
 .text.XMC_SCU_CLOCK_GetCpuClockFrequency
                0x080004dc       0x18 ./Libraries/XMCLib/src/xmc4_scu.o
 .text.XMC_SCU_GetMirrorStatus
                0x080004f4       0x18 ./Libraries/XMCLib/src/xmc4_scu.o
 .text.XMC_SCU_lDelay
                0x0800050c       0x44 ./Libraries/XMCLib/src/xmc4_scu.o
 .text.XMC_SCU_INTERUPT_GetEventStatus
                0x08000550       0x18 ./Libraries/XMCLib/src/xmc4_scu.o
                0x08000550                XMC_SCU_INTERUPT_GetEventStatus
 .text.XMC_SCU_INTERRUPT_ClearEventStatus
                0x08000568       0x1c ./Libraries/XMCLib/src/xmc4_scu.o
                0x08000568                XMC_SCU_INTERRUPT_ClearEventStatus
 .text.XMC_SCU_CLOCK_Init
                0x08000584       0xf8 ./Libraries/XMCLib/src/xmc4_scu.o
                0x08000584                XMC_SCU_CLOCK_Init
 .text.XMC_SCU_RESET_DeassertPeripheralReset
                0x0800067c       0x38 ./Libraries/XMCLib/src/xmc4_scu.o
                0x0800067c                XMC_SCU_RESET_DeassertPeripheralReset
 .text.XMC_SCU_RESET_IsPeripheralResetAsserted
                0x080006b4       0x48 ./Libraries/XMCLib/src/xmc4_scu.o
                0x080006b4                XMC_SCU_RESET_IsPeripheralResetAsserted
 .text.XMC_SCU_CLOCK_GetPeripheralClockFrequency
                0x080006fc       0x20 ./Libraries/XMCLib/src/xmc4_scu.o
                0x080006fc                XMC_SCU_CLOCK_GetPeripheralClockFrequency
 .text.XMC_SCU_CLOCK_SetSystemClockSource
                0x0800071c       0x28 ./Libraries/XMCLib/src/xmc4_scu.o
                0x0800071c                XMC_SCU_CLOCK_SetSystemClockSource
 .text.XMC_SCU_CLOCK_SetUsbClockSource
                0x08000744       0x28 ./Libraries/XMCLib/src/xmc4_scu.o
                0x08000744                XMC_SCU_CLOCK_SetUsbClockSource
 .text.XMC_SCU_CLOCK_SetWdtClockSource
                0x0800076c       0x28 ./Libraries/XMCLib/src/xmc4_scu.o
                0x0800076c                XMC_SCU_CLOCK_SetWdtClockSource
 .text.XMC_SCU_CLOCK_SetSystemPllClockSource
                0x08000794       0x40 ./Libraries/XMCLib/src/xmc4_scu.o
                0x08000794                XMC_SCU_CLOCK_SetSystemPllClockSource
 .text.XMC_SCU_HIB_SetRtcClockSource
                0x080007d4       0x3c ./Libraries/XMCLib/src/xmc4_scu.o
                0x080007d4                XMC_SCU_HIB_SetRtcClockSource
 .text.XMC_SCU_HIB_SetStandbyClockSource
                0x08000810       0x3c ./Libraries/XMCLib/src/xmc4_scu.o
                0x08000810                XMC_SCU_HIB_SetStandbyClockSource
 .text.XMC_SCU_CLOCK_SetSystemClockDivider
                0x0800084c       0x28 ./Libraries/XMCLib/src/xmc4_scu.o
                0x0800084c                XMC_SCU_CLOCK_SetSystemClockDivider
 .text.XMC_SCU_CLOCK_SetCcuClockDivider
                0x08000874       0x28 ./Libraries/XMCLib/src/xmc4_scu.o
                0x08000874                XMC_SCU_CLOCK_SetCcuClockDivider
 .text.XMC_SCU_CLOCK_SetCpuClockDivider
                0x0800089c       0x28 ./Libraries/XMCLib/src/xmc4_scu.o
                0x0800089c                XMC_SCU_CLOCK_SetCpuClockDivider
 .text.XMC_SCU_CLOCK_SetPeripheralClockDivider
                0x080008c4       0x28 ./Libraries/XMCLib/src/xmc4_scu.o
                0x080008c4                XMC_SCU_CLOCK_SetPeripheralClockDivider
 .text.XMC_SCU_CLOCK_SetUsbClockDivider
                0x080008ec       0x28 ./Libraries/XMCLib/src/xmc4_scu.o
                0x080008ec                XMC_SCU_CLOCK_SetUsbClockDivider
 .text.XMC_SCU_CLOCK_SetEbuClockDivider
                0x08000914       0x28 ./Libraries/XMCLib/src/xmc4_scu.o
                0x08000914                XMC_SCU_CLOCK_SetEbuClockDivider
 .text.XMC_SCU_CLOCK_SetWdtClockDivider
                0x0800093c       0x28 ./Libraries/XMCLib/src/xmc4_scu.o
                0x0800093c                XMC_SCU_CLOCK_SetWdtClockDivider
 .text.XMC_SCU_CLOCK_SetECATClockDivider
                0x08000964       0x28 ./Libraries/XMCLib/src/xmc4_scu.o
                0x08000964                XMC_SCU_CLOCK_SetECATClockDivider
 .text.XMC_SCU_CLOCK_EnableClock
                0x0800098c       0x20 ./Libraries/XMCLib/src/xmc4_scu.o
                0x0800098c                XMC_SCU_CLOCK_EnableClock
 .text.XMC_SCU_CLOCK_UngatePeripheralClock
                0x080009ac       0x38 ./Libraries/XMCLib/src/xmc4_scu.o
                0x080009ac                XMC_SCU_CLOCK_UngatePeripheralClock
 .text.XMC_SCU_CLOCK_IsPeripheralClockGated
                0x080009e4       0x48 ./Libraries/XMCLib/src/xmc4_scu.o
                0x080009e4                XMC_SCU_CLOCK_IsPeripheralClockGated
 .text.XMC_SCU_CLOCK_EnableUsbPll
                0x08000a2c       0x20 ./Libraries/XMCLib/src/xmc4_scu.o
                0x08000a2c                XMC_SCU_CLOCK_EnableUsbPll
 .text.XMC_SCU_CLOCK_StartUsbPll
                0x08000a4c       0xb4 ./Libraries/XMCLib/src/xmc4_scu.o
                0x08000a4c                XMC_SCU_CLOCK_StartUsbPll
 .text.XMC_SCU_CLOCK_SetBackupClockCalibrationMode
                0x08000b00       0x4c ./Libraries/XMCLib/src/xmc4_scu.o
                0x08000b00                XMC_SCU_CLOCK_SetBackupClockCalibrationMode
 .text.XMC_SCU_HIB_EnableHibernateDomain
                0x08000b4c       0x58 ./Libraries/XMCLib/src/xmc4_scu.o
                0x08000b4c                XMC_SCU_HIB_EnableHibernateDomain
 .text.XMC_SCU_CLOCK_IsLowPowerOscillatorStable
                0x08000ba4       0x24 ./Libraries/XMCLib/src/xmc4_scu.o
                0x08000ba4                XMC_SCU_CLOCK_IsLowPowerOscillatorStable
 .text.XMC_SCU_CLOCK_EnableLowPowerOscillator
                0x08000bc8       0x70 ./Libraries/XMCLib/src/xmc4_scu.o
                0x08000bc8                XMC_SCU_CLOCK_EnableLowPowerOscillator
 .text.XMC_SCU_CLOCK_EnableHighPerformanceOscillator
                0x08000c38       0x50 ./Libraries/XMCLib/src/xmc4_scu.o
                0x08000c38                XMC_SCU_CLOCK_EnableHighPerformanceOscillator
 .text.XMC_SCU_CLOCK_IsHighPerformanceOscillatorStable
                0x08000c88       0x28 ./Libraries/XMCLib/src/xmc4_scu.o
                0x08000c88                XMC_SCU_CLOCK_IsHighPerformanceOscillatorStable
 .text.XMC_SCU_CLOCK_EnableSystemPll
                0x08000cb0       0x20 ./Libraries/XMCLib/src/xmc4_scu.o
                0x08000cb0                XMC_SCU_CLOCK_EnableSystemPll
 .text.XMC_SCU_CLOCK_DisableSystemPll
                0x08000cd0       0x20 ./Libraries/XMCLib/src/xmc4_scu.o
                0x08000cd0                XMC_SCU_CLOCK_DisableSystemPll
 .text.XMC_SCU_CLOCK_StartSystemPll
                0x08000cf0      0x19c ./Libraries/XMCLib/src/xmc4_scu.o
                0x08000cf0                XMC_SCU_CLOCK_StartSystemPll
 .text.XMC_SCU_CLOCK_StepSystemPllFrequency
                0x08000e8c       0x3c ./Libraries/XMCLib/src/xmc4_scu.o
                0x08000e8c                XMC_SCU_CLOCK_StepSystemPllFrequency
 .text.XMC_CAN_IsPanelControlReady
                0x08000ec8       0x28 ./Libraries/XMCLib/src/xmc_can.o
 .text.XMC_CAN_PanelControl
                0x08000ef0       0x3c ./Libraries/XMCLib/src/xmc_can.o
 .text.XMC_CAN_NODE_EnableConfigurationChange
                0x08000f2c       0x20 ./Libraries/XMCLib/src/xmc_can.o
 .text.XMC_CAN_NODE_DisableConfigurationChange
                0x08000f4c       0x20 ./Libraries/XMCLib/src/xmc_can.o
 .text.max      0x08000f6c       0x20 ./Libraries/XMCLib/src/xmc_can.o
 .text.min      0x08000f8c       0x20 ./Libraries/XMCLib/src/xmc_can.o
 .text.XMC_CAN_NODE_NominalBitTimeConfigureEx
                0x08000fac      0x150 ./Libraries/XMCLib/src/xmc_can.o
                0x08000fac                XMC_CAN_NODE_NominalBitTimeConfigureEx
 .text.XMC_CAN_AllocateMOtoNodeList
                0x080010fc       0x3c ./Libraries/XMCLib/src/xmc_can.o
                0x080010fc                XMC_CAN_AllocateMOtoNodeList
 .text.XMC_CAN_Enable
                0x08001138       0x38 ./Libraries/XMCLib/src/xmc_can.o
                0x08001138                XMC_CAN_Enable
 .text.XMC_CAN_SetBaudrateClockSource
                0x08001170       0x2c ./Libraries/XMCLib/src/xmc_can.o
                0x08001170                XMC_CAN_SetBaudrateClockSource
 .text.XMC_CAN_GetBaudrateClockSource
                0x0800119c       0x24 ./Libraries/XMCLib/src/xmc_can.o
                0x0800119c                XMC_CAN_GetBaudrateClockSource
 .text.XMC_CAN_GetBaudrateClockFrequency
                0x080011c0       0x38 ./Libraries/XMCLib/src/xmc_can.o
                0x080011c0                XMC_CAN_GetBaudrateClockFrequency
 .text.XMC_CAN_InitEx
                0x080011f8       0x80 ./Libraries/XMCLib/src/xmc_can.o
                0x080011f8                XMC_CAN_InitEx
 .text.XMC_CAN_MO_SetIdentifier
                0x08001278       0x68 ./Libraries/XMCLib/src/xmc_can.o
                0x08001278                XMC_CAN_MO_SetIdentifier
 .text.XMC_CAN_MO_Config
                0x080012e0      0x138 ./Libraries/XMCLib/src/xmc_can.o
                0x080012e0                XMC_CAN_MO_Config
 .text.XMC_CAN_MO_UpdateData
                0x08001418       0x70 ./Libraries/XMCLib/src/xmc_can.o
                0x08001418                XMC_CAN_MO_UpdateData
 .text.XMC_CAN_MO_Transmit
                0x08001488       0x5c ./Libraries/XMCLib/src/xmc_can.o
                0x08001488                XMC_CAN_MO_Transmit
 .text.XMC_CAN_MO_Receive
                0x080014e4      0x1a0 ./Libraries/XMCLib/src/xmc_can.o
                0x080014e4                XMC_CAN_MO_Receive
 .text.XMC_CAN_NODE_EnableEvent
                0x08001684       0x38 ./Libraries/XMCLib/src/xmc_can.o
                0x08001684                XMC_CAN_NODE_EnableEvent
 .text.XMC_CCU4_StartPrescaler
                0x080016bc       0x1c ./Libraries/XMCLib/src/xmc_ccu4.o
 .text.XMC_CCU4_lDeassertReset
                0x080016d8       0x60 ./Libraries/XMCLib/src/xmc_ccu4.o
 .text.XMC_CCU4_lUngateClock
                0x08001738       0x60 ./Libraries/XMCLib/src/xmc_ccu4.o
 .text.XMC_CCU4_EnableModule
                0x08001798       0x20 ./Libraries/XMCLib/src/xmc_ccu4.o
                0x08001798                XMC_CCU4_EnableModule
 .text.XMC_CCU4_Init
                0x080017b8       0x3c ./Libraries/XMCLib/src/xmc_ccu4.o
                0x080017b8                XMC_CCU4_Init
 .text.XMC_CCU4_SLICE_CompareInit
                0x080017f4       0x6c ./Libraries/XMCLib/src/xmc_ccu4.o
                0x080017f4                XMC_CCU4_SLICE_CompareInit
 .text.XMC_CCU4_SLICE_SetInterruptNode
                0x08001860       0xc8 ./Libraries/XMCLib/src/xmc_ccu4.o
                0x08001860                XMC_CCU4_SLICE_SetInterruptNode
 .text.XMC_GPIO_SetHardwareControl
                0x08001928       0x44 ./Libraries/XMCLib/src/xmc_gpio.o
                0x08001928                XMC_GPIO_SetHardwareControl
 .text.XMC_SPI_CH_InitEx
                0x0800196c       0x8c ./Libraries/XMCLib/src/xmc_spi.o
                0x0800196c                XMC_SPI_CH_InitEx
 .text.XMC_SPI_CH_EnableSlaveSelect
                0x080019f8       0x2c ./Libraries/XMCLib/src/xmc_spi.o
                0x080019f8                XMC_SPI_CH_EnableSlaveSelect
 .text.XMC_USIC_CH_Enable
                0x08001a24       0x98 ./Libraries/XMCLib/src/xmc_usic.o
                0x08001a24                XMC_USIC_CH_Enable
 .text.XMC_USIC_CH_SetBaudrate
                0x08001abc       0xe4 ./Libraries/XMCLib/src/xmc_usic.o
                0x08001abc                XMC_USIC_CH_SetBaudrate
 .text.XMC_USIC_CH_SetBaudrateEx
                0x08001ba0      0x100 ./Libraries/XMCLib/src/xmc_usic.o
                0x08001ba0                XMC_USIC_CH_SetBaudrateEx
 .text.XMC_USIC_CH_TXFIFO_Configure
                0x08001ca0       0x50 ./Libraries/XMCLib/src/xmc_usic.o
                0x08001ca0                XMC_USIC_CH_TXFIFO_Configure
 .text.XMC_USIC_CH_RXFIFO_Configure
                0x08001cf0       0x54 ./Libraries/XMCLib/src/xmc_usic.o
                0x08001cf0                XMC_USIC_CH_RXFIFO_Configure
 .text.XMC_USIC_CH_SetInterruptNodePointer
                0x08001d44       0x38 ./Libraries/XMCLib/src/xmc_usic.o
                0x08001d44                XMC_USIC_CH_SetInterruptNodePointer
 .text.XMC_USIC_Enable
                0x08001d7c       0xc0 ./Libraries/XMCLib/src/xmc_usic.o
                0x08001d7c                XMC_USIC_Enable
 .text._sbrk    0x08001e3c       0x68 ./Libraries/Newlib/syscalls.o
                0x08001e3c                _sbrk
 .text._init    0x08001ea4        0xc ./Libraries/Newlib/syscalls.o
                0x08001ea4                _init
 .text.ucSPI_TransmitReceive
                0x08001eb0       0x1c ./EEPROM/EEPROM_25Series.o
 .text.vSPI_ChipSelect
                0x08001ecc       0x14 ./EEPROM/EEPROM_25Series.o
 .text.xEEPROM_Init
                0x08001ee0       0x10 ./EEPROM/EEPROM_25Series.o
                0x08001ee0                xEEPROM_Init
 .text.xEEPROM_IsReady
                0x08001ef0       0x30 ./EEPROM/EEPROM_25Series.o
                0x08001ef0                xEEPROM_IsReady
 .text.ucEEPROM_ReadStatus
                0x08001f20       0x3c ./EEPROM/EEPROM_25Series.o
 .text.ucEEPROM_ReadByte
                0x08001f5c       0x4c ./EEPROM/EEPROM_25Series.o
                0x08001f5c                ucEEPROM_ReadByte
 .text.vEEPROM_WriteByte
                0x08001fa8       0x5c ./EEPROM/EEPROM_25Series.o
                0x08001fa8                vEEPROM_WriteByte
 .text.xEEPROM_WritePage
                0x08002004       0x80 ./EEPROM/EEPROM_25Series.o
 .text.vEEPROM_Write
                0x08002084       0x94 ./EEPROM/EEPROM_25Series.o
                0x08002084                vEEPROM_Write
 .text.vEEPROM_Read
                0x08002118       0x4c ./EEPROM/EEPROM_25Series.o
                0x08002118                vEEPROM_Read
 .text.XMC_CCU4_EnableClock
                0x08002164       0x20 ./Dave/Generated/TIMER/timer.o
 .text.XMC_CCU4_SLICE_StartTimer
                0x08002184       0x18 ./Dave/Generated/TIMER/timer.o
 .text.XMC_CCU4_SLICE_ClearTimer
                0x0800219c       0x18 ./Dave/Generated/TIMER/timer.o
 .text.XMC_CCU4_SLICE_SetTimerPeriodMatch
                0x080021b4       0x1c ./Dave/Generated/TIMER/timer.o
 .text.XMC_CCU4_SLICE_SetTimerCompareMatch
                0x080021d0       0x1c ./Dave/Generated/TIMER/timer.o
 .text.XMC_CCU4_EnableShadowTransfer
                0x080021ec       0x1c ./Dave/Generated/TIMER/timer.o
 .text.XMC_CCU4_SLICE_EnableEvent
                0x08002208       0x2c ./Dave/Generated/TIMER/timer.o
 .text.XMC_CCU4_SLICE_ClearEvent
                0x08002234       0x24 ./Dave/Generated/TIMER/timer.o
 .text.TIMER_Init
                0x08002258       0x3c ./Dave/Generated/TIMER/timer.o
                0x08002258                TIMER_Init
 .text.TIMER_ClearEvent
                0x08002294       0x24 ./Dave/Generated/TIMER/timer.o
                0x08002294                TIMER_ClearEvent
 .text.TIMER_CCU4_lInit
                0x080022b8       0x98 ./Dave/Generated/TIMER/timer.o
                0x080022b8                TIMER_CCU4_lInit
 .text.TIMER_CCU4_lShadowTransfer
                0x08002350       0x3c ./Dave/Generated/TIMER/timer.o
                0x08002350                TIMER_CCU4_lShadowTransfer
 .text.SPI_MASTER_Init
                0x0800238c       0x20 ./Dave/Generated/SPI_MASTER/spi_master.o
                0x0800238c                SPI_MASTER_Init
 .text.XMC_USIC_CH_SetInputSource
                0x080023ac       0x3c ./Dave/Generated/SPI_MASTER/spi_master_conf.o
 .text.XMC_USIC_CH_SetWordLength
                0x080023e8       0x2c ./Dave/Generated/SPI_MASTER/spi_master_conf.o
 .text.XMC_USIC_CH_SetFrameLength
                0x08002414       0x2c ./Dave/Generated/SPI_MASTER/spi_master_conf.o
 .text.XMC_USIC_CH_ConfigureShiftClockOutput
                0x08002440       0x2c ./Dave/Generated/SPI_MASTER/spi_master_conf.o
 .text.XMC_USIC_CH_SetMode
                0x0800246c       0x28 ./Dave/Generated/SPI_MASTER/spi_master_conf.o
 .text.XMC_SPI_CH_Init
                0x08002494       0x1c ./Dave/Generated/SPI_MASTER/spi_master_conf.o
 .text.XMC_SPI_CH_Start
                0x080024b0       0x18 ./Dave/Generated/SPI_MASTER/spi_master_conf.o
 .text.XMC_SPI_CH_SetBitOrderMsbFirst
                0x080024c8       0x20 ./Dave/Generated/SPI_MASTER/spi_master_conf.o
 .text.XMC_SPI_CH_SetSlaveSelectDelay
                0x080024e8       0x2c ./Dave/Generated/SPI_MASTER/spi_master_conf.o
 .text.XMC_SPI_CH_DisableFEM
                0x08002514       0x20 ./Dave/Generated/SPI_MASTER/spi_master_conf.o
 .text.XMC_SPI_CH_ConfigureShiftClockOutput
                0x08002534       0x1c ./Dave/Generated/SPI_MASTER/spi_master_conf.o
 .text.XMC_SPI_CH_SetWordLength
                0x08002550       0x1c ./Dave/Generated/SPI_MASTER/spi_master_conf.o
 .text.XMC_SPI_CH_SetFrameLength
                0x0800256c       0x1c ./Dave/Generated/SPI_MASTER/spi_master_conf.o
 .text.XMC_SPI_CH_SetInputSource
                0x08002588       0x44 ./Dave/Generated/SPI_MASTER/spi_master_conf.o
 .text.SPI_MASTER_0_lInit
                0x080025cc       0xd4 ./Dave/Generated/SPI_MASTER/spi_master_conf.o
 .text.__NVIC_GetPriorityGrouping
                0x080026a0       0x1c ./Dave/Generated/INTERRUPT/interrupt.o
 .text.__NVIC_EnableIRQ
                0x080026bc       0x38 ./Dave/Generated/INTERRUPT/interrupt.o
 .text.__NVIC_SetPriority
                0x080026f4       0x54 ./Dave/Generated/INTERRUPT/interrupt.o
 .text.NVIC_EncodePriority
                0x08002748       0x64 ./Dave/Generated/INTERRUPT/interrupt.o
 .text.INTERRUPT_Enable
                0x080027ac       0x1c ./Dave/Generated/INTERRUPT/interrupt.o
 .text.INTERRUPT_Init
                0x080027c8       0x4c ./Dave/Generated/INTERRUPT/interrupt.o
                0x080027c8                INTERRUPT_Init
 .text.XMC_CCU4_StartPrescaler
                0x08002814       0x1c ./Dave/Generated/GLOBAL_CCU4/global_ccu4.o
 .text.GLOBAL_CCU4_Init
                0x08002830       0x40 ./Dave/Generated/GLOBAL_CCU4/global_ccu4.o
                0x08002830                GLOBAL_CCU4_Init
 .text.GLOBAL_CAN_Init
                0x08002870       0x44 ./Dave/Generated/GLOBAL_CAN/global_can.o
                0x08002870                GLOBAL_CAN_Init
 .text.DIGITAL_IO_Init
                0x080028b4       0x40 ./Dave/Generated/DIGITAL_IO/digital_io.o
                0x080028b4                DIGITAL_IO_Init
 .text.__NVIC_SetPriorityGrouping
                0x080028f4       0x48 ./Dave/Generated/CPU_CTRL_XMC4/cpu_ctrl_xmc4_conf.o
 .text.SystemCoreSetup
                0x0800293c       0xa0 ./Dave/Generated/CPU_CTRL_XMC4/cpu_ctrl_xmc4_conf.o
                0x0800293c                SystemCoreSetup
 .text.CLOCK_XMC4_Init
                0x080029dc       0x20 ./Dave/Generated/CLOCK_XMC4/clock_xmc4.o
                0x080029dc                CLOCK_XMC4_Init
 .text.OSCHP_GetFrequency
                0x080029fc       0x14 ./Dave/Generated/CLOCK_XMC4/clock_xmc4.o
                0x080029fc                OSCHP_GetFrequency
 .text.XMC_SCU_CLOCK_SetECATClockSource
                0x08002a10       0x28 ./Dave/Generated/CLOCK_XMC4/clock_xmc4_conf.o
 .text.SystemCoreClockSetup
                0x08002a38       0x64 ./Dave/Generated/CLOCK_XMC4/clock_xmc4_conf.o
                0x08002a38                SystemCoreClockSetup
 .text.XMC_CAN_NODE_SetEventNodePointer
                0x08002a9c       0x38 ./Dave/Generated/CAN_NODE/can_node.o
 .text.XMC_CAN_NODE_SetReceiveInput
                0x08002ad4       0x2c ./Dave/Generated/CAN_NODE/can_node.o
 .text.XMC_CAN_NODE_EnableLoopBack
                0x08002b00       0x20 ./Dave/Generated/CAN_NODE/can_node.o
 .text.XMC_CAN_NODE_EnableConfigurationChange
                0x08002b20       0x20 ./Dave/Generated/CAN_NODE/can_node.o
 .text.XMC_CAN_NODE_DisableConfigurationChange
                0x08002b40       0x20 ./Dave/Generated/CAN_NODE/can_node.o
 .text.XMC_CAN_NODE_SetInitBit
                0x08002b60       0x20 ./Dave/Generated/CAN_NODE/can_node.o
 .text.XMC_CAN_NODE_ResetInitBit
                0x08002b80       0x20 ./Dave/Generated/CAN_NODE/can_node.o
 .text.XMC_CAN_NODE_ReSetAnalyzerMode
                0x08002ba0       0x20 ./Dave/Generated/CAN_NODE/can_node.o
 .text.XMC_CAN_MO_SetEventNodePointer
                0x08002bc0       0x3c ./Dave/Generated/CAN_NODE/can_node.o
 .text.XMC_CAN_MO_GetStatus
                0x08002bfc       0x1c ./Dave/Generated/CAN_NODE/can_node.o
 .text.XMC_CAN_MO_ResetStatus
                0x08002c18       0x1c ./Dave/Generated/CAN_NODE/can_node.o
 .text.XMC_CAN_MO_EnableEvent
                0x08002c34       0x24 ./Dave/Generated/CAN_NODE/can_node.o
 .text.CAN_NODE_MO_EnableTxEvent
                0x08002c58       0x1c ./Dave/Generated/CAN_NODE/can_node.o
 .text.CAN_NODE_MO_EnableRxEvent
                0x08002c74       0x1c ./Dave/Generated/CAN_NODE/can_node.o
 .text.CAN_NODE_SetNodeEvents
                0x08002c90       0x74 ./Dave/Generated/CAN_NODE/can_node.o
 .text.CAN_NODE_SetNodePointer
                0x08002d04       0x68 ./Dave/Generated/CAN_NODE/can_node.o
 .text.CAN_NODE_MO_Init
                0x08002d6c       0x58 ./Dave/Generated/CAN_NODE/can_node.o
                0x08002d6c                CAN_NODE_MO_Init
 .text.CAN_NODE_MO_Transmit
                0x08002dc4       0x24 ./Dave/Generated/CAN_NODE/can_node.o
                0x08002dc4                CAN_NODE_MO_Transmit
 .text.CAN_NODE_MO_Receive
                0x08002de8       0x24 ./Dave/Generated/CAN_NODE/can_node.o
                0x08002de8                CAN_NODE_MO_Receive
 .text.CAN_NODE_MO_UpdateData
                0x08002e0c       0x40 ./Dave/Generated/CAN_NODE/can_node.o
                0x08002e0c                CAN_NODE_MO_UpdateData
 .text.CAN_NODE_MO_GetStatus
                0x08002e4c       0x20 ./Dave/Generated/CAN_NODE/can_node.o
                0x08002e4c                CAN_NODE_MO_GetStatus
 .text.CAN_NODE_MO_ClearStatus
                0x08002e6c       0x1c ./Dave/Generated/CAN_NODE/can_node.o
                0x08002e6c                CAN_NODE_MO_ClearStatus
 .text.CAN_NODE_Init
                0x08002e88      0x148 ./Dave/Generated/CAN_NODE/can_node.o
                0x08002e88                CAN_NODE_Init
 .text.DAVE_Init
                0x08002fd0       0x9c ./Dave/Generated/DAVE.o
                0x08002fd0                DAVE_Init
 .text.CO_getUint32
                0x0800306c       0x20 ./CANopen/stack/storage/CO_storage.o
 .text.OD_extension_init
                0x0800308c       0x2c ./CANopen/stack/storage/CO_storage.o
 .text.OD_write_1010
                0x080030b8      0x118 ./CANopen/stack/storage/CO_storage.o
 .text.OD_write_1011
                0x080031d0      0x118 ./CANopen/stack/storage/CO_storage.o
 .text.CO_storage_init
                0x080032e8       0x98 ./CANopen/stack/storage/CO_storage.o
                0x080032e8                CO_storage_init
 .text.storeEeprom
                0x08003380       0xcc ./CANopen/stack/storage/CO_storageEeprom.o
 .text.restoreEeprom
                0x0800344c       0x60 ./CANopen/stack/storage/CO_storageEeprom.o
 .text.CO_storageEeprom_init
                0x080034ac      0x258 ./CANopen/stack/storage/CO_storageEeprom.o
                0x080034ac                CO_storageEeprom_init
 .text.CO_LSSslave_receive
                0x08003704      0x2f0 ./CANopen/stack/305/CO_LSSslave.o
 .text.CO_LSSslave_init
                0x080039f4       0xec ./CANopen/stack/305/CO_LSSslave.o
                0x080039f4                CO_LSSslave_init
 .text.CO_LSSslave_process
                0x08003ae0      0x460 ./CANopen/stack/305/CO_LSSslave.o
                0x08003ae0                CO_LSSslave_process
 .text.CO_LEDs_init
                0x08003f40       0x2c ./CANopen/stack/303/CO_LEDs.o
                0x08003f40                CO_LEDs_init
 .text.CO_LEDs_process
                0x08003f6c      0x334 ./CANopen/stack/303/CO_LEDs.o
                0x08003f6c                CO_LEDs_process
 .text.CO_getUint8
                0x080042a0       0x1c ./CANopen/stack/301/CO_Emergency.o
 .text.CO_setUint8
                0x080042bc       0x20 ./CANopen/stack/301/CO_Emergency.o
 .text.CO_setUint32
                0x080042dc       0x20 ./CANopen/stack/301/CO_Emergency.o
 .text.OD_getIndex
                0x080042fc       0x24 ./CANopen/stack/301/CO_Emergency.o
 .text.OD_extension_init
                0x08004320       0x2c ./CANopen/stack/301/CO_Emergency.o
 .text.OD_get_u32
                0x0800434c       0x2c ./CANopen/stack/301/CO_Emergency.o
 .text.OD_read_1014_default
                0x08004378       0x74 ./CANopen/stack/301/CO_Emergency.o
 .text.OD_read_1003
                0x080043ec       0xe0 ./CANopen/stack/301/CO_Emergency.o
 .text.OD_write_1003
                0x080044cc       0x64 ./CANopen/stack/301/CO_Emergency.o
 .text.CO_EM_init
                0x08004530      0x1bc ./CANopen/stack/301/CO_Emergency.o
                0x08004530                CO_EM_init
 .text.CO_EM_process
                0x080046ec      0x2a0 ./CANopen/stack/301/CO_Emergency.o
                0x080046ec                CO_EM_process
 .text.CO_error
                0x0800498c      0x150 ./CANopen/stack/301/CO_Emergency.o
                0x0800498c                CO_error
 .text.CO_getUint32
                0x08004adc       0x20 ./CANopen/stack/301/CO_HBconsumer.o
 .text.OD_getIndex
                0x08004afc       0x24 ./CANopen/stack/301/CO_HBconsumer.o
 .text.OD_extension_init
                0x08004b20       0x2c ./CANopen/stack/301/CO_HBconsumer.o
 .text.OD_get_u32
                0x08004b4c       0x2c ./CANopen/stack/301/CO_HBconsumer.o
 .text.CO_HBcons_receive
                0x08004b78       0x3c ./CANopen/stack/301/CO_HBconsumer.o
 .text.OD_write_1016
                0x08004bb4       0x90 ./CANopen/stack/301/CO_HBconsumer.o
 .text.CO_HBconsumer_init
                0x08004c44      0x150 ./CANopen/stack/301/CO_HBconsumer.o
                0x08004c44                CO_HBconsumer_init
 .text.CO_HBconsumer_initEntry
                0x08004d94      0x130 ./CANopen/stack/301/CO_HBconsumer.o
 .text.CO_HBconsumer_process
                0x08004ec4      0x1ac ./CANopen/stack/301/CO_HBconsumer.o
                0x08004ec4                CO_HBconsumer_process
 .text.CO_getUint16
                0x08005070       0x20 ./CANopen/stack/301/CO_NMT_Heartbeat.o
 .text.OD_getIndex
                0x08005090       0x24 ./CANopen/stack/301/CO_NMT_Heartbeat.o
 .text.OD_extension_init
                0x080050b4       0x2c ./CANopen/stack/301/CO_NMT_Heartbeat.o
 .text.OD_get_u16
                0x080050e0       0x2c ./CANopen/stack/301/CO_NMT_Heartbeat.o
 .text.CO_isError
                0x0800510c       0x50 ./CANopen/stack/301/CO_NMT_Heartbeat.o
 .text.CO_getErrorRegister
                0x0800515c       0x2c ./CANopen/stack/301/CO_NMT_Heartbeat.o
 .text.CO_NMT_receive
                0x08005188       0x4c ./CANopen/stack/301/CO_NMT_Heartbeat.o
 .text.OD_write_1017
                0x080051d4       0x6c ./CANopen/stack/301/CO_NMT_Heartbeat.o
 .text.CO_NMT_init
                0x08005240      0x174 ./CANopen/stack/301/CO_NMT_Heartbeat.o
                0x08005240                CO_NMT_init
 .text.CO_NMT_process
                0x080053b4      0x1d8 ./CANopen/stack/301/CO_NMT_Heartbeat.o
                0x080053b4                CO_NMT_process
 .text.OD_readOriginal
                0x0800558c       0xb0 ./CANopen/stack/301/CO_ODinterface.o
                0x0800558c                OD_readOriginal
 .text.OD_writeOriginal
                0x0800563c       0xbc ./CANopen/stack/301/CO_ODinterface.o
                0x0800563c                OD_writeOriginal
 .text.OD_readDisabled
                0x080056f8       0x20 ./CANopen/stack/301/CO_ODinterface.o
 .text.OD_writeDisabled
                0x08005718       0x20 ./CANopen/stack/301/CO_ODinterface.o
 .text.OD_find  0x08005738       0xb8 ./CANopen/stack/301/CO_ODinterface.o
                0x08005738                OD_find
 .text.OD_getSub
                0x080057f0      0x1e0 ./CANopen/stack/301/CO_ODinterface.o
                0x080057f0                OD_getSub
 .text.OD_getSDOabCode
                0x080059d0       0x3c ./CANopen/stack/301/CO_ODinterface.o
                0x080059d0                OD_getSDOabCode
 .text.OD_get_value
                0x08005a0c       0x74 ./CANopen/stack/301/CO_ODinterface.o
                0x08005a0c                OD_get_value
 .text.OD_set_value
                0x08005a80       0x68 ./CANopen/stack/301/CO_ODinterface.o
                0x08005a80                OD_set_value
 .text.OD_getPtr
                0x08005ae8       0x8c ./CANopen/stack/301/CO_ODinterface.o
                0x08005ae8                OD_getPtr
 .text.CO_getUint8
                0x08005b74       0x1c ./CANopen/stack/301/CO_PDO.o
 .text.CO_getUint16
                0x08005b90       0x20 ./CANopen/stack/301/CO_PDO.o
 .text.CO_getUint32
                0x08005bb0       0x20 ./CANopen/stack/301/CO_PDO.o
 .text.CO_setUint32
                0x08005bd0       0x20 ./CANopen/stack/301/CO_PDO.o
 .text.OD_getIndex
                0x08005bf0       0x24 ./CANopen/stack/301/CO_PDO.o
 .text.OD_extension_init
                0x08005c14       0x2c ./CANopen/stack/301/CO_PDO.o
 .text.OD_get_u8
                0x08005c40       0x2c ./CANopen/stack/301/CO_PDO.o
 .text.OD_get_u16
                0x08005c6c       0x2c ./CANopen/stack/301/CO_PDO.o
 .text.OD_get_u32
                0x08005c98       0x2c ./CANopen/stack/301/CO_PDO.o
 .text.OD_write_dummy
                0x08005cc4       0x2c ./CANopen/stack/301/CO_PDO.o
 .text.OD_read_dummy
                0x08005cf0       0x50 ./CANopen/stack/301/CO_PDO.o
 .text.PDOconfigMap
                0x08005d40      0x188 ./CANopen/stack/301/CO_PDO.o
 .text.PDO_initMapping
                0x08005ec8      0x15c ./CANopen/stack/301/CO_PDO.o
 .text.OD_write_PDO_mapping
                0x08006024      0x140 ./CANopen/stack/301/CO_PDO.o
 .text.OD_read_PDO_commParam
                0x08006164       0x9c ./CANopen/stack/301/CO_PDO.o
 .text.CO_RPDO_process
                0x08006200      0x26c ./CANopen/stack/301/CO_PDO.o
                0x08006200                CO_RPDO_process
 .text.OD_write_18xx
                0x0800646c      0x2a0 ./CANopen/stack/301/CO_PDO.o
 .text.CO_TPDO_init
                0x0800670c      0x2fc ./CANopen/stack/301/CO_PDO.o
                0x0800670c                CO_TPDO_init
 .text.CO_TPDOsend
                0x08006a08      0x14c ./CANopen/stack/301/CO_PDO.o
 .text.CO_TPDO_process
                0x08006b54      0x200 ./CANopen/stack/301/CO_PDO.o
                0x08006b54                CO_TPDO_process
 .text.CO_getUint8
                0x08006d54       0x1c ./CANopen/stack/301/CO_SDOserver.o
 .text.CO_getUint32
                0x08006d70       0x20 ./CANopen/stack/301/CO_SDOserver.o
 .text.OD_getIndex
                0x08006d90       0x24 ./CANopen/stack/301/CO_SDOserver.o
 .text.OD_mappable
                0x08006db4       0x2c ./CANopen/stack/301/CO_SDOserver.o
 .text.OD_extension_init
                0x08006de0       0x2c ./CANopen/stack/301/CO_SDOserver.o
 .text.OD_get_u8
                0x08006e0c       0x2c ./CANopen/stack/301/CO_SDOserver.o
 .text.OD_get_u32
                0x08006e38       0x2c ./CANopen/stack/301/CO_SDOserver.o
 .text.OD_set_u32
                0x08006e64       0x2c ./CANopen/stack/301/CO_SDOserver.o
 .text.CO_SDO_receive
                0x08006e90       0x58 ./CANopen/stack/301/CO_SDOserver.o
 .text.CO_SDOserver_init_canRxTx
                0x08006ee8       0xd8 ./CANopen/stack/301/CO_SDOserver.o
 .text.OD_write_1201_additional
                0x08006fc0      0x224 ./CANopen/stack/301/CO_SDOserver.o
 .text.CO_SDOserver_init
                0x080071e4      0x22c ./CANopen/stack/301/CO_SDOserver.o
                0x080071e4                CO_SDOserver_init
 .text.validateAndWriteToOD
                0x08007410      0x200 ./CANopen/stack/301/CO_SDOserver.o
 .text.readFromOd
                0x08007610      0x174 ./CANopen/stack/301/CO_SDOserver.o
 .text.CO_SDOserver_process
                0x08007784      0xa38 ./CANopen/stack/301/CO_SDOserver.o
                0x08007784                CO_SDOserver_process
 .text.CO_getUint8
                0x080081bc       0x1c ./CANopen/stack/301/CO_SYNC.o
 .text.CO_getUint32
                0x080081d8       0x20 ./CANopen/stack/301/CO_SYNC.o
 .text.OD_getIndex
                0x080081f8       0x24 ./CANopen/stack/301/CO_SYNC.o
 .text.OD_extension_init
                0x0800821c       0x2c ./CANopen/stack/301/CO_SYNC.o
 .text.OD_get_u8
                0x08008248       0x2c ./CANopen/stack/301/CO_SYNC.o
 .text.OD_get_u32
                0x08008274       0x2c ./CANopen/stack/301/CO_SYNC.o
 .text.CO_SYNCsend
                0x080082a0       0x64 ./CANopen/stack/301/CO_SYNC.o
 .text.CO_SYNC_receive
                0x08008304       0x8c ./CANopen/stack/301/CO_SYNC.o
 .text.OD_write_1005
                0x08008390      0x18c ./CANopen/stack/301/CO_SYNC.o
 .text.OD_write_1019
                0x0800851c       0xc0 ./CANopen/stack/301/CO_SYNC.o
 .text.CO_SYNC_init
                0x080085dc      0x244 ./CANopen/stack/301/CO_SYNC.o
                0x080085dc                CO_SYNC_init
 .text.CO_SYNC_process
                0x08008820      0x17c ./CANopen/stack/301/CO_SYNC.o
                0x08008820                CO_SYNC_process
 .text.CO_getUint16
                0x0800899c       0x20 ./CANopen/stack/301/CO_TIME.o
 .text.CO_getUint32
                0x080089bc       0x20 ./CANopen/stack/301/CO_TIME.o
 .text.OD_getIndex
                0x080089dc       0x24 ./CANopen/stack/301/CO_TIME.o
 .text.OD_extension_init
                0x08008a00       0x2c ./CANopen/stack/301/CO_TIME.o
 .text.OD_get_u32
                0x08008a2c       0x2c ./CANopen/stack/301/CO_TIME.o
 .text.CO_TIME_receive
                0x08008a58       0x38 ./CANopen/stack/301/CO_TIME.o
 .text.OD_write_1012
                0x08008a90       0xe4 ./CANopen/stack/301/CO_TIME.o
 .text.CO_TIME_init
                0x08008b74       0xfc ./CANopen/stack/301/CO_TIME.o
                0x08008b74                CO_TIME_init
 .text.CO_TIME_process
                0x08008c70       0xf0 ./CANopen/stack/301/CO_TIME.o
                0x08008c70                CO_TIME_process
 .text.crc16_ccitt
                0x08008d60       0x60 ./CANopen/stack/301/crc16-ccitt.o
                0x08008d60                crc16_ccitt
 .text.CO_isError
                0x08008dc0       0x50 ./CANopen/stack/CANopen.o
 .text.CO_getErrorRegister
                0x08008e10       0x2c ./CANopen/stack/CANopen.o
 .text.CO_NMT_getInternalState
                0x08008e3c       0x28 ./CANopen/stack/CANopen.o
 .text.CO_LSSslave_getState
                0x08008e64       0x24 ./CANopen/stack/CANopen.o
 .text.CO_new   0x08008e88      0x258 ./CANopen/stack/CANopen.o
                0x08008e88                CO_new
 .text.CO_delete
                0x080090e0       0xbc ./CANopen/stack/CANopen.o
                0x080090e0                CO_delete
 .text.CO_CANinit
                0x0800919c       0x58 ./CANopen/stack/CANopen.o
                0x0800919c                CO_CANinit
 .text.CO_LSSinit
                0x080091f4       0x58 ./CANopen/stack/CANopen.o
                0x080091f4                CO_LSSinit
 .text.CO_CANopenInit
                0x0800924c      0x290 ./CANopen/stack/CANopen.o
                0x0800924c                CO_CANopenInit
 .text.CO_CANopenInitPDO
                0x080094dc       0xfc ./CANopen/stack/CANopen.o
                0x080094dc                CO_CANopenInitPDO
 .text.CO_process
                0x080095d8      0x1ec ./CANopen/stack/CANopen.o
                0x080095d8                CO_process
 .text.CO_process_SYNC
                0x080097c4       0x7c ./CANopen/stack/CANopen.o
                0x080097c4                CO_process_SYNC
 .text.CO_process_RPDO
                0x08009840       0x70 ./CANopen/stack/CANopen.o
                0x08009840                CO_process_RPDO
 .text.CO_process_TPDO
                0x080098b0       0x70 ./CANopen/stack/CANopen.o
                0x080098b0                CO_process_TPDO
 .text.__NVIC_SystemReset
                0x08009920       0x28 ./CANopen/hardware/CANopenHardware.o
 .text.CAN_NODE_MO_UpdateID
                0x08009948       0x1c ./CANopen/hardware/CANopenHardware.o
 .text.xCANopenHardwareInit
                0x08009964       0x10 ./CANopen/hardware/CANopenHardware.o
                0x08009964                xCANopenHardwareInit
 .text.vResetModule
                0x08009974        0x8 ./CANopen/hardware/CANopenHardware.o
                0x08009974                vResetModule
 .text.xCANTransmitMessage
                0x0800997c       0x48 ./CANopen/hardware/CANopenHardware.o
                0x0800997c                xCANTransmitMessage
 .text.xCANReceiveMessage
                0x080099c4       0x80 ./CANopen/hardware/CANopenHardware.o
                0x080099c4                xCANReceiveMessage
 .text.CO_CANsetConfigurationMode
                0x08009a44       0x14 ./CANopen/driver/CO_driver_target.o
                0x08009a44                CO_CANsetConfigurationMode
 .text.CO_CANsetNormalMode
                0x08009a58       0x18 ./CANopen/driver/CO_driver_target.o
                0x08009a58                CO_CANsetNormalMode
 .text.CO_CANmodule_init
                0x08009a70      0x110 ./CANopen/driver/CO_driver_target.o
                0x08009a70                CO_CANmodule_init
 .text.CO_CANmodule_disable
                0x08009b80       0x14 ./CANopen/driver/CO_driver_target.o
                0x08009b80                CO_CANmodule_disable
 .text.CO_CANrxBufferInit
                0x08009b94       0xa4 ./CANopen/driver/CO_driver_target.o
                0x08009b94                CO_CANrxBufferInit
 .text.CO_CANtxBufferInit
                0x08009c38       0x6c ./CANopen/driver/CO_driver_target.o
                0x08009c38                CO_CANtxBufferInit
 .text.CO_CANsend
                0x08009ca4       0x74 ./CANopen/driver/CO_driver_target.o
                0x08009ca4                CO_CANsend
 .text.CO_CANclearPendingSyncPDOs
                0x08009d18       0x90 ./CANopen/driver/CO_driver_target.o
                0x08009d18                CO_CANclearPendingSyncPDOs
 .text.CO_CANmodule_process
                0x08009da8       0xd4 ./CANopen/driver/CO_driver_target.o
                0x08009da8                CO_CANmodule_process
 .text.CO_CANinterrupt
                0x08009e7c       0xd4 ./CANopen/driver/CO_driver_target.o
                0x08009e7c                CO_CANinterrupt
 .text.CO_eeprom_init
                0x08009f50       0x20 ./CANopen/driver/CO_storageBlank.o
                0x08009f50                CO_eeprom_init
 .text.CO_eeprom_getAddr
                0x08009f70       0x8c ./CANopen/driver/CO_storageBlank.o
                0x08009f70                CO_eeprom_getAddr
 .text.CO_eeprom_readBlock
                0x08009ffc       0x28 ./CANopen/driver/CO_storageBlank.o
                0x08009ffc                CO_eeprom_readBlock
 .text.CO_eeprom_writeBlock
                0x0800a024       0x34 ./CANopen/driver/CO_storageBlank.o
                0x0800a024                CO_eeprom_writeBlock
 .text.CO_eeprom_getCrcBlock
                0x0800a058       0x4c ./CANopen/driver/CO_storageBlank.o
                0x0800a058                CO_eeprom_getCrcBlock
 .text.xCANopenNodeInit
                0x0800a0a4      0x22c ./CANopen/CANopenNode.o
                0x0800a0a4                xCANopenNodeInit
 .text.vCANopenNodeProcess
                0x0800a2d0       0x50 ./CANopen/CANopenNode.o
                0x0800a2d0                vCANopenNodeProcess
 .text.vCANopenNodeTimerInterrupt
                0x0800a320       0x60 ./CANopen/CANopenNode.o
                0x0800a320                vCANopenNodeTimerInterrupt
 .text.vCANopenNodeReceiveInterrupt
                0x0800a380       0x18 ./CANopen/CANopenNode.o
                0x0800a380                vCANopenNodeReceiveInterrupt
 .text.main     0x0800a398       0x20 ./main.o
                0x0800a398                main
 .text.CCU43_1_IRQHandler
                0x0800a3b8       0x14 ./main.o
                0x0800a3b8                CCU43_1_IRQHandler
 .text.CAN0_1_IRQHandler
                0x0800a3cc        0xc ./main.o
                0x0800a3cc                CAN0_1_IRQHandler
 .text.calloc   0x0800a3d8       0x14 d:/programs/infineon/tools/dave ide/4.5.0.202105191637/eclipse/arm-gcc-49/bin/../lib/gcc/arm-none-eabi/4.9.3/../../../../arm-none-eabi/lib/armv7e-m/softfp\libg_nano.a(lib_a-calloc.o)
                0x0800a3d8                calloc
 .text.__errno  0x0800a3ec        0xc d:/programs/infineon/tools/dave ide/4.5.0.202105191637/eclipse/arm-gcc-49/bin/../lib/gcc/arm-none-eabi/4.9.3/../../../../arm-none-eabi/lib/armv7e-m/softfp\libg_nano.a(lib_a-errno.o)
                0x0800a3ec                __errno
 .text.__libc_init_array
                0x0800a3f8       0x4c d:/programs/infineon/tools/dave ide/4.5.0.202105191637/eclipse/arm-gcc-49/bin/../lib/gcc/arm-none-eabi/4.9.3/../../../../arm-none-eabi/lib/armv7e-m/softfp\libg_nano.a(lib_a-init.o)
                0x0800a3f8                __libc_init_array
 .text.malloc   0x0800a444       0x10 d:/programs/infineon/tools/dave ide/4.5.0.202105191637/eclipse/arm-gcc-49/bin/../lib/gcc/arm-none-eabi/4.9.3/../../../../arm-none-eabi/lib/armv7e-m/softfp\libg_nano.a(lib_a-malloc.o)
                0x0800a444                malloc
 .text.free     0x0800a454       0x10 d:/programs/infineon/tools/dave ide/4.5.0.202105191637/eclipse/arm-gcc-49/bin/../lib/gcc/arm-none-eabi/4.9.3/../../../../arm-none-eabi/lib/armv7e-m/softfp\libg_nano.a(lib_a-malloc.o)
                0x0800a454                free
 .text.memcpy   0x0800a464       0x16 d:/programs/infineon/tools/dave ide/4.5.0.202105191637/eclipse/arm-gcc-49/bin/../lib/gcc/arm-none-eabi/4.9.3/../../../../arm-none-eabi/lib/armv7e-m/softfp\libg_nano.a(lib_a-memcpy.o)
                0x0800a464                memcpy
 .text.memmove  0x0800a47a       0x36 d:/programs/infineon/tools/dave ide/4.5.0.202105191637/eclipse/arm-gcc-49/bin/../lib/gcc/arm-none-eabi/4.9.3/../../../../arm-none-eabi/lib/armv7e-m/softfp\libg_nano.a(lib_a-memmove.o)
                0x0800a47a                memmove
 .text.memset   0x0800a4b0       0x10 d:/programs/infineon/tools/dave ide/4.5.0.202105191637/eclipse/arm-gcc-49/bin/../lib/gcc/arm-none-eabi/4.9.3/../../../../arm-none-eabi/lib/armv7e-m/softfp\libg_nano.a(lib_a-memset.o)
                0x0800a4b0                memset
 .text._calloc_r
                0x0800a4c0       0x1c d:/programs/infineon/tools/dave ide/4.5.0.202105191637/eclipse/arm-gcc-49/bin/../lib/gcc/arm-none-eabi/4.9.3/../../../../arm-none-eabi/lib/armv7e-m/softfp\libg_nano.a(lib_a-nano-callocr.o)
                0x0800a4c0                _calloc_r
 .text._free_r  0x0800a4dc       0x88 d:/programs/infineon/tools/dave ide/4.5.0.202105191637/eclipse/arm-gcc-49/bin/../lib/gcc/arm-none-eabi/4.9.3/../../../../arm-none-eabi/lib/armv7e-m/softfp\libg_nano.a(lib_a-nano-freer.o)
                0x0800a4dc                _free_r
 .text._malloc_r
                0x0800a564       0xac d:/programs/infineon/tools/dave ide/4.5.0.202105191637/eclipse/arm-gcc-49/bin/../lib/gcc/arm-none-eabi/4.9.3/../../../../arm-none-eabi/lib/armv7e-m/softfp\libg_nano.a(lib_a-nano-mallocr.o)
                0x0800a564                _malloc_r
 .text._sbrk_r  0x0800a610       0x20 d:/programs/infineon/tools/dave ide/4.5.0.202105191637/eclipse/arm-gcc-49/bin/../lib/gcc/arm-none-eabi/4.9.3/../../../../arm-none-eabi/lib/armv7e-m/softfp\libg_nano.a(lib_a-sbrkr.o)
                0x0800a610                _sbrk_r
 .text.strlen   0x0800a630       0x10 d:/programs/infineon/tools/dave ide/4.5.0.202105191637/eclipse/arm-gcc-49/bin/../lib/gcc/arm-none-eabi/4.9.3/../../../../arm-none-eabi/lib/armv7e-m/softfp\libg_nano.a(lib_a-strlen.o)
                0x0800a630                strlen
 *(.init)
 *(.fini)
 *crtbegin.o(.ctors)
 *crtbegin?.o(.ctors)
 *(EXCLUDE_FILE(*crtend.o *crtend?.o) .ctors)
 *(SORT(.ctors.*))
 *(.ctors)
 *crtbegin.o(.dtors)
 *crtbegin?.o(.dtors)
 *(EXCLUDE_FILE(*crtend.o *crtend?.o) .dtors)
 *(SORT(.dtors.*))
 *(.dtors)
 *(.rodata .rodata.*)
 .rodata.SPI_MASTER_0_MOSI
                0x0800a640        0x8 ./Dave/Generated/SPI_MASTER/spi_master_conf.o
                0x0800a640                SPI_MASTER_0_MOSI
 .rodata.SPI_MASTER_0_MISO
                0x0800a648        0x8 ./Dave/Generated/SPI_MASTER/spi_master_conf.o
                0x0800a648                SPI_MASTER_0_MISO
 .rodata.SPI_MASTER_0_SCLKOUT
                0x0800a650        0x8 ./Dave/Generated/SPI_MASTER/spi_master_conf.o
                0x0800a650                SPI_MASTER_0_SCLKOUT
 .rodata.SPI_MASTER_0_SCLKOUT_Config
                0x0800a658       0x14 ./Dave/Generated/SPI_MASTER/spi_master_conf.o
                0x0800a658                SPI_MASTER_0_SCLKOUT_Config
 .rodata.SPI_MASTER_0_SS_0
                0x0800a66c        0x8 ./Dave/Generated/SPI_MASTER/spi_master_conf.o
                0x0800a66c                SPI_MASTER_0_SS_0
 .rodata.SPI_MASTER_0_SS_0_Config
                0x0800a674       0x14 ./Dave/Generated/SPI_MASTER/spi_master_conf.o
                0x0800a674                SPI_MASTER_0_SS_0_Config
 .rodata.SPI_MASTER_0_Config
                0x0800a688       0x8c ./Dave/Generated/SPI_MASTER/spi_master_conf.o
                0x0800a688                SPI_MASTER_0_Config
 .rodata.TIMER_INTERRUPT_0
                0x0800a714        0x4 ./Dave/Generated/INTERRUPT/interrupt_conf.o
                0x0800a714                TIMER_INTERRUPT_0
 .rodata.CAN_RECEIVE_INTERRUPT_1
                0x0800a718        0x4 ./Dave/Generated/INTERRUPT/interrupt_conf.o
                0x0800a718                CAN_RECEIVE_INTERRUPT_1
 .rodata.DIGITAL_IO_0
                0x0800a71c       0x14 ./Dave/Generated/DIGITAL_IO/digital_io_conf.o
                0x0800a71c                DIGITAL_IO_0
 .rodata        0x0800a730       0x14 ./Dave/Generated/CLOCK_XMC4/clock_xmc4_conf.o
 .rodata.CAN_NODE_0_gpio_out
                0x0800a744        0x8 ./Dave/Generated/CAN_NODE/can_node_conf.o
 .rodata.CAN_NODE_0_gpio_out_config
                0x0800a74c        0xc ./Dave/Generated/CAN_NODE/can_node_conf.o
 .rodata.CAN_NODE_0_gpio_in
                0x0800a758        0x8 ./Dave/Generated/CAN_NODE/can_node_conf.o
 .rodata.CAN_NODE_0_gpio_in_config
                0x0800a760        0xc ./Dave/Generated/CAN_NODE/can_node_conf.o
 .rodata.CAN_NODE_0_BitTimeConfig
                0x0800a76c        0xc ./Dave/Generated/CAN_NODE/can_node_conf.o
 .rodata.CAN_NODE_0_sr
                0x0800a778        0x4 ./Dave/Generated/CAN_NODE/can_node_conf.o
 .rodata.CAN_NODE_0_LMO_01_Config
                0x0800a77c        0xc ./Dave/Generated/CAN_NODE/can_node_conf.o
                0x0800a77c                CAN_NODE_0_LMO_01_Config
 .rodata.CAN_NODE_0_LMO_02_Config
                0x0800a788        0xc ./Dave/Generated/CAN_NODE/can_node_conf.o
                0x0800a788                CAN_NODE_0_LMO_02_Config
 .rodata.CAN_NODE_0
                0x0800a794       0xa8 ./Dave/Generated/CAN_NODE/can_node_conf.o
                0x0800a794                CAN_NODE_0
 .rodata.CO_LSS_bitTimingTableLookup
                0x0800a83c       0x14 ./CANopen/stack/305/CO_LSSslave.o
 .rodata.abortCodes.5020
                0x0800a850       0x68 ./CANopen/stack/301/CO_ODinterface.o
 .rodata.crc16_ccitt_table
                0x0800a8b8      0x200 ./CANopen/stack/301/crc16-ccitt.o
 .rodata.ODObjs
                0x0800aab8      0xa90 ./CANopen/driver/OD.o
 .rodata.str1.1
                0x0800b548        0x2 d:/programs/infineon/tools/dave ide/4.5.0.202105191637/eclipse/arm-gcc-49/bin/../lib/gcc/arm-none-eabi/4.9.3/../../../../arm-none-eabi/lib/armv7e-m/softfp\libg_nano.a(lib_a-impure.o)
 *(.gnu.linkonce.r*)
 *(vtable)
                0x0800b54c                . = ALIGN (0x4)
 *fill*         0x0800b54a        0x2 

.glue_7         0x0800b54c        0x0 load address 0x0c00b54c
 .glue_7        0x00000000        0x0 linker stubs

.glue_7t        0x0800b54c        0x0 load address 0x0c00b54c
 .glue_7t       0x00000000        0x0 linker stubs

.vfp11_veneer   0x0800b54c        0x0 load address 0x0c00b54c
 .vfp11_veneer  0x00000000        0x0 linker stubs

.v4_bx          0x0800b54c        0x0 load address 0x0c00b54c
 .v4_bx         0x00000000        0x0 linker stubs

.iplt           0x0800b54c        0x0 load address 0x0c00b54c
 .iplt          0x00000000        0x0 ./Startup/startup_XMC4800.o

.rel.dyn        0x0800b54c        0x0 load address 0x0c00b54c
 .rel.iplt      0x00000000        0x0 ./Startup/startup_XMC4800.o

.eh_frame_hdr
 *(.eh_frame_hdr)

.eh_frame
 *(.eh_frame)

.ARM.extab
 *(.ARM.extab* .gnu.linkonce.armextab.*)
                0x0800b54c                . = ALIGN (0x4)
                0x0800b54c                __exidx_start = .

.ARM.exidx
 *(.ARM.exidx* .gnu.linkonce.armexidx.*)
                0x0800b54c                __exidx_end = .
                0x0800b54c                . = ALIGN (0x4)

Stack           0x1ffe8000      0x800
                0x1ffe8000                __stack_start = .
                0x1ffe8800                . = (. + stack_size)
 *fill*         0x1ffe8000      0x800 
                0x1ffe8800                __stack_end = .
                0x1ffe8800                __initial_sp = .

.ram_code       0x1ffe8800        0x0 load address 0x0c00b54c
                0x1ffe8800                . = ALIGN (0x4)
                0x1ffe8800                __ram_code_start = .
 *(.ram_code)
                0x1ffe8800                . = ALIGN (0x4)
                0x1ffe8800                __ram_code_end = .
                0x0c00b54c                __ram_code_load = LOADADDR (.ram_code)
                0x00000000                __ram_code_size = (__ram_code_end - __ram_code_start)

.data           0x1ffe8800      0xb80 load address 0x0c00b54c
                0x1ffe8800                . = ALIGN (0x4)
                0x1ffe8800                __data_start = .
 *(.data)
 *(.data*)
 .data.TIMER_0_config
                0x1ffe8800        0x8 ./Dave/Generated/TIMER/timer_conf.o
                0x1ffe8800                TIMER_0_config
 .data.TIMER_0  0x1ffe8808       0x28 ./Dave/Generated/TIMER/timer_conf.o
                0x1ffe8808                TIMER_0
 .data.SPI_MASTER_0_MOSI_Config
                0x1ffe8830       0x14 ./Dave/Generated/SPI_MASTER/spi_master_conf.o
                0x1ffe8830                SPI_MASTER_0_MOSI_Config
 .data.SPI_MASTER_0_Channel_Config
                0x1ffe8844        0xc ./Dave/Generated/SPI_MASTER/spi_master_conf.o
                0x1ffe8844                SPI_MASTER_0_Channel_Config
 .data.SPI_MASTER_0_runtime
                0x1ffe8850       0x24 ./Dave/Generated/SPI_MASTER/spi_master_conf.o
                0x1ffe8850                SPI_MASTER_0_runtime
 .data.SPI_MASTER_0
                0x1ffe8874        0xc ./Dave/Generated/SPI_MASTER/spi_master_conf.o
                0x1ffe8874                SPI_MASTER_0
 .data.GLOBAL_CCU4_0
                0x1ffe8880       0x10 ./Dave/Generated/GLOBAL_CCU4/global_ccu4_conf.o
                0x1ffe8880                GLOBAL_CCU4_0
 .data.GLOBAL_CAN_0
                0x1ffe8890        0xc ./Dave/Generated/GLOBAL_CAN/global_can_conf.o
                0x1ffe8890                GLOBAL_CAN_0
 *fill*         0x1ffe889c        0x4 
 .data.CAN_NODE_0_LMO_01
                0x1ffe88a0       0x20 ./Dave/Generated/CAN_NODE/can_node_conf.o
 .data.CAN_NODE_0_LMO_02
                0x1ffe88c0       0x20 ./Dave/Generated/CAN_NODE/can_node_conf.o
 .data.eepromAddrNextProt
                0x1ffe88e0        0x4 ./CANopen/driver/CO_storageBlank.o
 .data.OD_RAM   0x1ffe88e4      0x2a8 ./CANopen/driver/OD.o
                0x1ffe88e4                OD_RAM
 .data.OD_PERSIST_COMM
                0x1ffe8b8c       0x18 ./CANopen/driver/OD.o
                0x1ffe8b8c                OD_PERSIST_COMM
 .data.ODList   0x1ffe8ba4      0x744 ./CANopen/driver/OD.o
 .data._OD      0x1ffe92e8        0x8 ./CANopen/driver/OD.o
 .data.OD       0x1ffe92f0        0x4 ./CANopen/driver/OD.o
                0x1ffe92f0                OD
 .data.storageEntries
                0x1ffe92f4       0x28 ./CANopen/CANopenNode.o
                0x1ffe92f4                storageEntries
 .data.impure_data
                0x1ffe931c       0x60 d:/programs/infineon/tools/dave ide/4.5.0.202105191637/eclipse/arm-gcc-49/bin/../lib/gcc/arm-none-eabi/4.9.3/../../../../arm-none-eabi/lib/armv7e-m/softfp\libg_nano.a(lib_a-impure.o)
 .data._impure_ptr
                0x1ffe937c        0x4 d:/programs/infineon/tools/dave ide/4.5.0.202105191637/eclipse/arm-gcc-49/bin/../lib/gcc/arm-none-eabi/4.9.3/../../../../arm-none-eabi/lib/armv7e-m/softfp\libg_nano.a(lib_a-impure.o)
                0x1ffe937c                _impure_ptr
 *(*.data)
 *(.gnu.linkonce.d*)
                0x1ffe9380                . = ALIGN (0x4)
                0x1ffe9380                PROVIDE (__preinit_array_start, .)
 *(.preinit_array)
                0x1ffe9380                PROVIDE (__preinit_array_end, .)
                0x1ffe9380                . = ALIGN (0x4)
                0x1ffe9380                PROVIDE (__init_array_start, .)
 *(SORT(.init_array.*))
 *(.init_array)
                0x1ffe9380                PROVIDE (__init_array_end, .)
                0x1ffe9380                . = ALIGN (0x4)
                0x1ffe9380                PROVIDE (__fini_array_start, .)
 *(SORT(.fini_array.*))
 *(.fini_array)
                0x1ffe9380                PROVIDE (__fini_array_end, .)
                0x1ffe9380                . = ALIGN (0x4)
                0x1ffe9380                __data_end = .
                0x0c00b54c                __data_load = LOADADDR (.data)
                0x00000b80                __data_size = (__data_end - __data_start)
                0x0000c0cc                __text_size = (((__exidx_end - sText) + __data_size) + __ram_code_size)
                0x0800c0cc                eText = (sText + __text_size)

.igot.plt       0x1ffe9380        0x0 load address 0x0c00c0cc
 .igot.plt      0x00000000        0x0 ./Startup/startup_XMC4800.o

.bss            0x1ffe9380       0x74 load address 0x0c00c0cc
                0x1ffe9380                . = ALIGN (0x4)
                0x1ffe9380                __bss_start = .
 *(.bss)
 *(.bss*)
 .bss.heap_ptr.4331
                0x1ffe9380        0x4 ./Libraries/Newlib/syscalls.o
 .bss.SPI_MASTER_0_MISO_Config
                0x1ffe9384       0x14 ./Dave/Generated/SPI_MASTER/spi_master_conf.o
                0x1ffe9384                SPI_MASTER_0_MISO_Config
 .bss.CLOCK_XMC4_0
                0x1ffe9398        0x4 ./Dave/Generated/CLOCK_XMC4/clock_xmc4_conf.o
                0x1ffe9398                CLOCK_XMC4_0
 .bss.rxErrors  0x1ffe939c        0x2 ./CANopen/driver/CO_driver_target.o
 .bss.txErrors  0x1ffe939e        0x2 ./CANopen/driver/CO_driver_target.o
 .bss.overflow  0x1ffe93a0        0x2 ./CANopen/driver/CO_driver_target.o
 *fill*         0x1ffe93a2        0x2 
 .bss.eepromAddrNextAuto
                0x1ffe93a4        0x4 ./CANopen/driver/CO_storageBlank.o
 .bss.CO        0x1ffe93a8        0x4 ./CANopen/CANopenNode.o
 .bss.reset     0x1ffe93ac        0x1 ./CANopen/CANopenNode.o
 *fill*         0x1ffe93ad        0x3 
 .bss.__malloc_sbrk_start
                0x1ffe93b0        0x4 d:/programs/infineon/tools/dave ide/4.5.0.202105191637/eclipse/arm-gcc-49/bin/../lib/gcc/arm-none-eabi/4.9.3/../../../../arm-none-eabi/lib/armv7e-m/softfp\libg_nano.a(lib_a-nano-mallocr.o)
                0x1ffe93b0                __malloc_sbrk_start
 .bss.__malloc_free_list
                0x1ffe93b4        0x4 d:/programs/infineon/tools/dave ide/4.5.0.202105191637/eclipse/arm-gcc-49/bin/../lib/gcc/arm-none-eabi/4.9.3/../../../../arm-none-eabi/lib/armv7e-m/softfp\libg_nano.a(lib_a-nano-mallocr.o)
                0x1ffe93b4                __malloc_free_list
 *(COMMON)
 COMMON         0x1ffe93b8       0x38 ./CANopen/CANopenNode.o
                0x1ffe93b8                storage
 COMMON         0x1ffe93f0        0x4 d:/programs/infineon/tools/dave ide/4.5.0.202105191637/eclipse/arm-gcc-49/bin/../lib/gcc/arm-none-eabi/4.9.3/../../../../arm-none-eabi/lib/armv7e-m/softfp\libg_nano.a(lib_a-reent.o)
                0x1ffe93f0                errno
 *(.gnu.linkonce.b*)
                0x1ffe93f4                . = ALIGN (0x4)
                0x1ffe93f4                __bss_end = .
                0x00000074                __bss_size = (__bss_end - __bss_start)
                0x00016c0c                __shift_loc = (__bss_end >= ORIGIN (DSRAM_1_system))?0x0:(ORIGIN (DSRAM_1_system) - __bss_end)

USB_RAM         0x20000000        0x0
                0x20000000                . = ALIGN (0x4)
                0x20000000                USB_RAM_start = .
 *(USB_RAM)
                0x20000000                . = ALIGN (0x4)
                0x20000000                USB_RAM_end = .
                0x00000000                USB_RAM_size = (USB_RAM_end - USB_RAM_start)

ETH_RAM         0x20000000        0x0
                0x20000000                . = ALIGN (0x4)
                0x20000000                ETH_RAM_start = .
 *(ETH_RAM)
                0x20000000                . = ALIGN (0x4)
                0x20000000                ETH_RAM_end = .
                0x20000000                . = ALIGN (0x8)
                0x20000000                Heap_Bank1_Start = .
                0x00000000                ETH_RAM_size = (ETH_RAM_end - ETH_RAM_start)

.no_init        0x2003ffc0       0x14
                0x2003ffc0                Heap_Bank1_End = .
 *(.no_init)
 .no_init       0x2003ffc0       0x14 ./Startup/system_XMC4800.o
                0x2003ffc0                SystemCoreClock
                0x2003ffc4                g_chipid
                0x0003ffc0                Heap_Bank1_Size = (Heap_Bank1_End - Heap_Bank1_Start)
                0x00000001                ASSERT ((Heap_Bank1_Start <= Heap_Bank1_End), region SRAM_combined overflowed no_init section)

/DISCARD/
 *(.comment)

.stab
 *(.stab)

.stabstr
 *(.stabstr)

.debug
 *(.debug)

.line
 *(.line)

.debug_srcinfo
 *(.debug_srcinfo)

.debug_sfnames
 *(.debug_sfnames)

.debug_aranges  0x00000000     0x15f0
 *(.debug_aranges)
 .debug_aranges
                0x00000000       0x20 ./Startup/startup_XMC4800.o
 .debug_aranges
                0x00000020       0x48 ./Startup/system_XMC4800.o
 .debug_aranges
                0x00000068       0x28 ./Libraries/XMCLib/src/xmc4_gpio.o
 .debug_aranges
                0x00000090      0x3f8 ./Libraries/XMCLib/src/xmc4_scu.o
 .debug_aranges
                0x00000488      0x120 ./Libraries/XMCLib/src/xmc_can.o
 .debug_aranges
                0x000005a8      0x138 ./Libraries/XMCLib/src/xmc_ccu4.o
 .debug_aranges
                0x000006e0       0x28 ./Libraries/XMCLib/src/xmc_gpio.o
 .debug_aranges
                0x00000708       0x88 ./Libraries/XMCLib/src/xmc_spi.o
 .debug_aranges
                0x00000790       0xb8 ./Libraries/XMCLib/src/xmc_usic.o
 .debug_aranges
                0x00000848       0x28 ./Libraries/Newlib/syscalls.o
 .debug_aranges
                0x00000870       0x88 ./EEPROM/EEPROM_25Series.o
 .debug_aranges
                0x000008f8       0xd8 ./Dave/Generated/TIMER/timer.o
 .debug_aranges
                0x000009d0       0x18 ./Dave/Generated/TIMER/timer_conf.o
 .debug_aranges
                0x000009e8      0x148 ./Dave/Generated/SPI_MASTER/spi_master.o
 .debug_aranges
                0x00000b30       0x90 ./Dave/Generated/SPI_MASTER/spi_master_conf.o
 .debug_aranges
                0x00000bc0       0x50 ./Dave/Generated/INTERRUPT/interrupt.o
 .debug_aranges
                0x00000c10       0x18 ./Dave/Generated/INTERRUPT/interrupt_conf.o
 .debug_aranges
                0x00000c28       0x30 ./Dave/Generated/GLOBAL_CCU4/global_ccu4.o
 .debug_aranges
                0x00000c58       0x18 ./Dave/Generated/GLOBAL_CCU4/global_ccu4_conf.o
 .debug_aranges
                0x00000c70       0x28 ./Dave/Generated/GLOBAL_CAN/global_can.o
 .debug_aranges
                0x00000c98       0x18 ./Dave/Generated/GLOBAL_CAN/global_can_conf.o
 .debug_aranges
                0x00000cb0       0x28 ./Dave/Generated/DIGITAL_IO/digital_io.o
 .debug_aranges
                0x00000cd8       0x18 ./Dave/Generated/DIGITAL_IO/digital_io_conf.o
 .debug_aranges
                0x00000cf0       0x28 ./Dave/Generated/CPU_CTRL_XMC4/cpu_ctrl_xmc4_conf.o
 .debug_aranges
                0x00000d18       0x38 ./Dave/Generated/CLOCK_XMC4/clock_xmc4.o
 .debug_aranges
                0x00000d50       0x28 ./Dave/Generated/CLOCK_XMC4/clock_xmc4_conf.o
 .debug_aranges
                0x00000d78      0x118 ./Dave/Generated/CAN_NODE/can_node.o
 .debug_aranges
                0x00000e90       0x18 ./Dave/Generated/CAN_NODE/can_node_conf.o
 .debug_aranges
                0x00000ea8       0x20 ./Dave/Generated/DAVE.o
 .debug_aranges
                0x00000ec8       0x40 ./CANopen/stack/storage/CO_storage.o
 .debug_aranges
                0x00000f08       0x38 ./CANopen/stack/storage/CO_storageEeprom.o
 .debug_aranges
                0x00000f40       0x48 ./CANopen/stack/305/CO_LSSslave.o
 .debug_aranges
                0x00000f88       0x28 ./CANopen/stack/303/CO_LEDs.o
 .debug_aranges
                0x00000fb0       0x78 ./CANopen/stack/301/CO_Emergency.o
 .debug_aranges
                0x00001028       0x60 ./CANopen/stack/301/CO_HBconsumer.o
 .debug_aranges
                0x00001088       0x68 ./CANopen/stack/301/CO_NMT_Heartbeat.o
 .debug_aranges
                0x000010f0       0x68 ./CANopen/stack/301/CO_ODinterface.o
 .debug_aranges
                0x00001158       0xd0 ./CANopen/stack/301/CO_PDO.o
 .debug_aranges
                0x00001228       0x90 ./CANopen/stack/301/CO_SDOserver.o
 .debug_aranges
                0x000012b8       0x78 ./CANopen/stack/301/CO_SYNC.o
 .debug_aranges
                0x00001330       0x60 ./CANopen/stack/301/CO_TIME.o
 .debug_aranges
                0x00001390       0x28 ./CANopen/stack/301/crc16-ccitt.o
 .debug_aranges
                0x000013b8       0x90 ./CANopen/stack/CANopen.o
 .debug_aranges
                0x00001448       0x50 ./CANopen/hardware/CANopenHardware.o
 .debug_aranges
                0x00001498       0x68 ./CANopen/driver/CO_driver_target.o
 .debug_aranges
                0x00001500       0x60 ./CANopen/driver/CO_storageBlank.o
 .debug_aranges
                0x00001560       0x18 ./CANopen/driver/OD.o
 .debug_aranges
                0x00001578       0x48 ./CANopen/CANopenNode.o
 .debug_aranges
                0x000015c0       0x30 ./main.o

.debug_pubnames
 *(.debug_pubnames)

.debug_pubtypes
 *(.debug_pubtypes)

.debug_info     0x00000000    0x2808f
 *(.debug_info .gnu.linkonce.wi.*)
 .debug_info    0x00000000       0x7d ./Startup/startup_XMC4800.o
 .debug_info    0x0000007d      0xa42 ./Startup/system_XMC4800.o
 .debug_info    0x00000abf      0x4dd ./Libraries/XMCLib/src/xmc4_gpio.o
 .debug_info    0x00000f9c     0x24b2 ./Libraries/XMCLib/src/xmc4_scu.o
 .debug_info    0x0000344e     0x14f9 ./Libraries/XMCLib/src/xmc_can.o
 .debug_info    0x00004947     0x17ab ./Libraries/XMCLib/src/xmc_ccu4.o
 .debug_info    0x000060f2      0x458 ./Libraries/XMCLib/src/xmc_gpio.o
 .debug_info    0x0000654a      0xb61 ./Libraries/XMCLib/src/xmc_spi.o
 .debug_info    0x000070ab      0xfae ./Libraries/XMCLib/src/xmc_usic.o
 .debug_info    0x00008059      0x11f ./Libraries/Newlib/syscalls.o
 .debug_info    0x00008178      0x493 ./EEPROM/EEPROM_25Series.o
 .debug_info    0x0000860b      0xe3f ./Dave/Generated/TIMER/timer.o
 .debug_info    0x0000944a      0x8e8 ./Dave/Generated/TIMER/timer_conf.o
 .debug_info    0x00009d32     0x1b56 ./Dave/Generated/SPI_MASTER/spi_master.o
 .debug_info    0x0000b888     0x1436 ./Dave/Generated/SPI_MASTER/spi_master_conf.o
 .debug_info    0x0000ccbe      0x9d0 ./Dave/Generated/INTERRUPT/interrupt.o
 .debug_info    0x0000d68e      0x4ed ./Dave/Generated/INTERRUPT/interrupt_conf.o
 .debug_info    0x0000db7b      0x43a ./Dave/Generated/GLOBAL_CCU4/global_ccu4.o
 .debug_info    0x0000dfb5      0x33a ./Dave/Generated/GLOBAL_CCU4/global_ccu4_conf.o
 .debug_info    0x0000e2ef      0x45e ./Dave/Generated/GLOBAL_CAN/global_can.o
 .debug_info    0x0000e74d      0x384 ./Dave/Generated/GLOBAL_CAN/global_can_conf.o
 .debug_info    0x0000ead1      0x597 ./Dave/Generated/DIGITAL_IO/digital_io.o
 .debug_info    0x0000f068      0x4d2 ./Dave/Generated/DIGITAL_IO/digital_io_conf.o
 .debug_info    0x0000f53a      0x52e ./Dave/Generated/CPU_CTRL_XMC4/cpu_ctrl_xmc4_conf.o
 .debug_info    0x0000fa68      0x2dd ./Dave/Generated/CLOCK_XMC4/clock_xmc4.o
 .debug_info    0x0000fd45      0x659 ./Dave/Generated/CLOCK_XMC4/clock_xmc4_conf.o
 .debug_info    0x0001039e     0x153e ./Dave/Generated/CAN_NODE/can_node.o
 .debug_info    0x000118dc      0xd3e ./Dave/Generated/CAN_NODE/can_node_conf.o
 .debug_info    0x0001261a     0x20a3 ./Dave/Generated/DAVE.o
 .debug_info    0x000146bd      0x98f ./CANopen/stack/storage/CO_storage.o
 .debug_info    0x0001504c      0xa3c ./CANopen/stack/storage/CO_storageEeprom.o
 .debug_info    0x00015a88      0xb2f ./CANopen/stack/305/CO_LSSslave.o
 .debug_info    0x000165b7      0x3bb ./CANopen/stack/303/CO_LEDs.o
 .debug_info    0x00016972      0xff3 ./CANopen/stack/301/CO_Emergency.o
 .debug_info    0x00017965     0x1062 ./CANopen/stack/301/CO_HBconsumer.o
 .debug_info    0x000189c7      0xe0d ./CANopen/stack/301/CO_NMT_Heartbeat.o
 .debug_info    0x000197d4      0xa9b ./CANopen/stack/301/CO_ODinterface.o
 .debug_info    0x0001a26f     0x1dfa ./CANopen/stack/301/CO_PDO.o
 .debug_info    0x0001c069     0x15c7 ./CANopen/stack/301/CO_SDOserver.o
 .debug_info    0x0001d630     0x1006 ./CANopen/stack/301/CO_SYNC.o
 .debug_info    0x0001e636      0x9dc ./CANopen/stack/301/CO_TIME.o
 .debug_info    0x0001f012      0x1ac ./CANopen/stack/301/crc16-ccitt.o
 .debug_info    0x0001f1be     0x1e93 ./CANopen/stack/CANopen.o
 .debug_info    0x00021051     0x1152 ./CANopen/hardware/CANopenHardware.o
 .debug_info    0x000221a3      0x7cb ./CANopen/driver/CO_driver_target.o
 .debug_info    0x0002296e      0xa7b ./CANopen/driver/CO_storageBlank.o
 .debug_info    0x000233e9     0x1bd6 ./CANopen/driver/OD.o
 .debug_info    0x00024fbf     0x283b ./CANopen/CANopenNode.o
 .debug_info    0x000277fa      0x895 ./main.o

.debug_abbrev   0x00000000     0x5794
 *(.debug_abbrev)
 .debug_abbrev  0x00000000       0x14 ./Startup/startup_XMC4800.o
 .debug_abbrev  0x00000014      0x1f1 ./Startup/system_XMC4800.o
 .debug_abbrev  0x00000205      0x144 ./Libraries/XMCLib/src/xmc4_gpio.o
 .debug_abbrev  0x00000349      0x2a3 ./Libraries/XMCLib/src/xmc4_scu.o
 .debug_abbrev  0x000005ec      0x2ee ./Libraries/XMCLib/src/xmc_can.o
 .debug_abbrev  0x000008da      0x232 ./Libraries/XMCLib/src/xmc_ccu4.o
 .debug_abbrev  0x00000b0c      0x144 ./Libraries/XMCLib/src/xmc_gpio.o
 .debug_abbrev  0x00000c50      0x279 ./Libraries/XMCLib/src/xmc_spi.o
 .debug_abbrev  0x00000ec9      0x24c ./Libraries/XMCLib/src/xmc_usic.o
 .debug_abbrev  0x00001115       0xbd ./Libraries/Newlib/syscalls.o
 .debug_abbrev  0x000011d2      0x15a ./EEPROM/EEPROM_25Series.o
 .debug_abbrev  0x0000132c      0x252 ./Dave/Generated/TIMER/timer.o
 .debug_abbrev  0x0000157e      0x181 ./Dave/Generated/TIMER/timer_conf.o
 .debug_abbrev  0x000016ff      0x26d ./Dave/Generated/SPI_MASTER/spi_master.o
 .debug_abbrev  0x0000196c      0x203 ./Dave/Generated/SPI_MASTER/spi_master_conf.o
 .debug_abbrev  0x00001b6f      0x212 ./Dave/Generated/INTERRUPT/interrupt.o
 .debug_abbrev  0x00001d81       0xd8 ./Dave/Generated/INTERRUPT/interrupt_conf.o
 .debug_abbrev  0x00001e59      0x196 ./Dave/Generated/GLOBAL_CCU4/global_ccu4.o
 .debug_abbrev  0x00001fef      0x124 ./Dave/Generated/GLOBAL_CCU4/global_ccu4_conf.o
 .debug_abbrev  0x00002113      0x17e ./Dave/Generated/GLOBAL_CAN/global_can.o
 .debug_abbrev  0x00002291      0x124 ./Dave/Generated/GLOBAL_CAN/global_can_conf.o
 .debug_abbrev  0x000023b5      0x171 ./Dave/Generated/DIGITAL_IO/digital_io.o
 .debug_abbrev  0x00002526      0x126 ./Dave/Generated/DIGITAL_IO/digital_io_conf.o
 .debug_abbrev  0x0000264c      0x1b4 ./Dave/Generated/CPU_CTRL_XMC4/cpu_ctrl_xmc4_conf.o
 .debug_abbrev  0x00002800      0x13d ./Dave/Generated/CLOCK_XMC4/clock_xmc4.o
 .debug_abbrev  0x0000293d      0x168 ./Dave/Generated/CLOCK_XMC4/clock_xmc4_conf.o
 .debug_abbrev  0x00002aa5      0x2b8 ./Dave/Generated/CAN_NODE/can_node.o
 .debug_abbrev  0x00002d5d      0x19d ./Dave/Generated/CAN_NODE/can_node_conf.o
 .debug_abbrev  0x00002efa      0x1e7 ./Dave/Generated/DAVE.o
 .debug_abbrev  0x000030e1      0x1d3 ./CANopen/stack/storage/CO_storage.o
 .debug_abbrev  0x000032b4      0x1a0 ./CANopen/stack/storage/CO_storageEeprom.o
 .debug_abbrev  0x00003454      0x1ee ./CANopen/stack/305/CO_LSSslave.o
 .debug_abbrev  0x00003642      0x105 ./CANopen/stack/303/CO_LEDs.o
 .debug_abbrev  0x00003747      0x237 ./CANopen/stack/301/CO_Emergency.o
 .debug_abbrev  0x0000397e      0x23c ./CANopen/stack/301/CO_HBconsumer.o
 .debug_abbrev  0x00003bba      0x1fa ./CANopen/stack/301/CO_NMT_Heartbeat.o
 .debug_abbrev  0x00003db4      0x1f7 ./CANopen/stack/301/CO_ODinterface.o
 .debug_abbrev  0x00003fab      0x288 ./CANopen/stack/301/CO_PDO.o
 .debug_abbrev  0x00004233      0x229 ./CANopen/stack/301/CO_SDOserver.o
 .debug_abbrev  0x0000445c      0x231 ./CANopen/stack/301/CO_SYNC.o
 .debug_abbrev  0x0000468d      0x21e ./CANopen/stack/301/CO_TIME.o
 .debug_abbrev  0x000048ab       0xd6 ./CANopen/stack/301/crc16-ccitt.o
 .debug_abbrev  0x00004981      0x25d ./CANopen/stack/CANopen.o
 .debug_abbrev  0x00004bde      0x2c5 ./CANopen/hardware/CANopenHardware.o
 .debug_abbrev  0x00004ea3      0x1c5 ./CANopen/driver/CO_driver_target.o
 .debug_abbrev  0x00005068      0x1e4 ./CANopen/driver/CO_storageBlank.o
 .debug_abbrev  0x0000524c      0x128 ./CANopen/driver/OD.o
 .debug_abbrev  0x00005374      0x267 ./CANopen/CANopenNode.o
 .debug_abbrev  0x000055db      0x1b9 ./main.o

.debug_line     0x00000000     0xc991
 *(.debug_line)
 .debug_line    0x00000000       0x87 ./Startup/startup_XMC4800.o
 .debug_line    0x00000087      0x35b ./Startup/system_XMC4800.o
 .debug_line    0x000003e2      0x231 ./Libraries/XMCLib/src/xmc4_gpio.o
 .debug_line    0x00000613      0xe68 ./Libraries/XMCLib/src/xmc4_scu.o
 .debug_line    0x0000147b      0x6da ./Libraries/XMCLib/src/xmc_can.o
 .debug_line    0x00001b55      0x635 ./Libraries/XMCLib/src/xmc_ccu4.o
 .debug_line    0x0000218a      0x21e ./Libraries/XMCLib/src/xmc_gpio.o
 .debug_line    0x000023a8      0x3ea ./Libraries/XMCLib/src/xmc_spi.o
 .debug_line    0x00002792      0x54d ./Libraries/XMCLib/src/xmc_usic.o
 .debug_line    0x00002cdf       0xd9 ./Libraries/Newlib/syscalls.o
 .debug_line    0x00002db8      0x2df ./EEPROM/EEPROM_25Series.o
 .debug_line    0x00003097      0x55f ./Dave/Generated/TIMER/timer.o
 .debug_line    0x000035f6      0x2fb ./Dave/Generated/TIMER/timer_conf.o
 .debug_line    0x000038f1      0x819 ./Dave/Generated/SPI_MASTER/spi_master.o
 .debug_line    0x0000410a      0x3e5 ./Dave/Generated/SPI_MASTER/spi_master_conf.o
 .debug_line    0x000044ef      0x323 ./Dave/Generated/INTERRUPT/interrupt.o
 .debug_line    0x00004812      0x21a ./Dave/Generated/INTERRUPT/interrupt_conf.o
 .debug_line    0x00004a2c      0x326 ./Dave/Generated/GLOBAL_CCU4/global_ccu4.o
 .debug_line    0x00004d52      0x297 ./Dave/Generated/GLOBAL_CCU4/global_ccu4_conf.o
 .debug_line    0x00004fe9      0x2ff ./Dave/Generated/GLOBAL_CAN/global_can.o
 .debug_line    0x000052e8      0x285 ./Dave/Generated/GLOBAL_CAN/global_can_conf.o
 .debug_line    0x0000556d      0x289 ./Dave/Generated/DIGITAL_IO/digital_io.o
 .debug_line    0x000057f6      0x212 ./Dave/Generated/DIGITAL_IO/digital_io_conf.o
 .debug_line    0x00005a08      0x28b ./Dave/Generated/CPU_CTRL_XMC4/cpu_ctrl_xmc4_conf.o
 .debug_line    0x00005c93      0x2bf ./Dave/Generated/CLOCK_XMC4/clock_xmc4.o
 .debug_line    0x00005f52      0x2b9 ./Dave/Generated/CLOCK_XMC4/clock_xmc4_conf.o
 .debug_line    0x0000620b      0x613 ./Dave/Generated/CAN_NODE/can_node.o
 .debug_line    0x0000681e      0x30f ./Dave/Generated/CAN_NODE/can_node_conf.o
 .debug_line    0x00006b2d      0x4b9 ./Dave/Generated/DAVE.o
 .debug_line    0x00006fe6      0x419 ./CANopen/stack/storage/CO_storage.o
 .debug_line    0x000073ff      0x3c8 ./CANopen/stack/storage/CO_storageEeprom.o
 .debug_line    0x000077c7      0x3f1 ./CANopen/stack/305/CO_LSSslave.o
 .debug_line    0x00007bb8      0x311 ./CANopen/stack/303/CO_LEDs.o
 .debug_line    0x00007ec9      0x48a ./CANopen/stack/301/CO_Emergency.o
 .debug_line    0x00008353      0x415 ./CANopen/stack/301/CO_HBconsumer.o
 .debug_line    0x00008768      0x442 ./CANopen/stack/301/CO_NMT_Heartbeat.o
 .debug_line    0x00008baa      0x40c ./CANopen/stack/301/CO_ODinterface.o
 .debug_line    0x00008fb6      0x97b ./CANopen/stack/301/CO_PDO.o
 .debug_line    0x00009931      0x7bd ./CANopen/stack/301/CO_SDOserver.o
 .debug_line    0x0000a0ee      0x487 ./CANopen/stack/301/CO_SYNC.o
 .debug_line    0x0000a575      0x36b ./CANopen/stack/301/CO_TIME.o
 .debug_line    0x0000a8e0      0x1e1 ./CANopen/stack/301/crc16-ccitt.o
 .debug_line    0x0000aac1      0x780 ./CANopen/stack/CANopen.o
 .debug_line    0x0000b241      0x4d9 ./CANopen/hardware/CANopenHardware.o
 .debug_line    0x0000b71a      0x3ce ./CANopen/driver/CO_driver_target.o
 .debug_line    0x0000bae8      0x3f7 ./CANopen/driver/CO_storageBlank.o
 .debug_line    0x0000bedf      0x17f ./CANopen/driver/OD.o
 .debug_line    0x0000c05e      0x582 ./CANopen/CANopenNode.o
 .debug_line    0x0000c5e0      0x3b1 ./main.o

.debug_frame    0x00000000     0x5ab0
 *(.debug_frame)
 .debug_frame   0x00000000       0xec ./Startup/system_XMC4800.o
 .debug_frame   0x000000ec       0x60 ./Libraries/XMCLib/src/xmc4_gpio.o
 .debug_frame   0x0000014c     0x12ac ./Libraries/XMCLib/src/xmc4_scu.o
 .debug_frame   0x000013f8      0x538 ./Libraries/XMCLib/src/xmc_can.o
 .debug_frame   0x00001930      0x5b0 ./Libraries/XMCLib/src/xmc_ccu4.o
 .debug_frame   0x00001ee0       0x60 ./Libraries/XMCLib/src/xmc_gpio.o
 .debug_frame   0x00001f40      0x240 ./Libraries/XMCLib/src/xmc_spi.o
 .debug_frame   0x00002180      0x330 ./Libraries/XMCLib/src/xmc_usic.o
 .debug_frame   0x000024b0       0x5c ./Libraries/Newlib/syscalls.o
 .debug_frame   0x0000250c      0x234 ./EEPROM/EEPROM_25Series.o
 .debug_frame   0x00002740      0x3e0 ./Dave/Generated/TIMER/timer.o
 .debug_frame   0x00002b20      0x608 ./Dave/Generated/SPI_MASTER/spi_master.o
 .debug_frame   0x00003128      0x268 ./Dave/Generated/SPI_MASTER/spi_master_conf.o
 .debug_frame   0x00003390      0x124 ./Dave/Generated/INTERRUPT/interrupt.o
 .debug_frame   0x000034b4       0x88 ./Dave/Generated/GLOBAL_CCU4/global_ccu4.o
 .debug_frame   0x0000353c       0x60 ./Dave/Generated/GLOBAL_CAN/global_can.o
 .debug_frame   0x0000359c       0x60 ./Dave/Generated/DIGITAL_IO/digital_io.o
 .debug_frame   0x000035fc       0x60 ./Dave/Generated/CPU_CTRL_XMC4/cpu_ctrl_xmc4_conf.o
 .debug_frame   0x0000365c       0xac ./Dave/Generated/CLOCK_XMC4/clock_xmc4.o
 .debug_frame   0x00003708       0x64 ./Dave/Generated/CLOCK_XMC4/clock_xmc4_conf.o
 .debug_frame   0x0000376c      0x510 ./Dave/Generated/CAN_NODE/can_node.o
 .debug_frame   0x00003c7c       0x38 ./Dave/Generated/DAVE.o
 .debug_frame   0x00003cb4       0xd8 ./CANopen/stack/storage/CO_storage.o
 .debug_frame   0x00003d8c       0xc4 ./CANopen/stack/storage/CO_storageEeprom.o
 .debug_frame   0x00003e50      0x100 ./CANopen/stack/305/CO_LSSslave.o
 .debug_frame   0x00003f50       0x64 ./CANopen/stack/303/CO_LEDs.o
 .debug_frame   0x00003fb4      0x1f0 ./CANopen/stack/301/CO_Emergency.o
 .debug_frame   0x000041a4      0x17c ./CANopen/stack/301/CO_HBconsumer.o
 .debug_frame   0x00004320      0x1a0 ./CANopen/stack/301/CO_NMT_Heartbeat.o
 .debug_frame   0x000044c0      0x1a0 ./CANopen/stack/301/CO_ODinterface.o
 .debug_frame   0x00004660      0x3bc ./CANopen/stack/301/CO_PDO.o
 .debug_frame   0x00004a1c      0x284 ./CANopen/stack/301/CO_SDOserver.o
 .debug_frame   0x00004ca0      0x1f0 ./CANopen/stack/301/CO_SYNC.o
 .debug_frame   0x00004e90      0x178 ./CANopen/stack/301/CO_TIME.o
 .debug_frame   0x00005008       0x60 ./CANopen/stack/301/crc16-ccitt.o
 .debug_frame   0x00005068      0x290 ./CANopen/stack/CANopen.o
 .debug_frame   0x000052f8      0x10c ./CANopen/hardware/CANopenHardware.o
 .debug_frame   0x00005404      0x1a0 ./CANopen/driver/CO_driver_target.o
 .debug_frame   0x000055a4      0x178 ./CANopen/driver/CO_storageBlank.o
 .debug_frame   0x0000571c       0xf4 ./CANopen/CANopenNode.o
 .debug_frame   0x00005810       0x68 ./main.o
 .debug_frame   0x00005878       0x20 d:/programs/infineon/tools/dave ide/4.5.0.202105191637/eclipse/arm-gcc-49/bin/../lib/gcc/arm-none-eabi/4.9.3/../../../../arm-none-eabi/lib/armv7e-m/softfp\libg_nano.a(lib_a-calloc.o)
 .debug_frame   0x00005898       0x20 d:/programs/infineon/tools/dave ide/4.5.0.202105191637/eclipse/arm-gcc-49/bin/../lib/gcc/arm-none-eabi/4.9.3/../../../../arm-none-eabi/lib/armv7e-m/softfp\libg_nano.a(lib_a-errno.o)
 .debug_frame   0x000058b8       0x2c d:/programs/infineon/tools/dave ide/4.5.0.202105191637/eclipse/arm-gcc-49/bin/../lib/gcc/arm-none-eabi/4.9.3/../../../../arm-none-eabi/lib/armv7e-m/softfp\libg_nano.a(lib_a-init.o)
 .debug_frame   0x000058e4       0x30 d:/programs/infineon/tools/dave ide/4.5.0.202105191637/eclipse/arm-gcc-49/bin/../lib/gcc/arm-none-eabi/4.9.3/../../../../arm-none-eabi/lib/armv7e-m/softfp\libg_nano.a(lib_a-malloc.o)
 .debug_frame   0x00005914       0x28 d:/programs/infineon/tools/dave ide/4.5.0.202105191637/eclipse/arm-gcc-49/bin/../lib/gcc/arm-none-eabi/4.9.3/../../../../arm-none-eabi/lib/armv7e-m/softfp\libg_nano.a(lib_a-memcpy.o)
 .debug_frame   0x0000593c       0x28 d:/programs/infineon/tools/dave ide/4.5.0.202105191637/eclipse/arm-gcc-49/bin/../lib/gcc/arm-none-eabi/4.9.3/../../../../arm-none-eabi/lib/armv7e-m/softfp\libg_nano.a(lib_a-memmove.o)
 .debug_frame   0x00005964       0x20 d:/programs/infineon/tools/dave ide/4.5.0.202105191637/eclipse/arm-gcc-49/bin/../lib/gcc/arm-none-eabi/4.9.3/../../../../arm-none-eabi/lib/armv7e-m/softfp\libg_nano.a(lib_a-memset.o)
 .debug_frame   0x00005984       0x2c d:/programs/infineon/tools/dave ide/4.5.0.202105191637/eclipse/arm-gcc-49/bin/../lib/gcc/arm-none-eabi/4.9.3/../../../../arm-none-eabi/lib/armv7e-m/softfp\libg_nano.a(lib_a-nano-callocr.o)
 .debug_frame   0x000059b0       0x2c d:/programs/infineon/tools/dave ide/4.5.0.202105191637/eclipse/arm-gcc-49/bin/../lib/gcc/arm-none-eabi/4.9.3/../../../../arm-none-eabi/lib/armv7e-m/softfp\libg_nano.a(lib_a-nano-freer.o)
 .debug_frame   0x000059dc       0x2c d:/programs/infineon/tools/dave ide/4.5.0.202105191637/eclipse/arm-gcc-49/bin/../lib/gcc/arm-none-eabi/4.9.3/../../../../arm-none-eabi/lib/armv7e-m/softfp\libg_nano.a(lib_a-nano-mallocr.o)
 .debug_frame   0x00005a08       0x2c d:/programs/infineon/tools/dave ide/4.5.0.202105191637/eclipse/arm-gcc-49/bin/../lib/gcc/arm-none-eabi/4.9.3/../../../../arm-none-eabi/lib/armv7e-m/softfp\libg_nano.a(lib_a-sbrkr.o)
 .debug_frame   0x00005a34       0x20 d:/programs/infineon/tools/dave ide/4.5.0.202105191637/eclipse/arm-gcc-49/bin/../lib/gcc/arm-none-eabi/4.9.3/../../../../arm-none-eabi/lib/armv7e-m/softfp\libg_nano.a(lib_a-strlen.o)
 .debug_frame   0x00005a54       0x5c d:/programs/infineon/tools/dave ide/4.5.0.202105191637/eclipse/arm-gcc-49/bin/../lib/gcc/arm-none-eabi/4.9.3/../../../../arm-none-eabi/lib/armv7e-m/softfp\libg_nano.a(lib_a-reent.o)

.debug_str      0x00000000    0x10274
 *(.debug_str)
 .debug_str     0x00000000      0x5ec ./Startup/system_XMC4800.o
                                0x66c (size before relaxing)
 .debug_str     0x000005ec      0x544 ./Libraries/XMCLib/src/xmc4_gpio.o
                                0x7dc (size before relaxing)
 .debug_str     0x00000b30     0x23de ./Libraries/XMCLib/src/xmc4_scu.o
                               0x2984 (size before relaxing)
 .debug_str     0x00002f0e      0xba5 ./Libraries/XMCLib/src/xmc_can.o
                               0x155c (size before relaxing)
 .debug_str     0x00003ab3     0x150d ./Libraries/XMCLib/src/xmc_ccu4.o
                               0x1f07 (size before relaxing)
 .debug_str     0x00004fc0       0xca ./Libraries/XMCLib/src/xmc_gpio.o
                                0x68a (size before relaxing)
 .debug_str     0x0000508a      0xad9 ./Libraries/XMCLib/src/xmc_spi.o
                                0xdc9 (size before relaxing)
 .debug_str     0x00005b63      0xb02 ./Libraries/XMCLib/src/xmc_usic.o
                               0x160b (size before relaxing)
 .debug_str     0x00006665       0x6a ./Libraries/Newlib/syscalls.o
                                0x218 (size before relaxing)
 .debug_str     0x000066cf      0x26a ./EEPROM/EEPROM_25Series.o
                                0x42c (size before relaxing)
 .debug_str     0x00006939      0x57b ./Dave/Generated/TIMER/timer.o
                                0xc97 (size before relaxing)
 .debug_str     0x00006eb4      0x29a ./Dave/Generated/TIMER/timer_conf.o
                                0xbdc (size before relaxing)