Archive member included to satisfy reference by file (symbol)

d:/programs/stmicroelectronics/stm32cubeide_1.8.0/stm32cubeide/plugins/com.st.stm32cube.ide.mcu.externaltools.gnu-tools-for-stm32.10.3-2021.10.win32_1.0.0.202111181127/tools/bin/../lib/gcc/arm-none-eabi/10.3.1/../../../../arm-none-eabi/lib/thumb/v7e-m+fp/hard\libc_nano.a(lib_a-calloc.o)
                              ./CANopen/stack/CANopen.o (calloc)
d:/programs/stmicroelectronics/stm32cubeide_1.8.0/stm32cubeide/plugins/com.st.stm32cube.ide.mcu.externaltools.gnu-tools-for-stm32.10.3-2021.10.win32_1.0.0.202111181127/tools/bin/../lib/gcc/arm-none-eabi/10.3.1/../../../../arm-none-eabi/lib/thumb/v7e-m+fp/hard\libc_nano.a(lib_a-errno.o)
                              ./Core/Src/syscalls.o (__errno)
d:/programs/stmicroelectronics/stm32cubeide_1.8.0/stm32cubeide/plugins/com.st.stm32cube.ide.mcu.externaltools.gnu-tools-for-stm32.10.3-2021.10.win32_1.0.0.202111181127/tools/bin/../lib/gcc/arm-none-eabi/10.3.1/../../../../arm-none-eabi/lib/thumb/v7e-m+fp/hard\libc_nano.a(lib_a-exit.o)
                              d:/programs/stmicroelectronics/stm32cubeide_1.8.0/stm32cubeide/plugins/com.st.stm32cube.ide.mcu.externaltools.gnu-tools-for-stm32.10.3-2021.10.win32_1.0.0.202111181127/tools/bin/../lib/gcc/arm-none-eabi/10.3.1/../../../../arm-none-eabi/lib/thumb/v7e-m+fp/hard/crt0.o (exit)
d:/programs/stmicroelectronics/stm32cubeide_1.8.0/stm32cubeide/plugins/com.st.stm32cube.ide.mcu.externaltools.gnu-tools-for-stm32.10.3-2021.10.win32_1.0.0.202111181127/tools/bin/../lib/gcc/arm-none-eabi/10.3.1/../../../../arm-none-eabi/lib/thumb/v7e-m+fp/hard\libc_nano.a(lib_a-impure.o)
                              d:/programs/stmicroelectronics/stm32cubeide_1.8.0/stm32cubeide/plugins/com.st.stm32cube.ide.mcu.externaltools.gnu-tools-for-stm32.10.3-2021.10.win32_1.0.0.202111181127/tools/bin/../lib/gcc/arm-none-eabi/10.3.1/../../../../arm-none-eabi/lib/thumb/v7e-m+fp/hard\libc_nano.a(lib_a-exit.o) (_global_impure_ptr)
d:/programs/stmicroelectronics/stm32cubeide_1.8.0/stm32cubeide/plugins/com.st.stm32cube.ide.mcu.externaltools.gnu-tools-for-stm32.10.3-2021.10.win32_1.0.0.202111181127/tools/bin/../lib/gcc/arm-none-eabi/10.3.1/../../../../arm-none-eabi/lib/thumb/v7e-m+fp/hard\libc_nano.a(lib_a-init.o)
                              d:/programs/stmicroelectronics/stm32cubeide_1.8.0/stm32cubeide/plugins/com.st.stm32cube.ide.mcu.externaltools.gnu-tools-for-stm32.10.3-2021.10.win32_1.0.0.202111181127/tools/bin/../lib/gcc/arm-none-eabi/10.3.1/../../../../arm-none-eabi/lib/thumb/v7e-m+fp/hard/crt0.o (__libc_init_array)
d:/programs/stmicroelectronics/stm32cubeide_1.8.0/stm32cubeide/plugins/com.st.stm32cube.ide.mcu.externaltools.gnu-tools-for-stm32.10.3-2021.10.win32_1.0.0.202111181127/tools/bin/../lib/gcc/arm-none-eabi/10.3.1/../../../../arm-none-eabi/lib/thumb/v7e-m+fp/hard\libc_nano.a(lib_a-malloc.o)
                              ./CANopen/stack/CANopen.o (free)
d:/programs/stmicroelectronics/stm32cubeide_1.8.0/stm32cubeide/plugins/com.st.stm32cube.ide.mcu.externaltools.gnu-tools-for-stm32.10.3-2021.10.win32_1.0.0.202111181127/tools/bin/../lib/gcc/arm-none-eabi/10.3.1/../../../../arm-none-eabi/lib/thumb/v7e-m+fp/hard\libc_nano.a(lib_a-memcpy-stub.o)
                              ./CANopen/stack/301/CO_Emergency.o (memcpy)
d:/programs/stmicroelectronics/stm32cubeide_1.8.0/stm32cubeide/plugins/com.st.stm32cube.ide.mcu.externaltools.gnu-tools-for-stm32.10.3-2021.10.win32_1.0.0.202111181127/tools/bin/../lib/gcc/arm-none-eabi/10.3.1/../../../../arm-none-eabi/lib/thumb/v7e-m+fp/hard\libc_nano.a(lib_a-memmove.o)
                              ./CANopen/stack/301/CO_SDOserver.o (memmove)
d:/programs/stmicroelectronics/stm32cubeide_1.8.0/stm32cubeide/plugins/com.st.stm32cube.ide.mcu.externaltools.gnu-tools-for-stm32.10.3-2021.10.win32_1.0.0.202111181127/tools/bin/../lib/gcc/arm-none-eabi/10.3.1/../../../../arm-none-eabi/lib/thumb/v7e-m+fp/hard\libc_nano.a(lib_a-memset.o)
                              d:/programs/stmicroelectronics/stm32cubeide_1.8.0/stm32cubeide/plugins/com.st.stm32cube.ide.mcu.externaltools.gnu-tools-for-stm32.10.3-2021.10.win32_1.0.0.202111181127/tools/bin/../lib/gcc/arm-none-eabi/10.3.1/../../../../arm-none-eabi/lib/thumb/v7e-m+fp/hard/crt0.o (memset)
d:/programs/stmicroelectronics/stm32cubeide_1.8.0/stm32cubeide/plugins/com.st.stm32cube.ide.mcu.externaltools.gnu-tools-for-stm32.10.3-2021.10.win32_1.0.0.202111181127/tools/bin/../lib/gcc/arm-none-eabi/10.3.1/../../../../arm-none-eabi/lib/thumb/v7e-m+fp/hard\libc_nano.a(lib_a-nano-callocr.o)
                              d:/programs/stmicroelectronics/stm32cubeide_1.8.0/stm32cubeide/plugins/com.st.stm32cube.ide.mcu.externaltools.gnu-tools-for-stm32.10.3-2021.10.win32_1.0.0.202111181127/tools/bin/../lib/gcc/arm-none-eabi/10.3.1/../../../../arm-none-eabi/lib/thumb/v7e-m+fp/hard\libc_nano.a(lib_a-calloc.o) (_calloc_r)
[...]
Memory Configuration

Name             Origin             Length             Attributes
CCMRAM           0x0000000010000000 0x0000000000004000 xrw
RAM              0x0000000020000000 0x0000000000010000 xrw
FLASH            0x0000000008000000 0x0000000000080000 xr
*default*        0x0000000000000000 0xffffffffffffffff

Linker script and memory map

LOAD d:/programs/stmicroelectronics/stm32cubeide_1.8.0/stm32cubeide/plugins/com.st.stm32cube.ide.mcu.externaltools.gnu-tools-for-stm32.10.3-2021.10.win32_1.0.0.202111181127/tools/bin/../lib/gcc/arm-none-eabi/10.3.1/thumb/v7e-m+fp/hard/crti.o
LOAD d:/programs/stmicroelectronics/stm32cubeide_1.8.0/stm32cubeide/plugins/com.st.stm32cube.ide.mcu.externaltools.gnu-tools-for-stm32.10.3-2021.10.win32_1.0.0.202111181127/tools/bin/../lib/gcc/arm-none-eabi/10.3.1/thumb/v7e-m+fp/hard/crtbegin.o
LOAD d:/programs/stmicroelectronics/stm32cubeide_1.8.0/stm32cubeide/plugins/com.st.stm32cube.ide.mcu.externaltools.gnu-tools-for-stm32.10.3-2021.10.win32_1.0.0.202111181127/tools/bin/../lib/gcc/arm-none-eabi/10.3.1/../../../../arm-none-eabi/lib/thumb/v7e-m+fp/hard/crt0.o
LOAD ./CANopen/CANopenNode.o
LOAD ./CANopen/driver/CO_driver_blank.o
LOAD ./CANopen/driver/CO_storageBlank.o
LOAD ./CANopen/driver/OD.o
LOAD ./CANopen/driver/log.o
LOAD ./CANopen/hardware/CANopenHardware.o
LOAD ./CANopen/stack/301/CO_Emergency.o
LOAD ./CANopen/stack/301/CO_HBconsumer.o
LOAD ./CANopen/stack/301/CO_NMT_Heartbeat.o
LOAD ./CANopen/stack/301/CO_ODinterface.o
LOAD ./CANopen/stack/301/CO_PDO.o
LOAD ./CANopen/stack/301/CO_SDOclient.o
LOAD ./CANopen/stack/301/CO_SDOserver.o
LOAD ./CANopen/stack/301/CO_SYNC.o
LOAD ./CANopen/stack/301/CO_TIME.o
LOAD ./CANopen/stack/301/CO_fifo.o
LOAD ./CANopen/stack/301/crc16-ccitt.o
LOAD ./CANopen/stack/303/CO_LEDs.o
LOAD ./CANopen/stack/304/CO_GFC.o
LOAD ./CANopen/stack/304/CO_SRDO.o
LOAD ./CANopen/stack/305/CO_LSSmaster.o
LOAD ./CANopen/stack/305/CO_LSSslave.o
LOAD ./CANopen/stack/309/CO_gateway_ascii.o
LOAD ./CANopen/stack/CANopen.o
LOAD ./CANopen/stack/extra/CO_trace.o
LOAD ./CANopen/stack/storage/CO_storage.o
LOAD ./CANopen/stack/storage/CO_storageEeprom.o
LOAD ./Core/Src/can.o
LOAD ./Core/Src/gpio.o
LOAD ./Core/Src/main.o
LOAD ./Core/Src/stm32f3xx_hal_msp.o
LOAD ./Core/Src/stm32f3xx_it.o
LOAD ./Core/Src/syscalls.o
LOAD ./Core/Src/sysmem.o
LOAD ./Core/Src/system_stm32f3xx.o
LOAD ./Core/Src/tim.o
LOAD ./Core/Src/usart.o
LOAD ./Core/Startup/startup_stm32f303retx.o
LOAD ./Drivers/STM32F3xx_HAL_Driver/Src/stm32f3xx_hal.o
LOAD ./Drivers/STM32F3xx_HAL_Driver/Src/stm32f3xx_hal_can.o
LOAD ./Drivers/STM32F3xx_HAL_Driver/Src/stm32f3xx_hal_cortex.o
LOAD ./Drivers/STM32F3xx_HAL_Driver/Src/stm32f3xx_hal_dma.o
LOAD ./Drivers/STM32F3xx_HAL_Driver/Src/stm32f3xx_hal_exti.o
LOAD ./Drivers/STM32F3xx_HAL_Driver/Src/stm32f3xx_hal_flash.o
LOAD ./Drivers/STM32F3xx_HAL_Driver/Src/stm32f3xx_hal_flash_ex.o
LOAD ./Drivers/STM32F3xx_HAL_Driver/Src/stm32f3xx_hal_gpio.o
LOAD ./Drivers/STM32F3xx_HAL_Driver/Src/stm32f3xx_hal_i2c.o
LOAD ./Drivers/STM32F3xx_HAL_Driver/Src/stm32f3xx_hal_i2c_ex.o
LOAD ./Drivers/STM32F3xx_HAL_Driver/Src/stm32f3xx_hal_pwr.o
LOAD ./Drivers/STM32F3xx_HAL_Driver/Src/stm32f3xx_hal_pwr_ex.o
LOAD ./Drivers/STM32F3xx_HAL_Driver/Src/stm32f3xx_hal_rcc.o
LOAD ./Drivers/STM32F3xx_HAL_Driver/Src/stm32f3xx_hal_rcc_ex.o
LOAD ./Drivers/STM32F3xx_HAL_Driver/Src/stm32f3xx_hal_tim.o
LOAD ./Drivers/STM32F3xx_HAL_Driver/Src/stm32f3xx_hal_tim_ex.o
LOAD ./Drivers/STM32F3xx_HAL_Driver/Src/stm32f3xx_hal_uart.o
LOAD ./Drivers/STM32F3xx_HAL_Driver/Src/stm32f3xx_hal_uart_ex.o
START GROUP
LOAD d:/programs/stmicroelectronics/stm32cubeide_1.8.0/stm32cubeide/plugins/com.st.stm32cube.ide.mcu.externaltools.gnu-tools-for-stm32.10.3-2021.10.win32_1.0.0.202111181127/tools/bin/../lib/gcc/arm-none-eabi/10.3.1/../../../../arm-none-eabi/lib/thumb/v7e-m+fp/hard\libc_nano.a
LOAD d:/programs/stmicroelectronics/stm32cubeide_1.8.0/stm32cubeide/plugins/com.st.stm32cube.ide.mcu.externaltools.gnu-tools-for-stm32.10.3-2021.10.win32_1.0.0.202111181127/tools/bin/../lib/gcc/arm-none-eabi/10.3.1/../../../../arm-none-eabi/lib/thumb/v7e-m+fp/hard\libm.a
END GROUP
START GROUP
LOAD d:/programs/stmicroelectronics/stm32cubeide_1.8.0/stm32cubeide/plugins/com.st.stm32cube.ide.mcu.externaltools.gnu-tools-for-stm32.10.3-2021.10.win32_1.0.0.202111181127/tools/bin/../lib/gcc/arm-none-eabi/10.3.1/thumb/v7e-m+fp/hard\libgcc.a
LOAD d:/programs/stmicroelectronics/stm32cubeide_1.8.0/stm32cubeide/plugins/com.st.stm32cube.ide.mcu.externaltools.gnu-tools-for-stm32.10.3-2021.10.win32_1.0.0.202111181127/tools/bin/../lib/gcc/arm-none-eabi/10.3.1/../../../../arm-none-eabi/lib/thumb/v7e-m+fp/hard\libc_nano.a
END GROUP
START GROUP
LOAD d:/programs/stmicroelectronics/stm32cubeide_1.8.0/stm32cubeide/plugins/com.st.stm32cube.ide.mcu.externaltools.gnu-tools-for-stm32.10.3-2021.10.win32_1.0.0.202111181127/tools/bin/../lib/gcc/arm-none-eabi/10.3.1/thumb/v7e-m+fp/hard\libgcc.a
LOAD d:/programs/stmicroelectronics/stm32cubeide_1.8.0/stm32cubeide/plugins/com.st.stm32cube.ide.mcu.externaltools.gnu-tools-for-stm32.10.3-2021.10.win32_1.0.0.202111181127/tools/bin/../lib/gcc/arm-none-eabi/10.3.1/../../../../arm-none-eabi/lib/thumb/v7e-m+fp/hard\libc_nano.a
LOAD d:/programs/stmicroelectronics/stm32cubeide_1.8.0/stm32cubeide/plugins/com.st.stm32cube.ide.mcu.externaltools.gnu-tools-for-stm32.10.3-2021.10.win32_1.0.0.202111181127/tools/bin/../lib/gcc/arm-none-eabi/10.3.1/../../../../arm-none-eabi/lib/thumb/v7e-m+fp/hard\libnosys.a
END GROUP
START GROUP
LOAD d:/programs/stmicroelectronics/stm32cubeide_1.8.0/stm32cubeide/plugins/com.st.stm32cube.ide.mcu.externaltools.gnu-tools-for-stm32.10.3-2021.10.win32_1.0.0.202111181127/tools/bin/../lib/gcc/arm-none-eabi/10.3.1/thumb/v7e-m+fp/hard\libgcc.a
LOAD d:/programs/stmicroelectronics/stm32cubeide_1.8.0/stm32cubeide/plugins/com.st.stm32cube.ide.mcu.externaltools.gnu-tools-for-stm32.10.3-2021.10.win32_1.0.0.202111181127/tools/bin/../lib/gcc/arm-none-eabi/10.3.1/../../../../arm-none-eabi/lib/thumb/v7e-m+fp/hard\libc_nano.a
LOAD d:/programs/stmicroelectronics/stm32cubeide_1.8.0/stm32cubeide/plugins/com.st.stm32cube.ide.mcu.externaltools.gnu-tools-for-stm32.10.3-2021.10.win32_1.0.0.202111181127/tools/bin/../lib/gcc/arm-none-eabi/10.3.1/../../../../arm-none-eabi/lib/thumb/v7e-m+fp/hard\libnosys.a
END GROUP
LOAD d:/programs/stmicroelectronics/stm32cubeide_1.8.0/stm32cubeide/plugins/com.st.stm32cube.ide.mcu.externaltools.gnu-tools-for-stm32.10.3-2021.10.win32_1.0.0.202111181127/tools/bin/../lib/gcc/arm-none-eabi/10.3.1/thumb/v7e-m+fp/hard/crtend.o
LOAD d:/programs/stmicroelectronics/stm32cubeide_1.8.0/stm32cubeide/plugins/com.st.stm32cube.ide.mcu.externaltools.gnu-tools-for-stm32.10.3-2021.10.win32_1.0.0.202111181127/tools/bin/../lib/gcc/arm-none-eabi/10.3.1/thumb/v7e-m+fp/hard/crtn.o
                0x0000000020010000                _estack = (ORIGIN (RAM) + LENGTH (RAM))
                0x0000000000000200                _Min_Heap_Size = 0x200
                0x0000000000000400                _Min_Stack_Size = 0x400

.isr_vector     0x0000000008000000      0x194
                0x0000000008000000                . = ALIGN (0x4)
 *(.isr_vector)
 .isr_vector    0x0000000008000000      0x194 ./Core/Startup/startup_stm32f303retx.o
                0x0000000008000000                g_pfnVectors
                0x0000000008000194                . = ALIGN (0x4)

.text           0x00000000080001a0     0xc5ac
                0x00000000080001a0                . = ALIGN (0x4)
 *(.text)
 .text          0x00000000080001a0       0x40 d:/programs/stmicroelectronics/stm32cubeide_1.8.0/stm32cubeide/plugins/com.st.stm32cube.ide.mcu.externaltools.gnu-tools-for-stm32.10.3-2021.10.win32_1.0.0.202111181127/tools/bin/../lib/gcc/arm-none-eabi/10.3.1/thumb/v7e-m+fp/hard/crtbegin.o
 .text          0x00000000080001e0       0x10 d:/programs/stmicroelectronics/stm32cubeide_1.8.0/stm32cubeide/plugins/com.st.stm32cube.ide.mcu.externaltools.gnu-tools-for-stm32.10.3-2021.10.win32_1.0.0.202111181127/tools/bin/../lib/gcc/arm-none-eabi/10.3.1/../../../../arm-none-eabi/lib/thumb/v7e-m+fp/hard\libc_nano.a(lib_a-strlen.o)
                0x00000000080001e0                strlen
 .text          0x00000000080001f0       0xa0 d:/programs/stmicroelectronics/stm32cubeide_1.8.0/stm32cubeide/plugins/com.st.stm32cube.ide.mcu.externaltools.gnu-tools-for-stm32.10.3-2021.10.win32_1.0.0.202111181127/tools/bin/../lib/gcc/arm-none-eabi/10.3.1/../../../../arm-none-eabi/lib/thumb/v7e-m+fp/hard\libc_nano.a(lib_a-memchr.o)
                0x00000000080001f0                memchr
 *(.text*)
 .text.xCANopenNodeInit
                0x0000000008000290      0x240 ./CANopen/CANopenNode.o
                0x0000000008000290                xCANopenNodeInit
 .text.vCANopenNodeProcess
                0x00000000080004d0       0x40 ./CANopen/CANopenNode.o
                0x00000000080004d0                vCANopenNodeProcess
 .text.vCANopenNodeTimerInterrupt
                0x0000000008000510       0x60 ./CANopen/CANopenNode.o
                0x0000000008000510                vCANopenNodeTimerInterrupt
 .text.vCANopenNodeReceiveInterrupt
                0x0000000008000570       0x18 ./CANopen/CANopenNode.o
                0x0000000008000570                vCANopenNodeReceiveInterrupt
 .text.CO_CANsetConfigurationMode
                0x0000000008000588       0x14 ./CANopen/driver/CO_driver_blank.o
                0x0000000008000588                CO_CANsetConfigurationMode
 .text.CO_CANsetNormalMode
                0x000000000800059c       0x1a ./CANopen/driver/CO_driver_blank.o
                0x000000000800059c                CO_CANsetNormalMode
 .text.CO_CANmodule_init
                0x00000000080005b6      0x10e ./CANopen/driver/CO_driver_blank.o
                0x00000000080005b6                CO_CANmodule_init
 .text.CO_CANmodule_disable
                0x00000000080006c4       0x14 ./CANopen/driver/CO_driver_blank.o
                0x00000000080006c4                CO_CANmodule_disable
 .text.CO_CANrxBufferInit
                0x00000000080006d8       0xa4 ./CANopen/driver/CO_driver_blank.o
                0x00000000080006d8                CO_CANrxBufferInit
 .text.CO_CANtxBufferInit
                0x000000000800077c       0x6a ./CANopen/driver/CO_driver_blank.o
                0x000000000800077c                CO_CANtxBufferInit
 .text.CO_CANsend
                0x00000000080007e6       0x74 ./CANopen/driver/CO_driver_blank.o
                0x00000000080007e6                CO_CANsend
 .text.CO_CANclearPendingSyncPDOs
                0x000000000800085a       0x90 ./CANopen/driver/CO_driver_blank.o
                0x000000000800085a                CO_CANclearPendingSyncPDOs
 *fill*         0x00000000080008ea        0x2 
 .text.CO_CANmodule_process
                0x00000000080008ec       0xd8 ./CANopen/driver/CO_driver_blank.o
                0x00000000080008ec                CO_CANmodule_process
 .text.CO_CANinterrupt
                0x00000000080009c4       0xd6 ./CANopen/driver/CO_driver_blank.o
                0x00000000080009c4                CO_CANinterrupt
 *fill*         0x0000000008000a9a        0x2 
 .text.xCANopenHardwareInit
                0x0000000008000a9c       0x70 ./CANopen/hardware/CANopenHardware.o
                0x0000000008000a9c                xCANopenHardwareInit
 .text.vResetModule
                0x0000000008000b0c        0xe ./CANopen/hardware/CANopenHardware.o
                0x0000000008000b0c                vResetModule
 *fill*         0x0000000008000b1a        0x2 
 .text.xCANTransmitMessage
                0x0000000008000b1c       0x88 ./CANopen/hardware/CANopenHardware.o
                0x0000000008000b1c                xCANTransmitMessage
 .text.xCANReceiveMessage
                0x0000000008000ba4       0x74 ./CANopen/hardware/CANopenHardware.o
                0x0000000008000ba4                xCANReceiveMessage
 .text.CO_getUint8
                0x0000000008000c18       0x1c ./CANopen/stack/301/CO_Emergency.o
 .text.CO_setUint8
                0x0000000008000c34       0x20 ./CANopen/stack/301/CO_Emergency.o
 .text.CO_setUint32
                0x0000000008000c54       0x1e ./CANopen/stack/301/CO_Emergency.o
 .text.OD_getIndex
                0x0000000008000c72       0x22 ./CANopen/stack/301/CO_Emergency.o
 .text.OD_extension_init
                0x0000000008000c94       0x28 ./CANopen/stack/301/CO_Emergency.o
 .text.OD_get_u32
                0x0000000008000cbc       0x2a ./CANopen/stack/301/CO_Emergency.o
 .text.OD_read_1014_default
                0x0000000008000ce6       0x72 ./CANopen/stack/301/CO_Emergency.o
 .text.OD_read_1003
                0x0000000008000d58       0xdc ./CANopen/stack/301/CO_Emergency.o
 .text.OD_write_1003
                0x0000000008000e34       0x60 ./CANopen/stack/301/CO_Emergency.o
 .text.CO_EM_init
                0x0000000008000e94      0x1c0 ./CANopen/stack/301/CO_Emergency.o
                0x0000000008000e94                CO_EM_init
 .text.CO_EM_process
                0x0000000008001054      0x294 ./CANopen/stack/301/CO_Emergency.o
                0x0000000008001054                CO_EM_process
 .text.CO_error
                0x00000000080012e8      0x154 ./CANopen/stack/301/CO_Emergency.o
                0x00000000080012e8                CO_error
 .text.CO_getUint32
                0x000000000800143c       0x1c ./CANopen/stack/301/CO_HBconsumer.o
 .text.OD_getIndex
                0x0000000008001458       0x22 ./CANopen/stack/301/CO_HBconsumer.o
 .text.OD_extension_init
                0x000000000800147a       0x28 ./CANopen/stack/301/CO_HBconsumer.o
 .text.OD_get_u32
                0x00000000080014a2       0x2a ./CANopen/stack/301/CO_HBconsumer.o
 .text.CO_HBcons_receive
                0x00000000080014cc       0x3c ./CANopen/stack/301/CO_HBconsumer.o
 .text.OD_write_1016
                0x0000000008001508       0x8e ./CANopen/stack/301/CO_HBconsumer.o
 *fill*         0x0000000008001596        0x2 
 .text.CO_HBconsumer_init
                0x0000000008001598      0x158 ./CANopen/stack/301/CO_HBconsumer.o
                0x0000000008001598                CO_HBconsumer_init
 .text.CO_HBconsumer_initEntry
                0x00000000080016f0      0x130 ./CANopen/stack/301/CO_HBconsumer.o
 .text.CO_HBconsumer_process
                0x0000000008001820      0x1aa ./CANopen/stack/301/CO_HBconsumer.o
                0x0000000008001820                CO_HBconsumer_process
 .text.CO_getUint16
                0x00000000080019ca       0x1e ./CANopen/stack/301/CO_NMT_Heartbeat.o
 .text.OD_getIndex
                0x00000000080019e8       0x22 ./CANopen/stack/301/CO_NMT_Heartbeat.o
 .text.OD_extension_init
                0x0000000008001a0a       0x28 ./CANopen/stack/301/CO_NMT_Heartbeat.o
 .text.OD_get_u16
                0x0000000008001a32       0x2a ./CANopen/stack/301/CO_NMT_Heartbeat.o
 .text.CO_isError
                0x0000000008001a5c       0x4e ./CANopen/stack/301/CO_NMT_Heartbeat.o
 .text.CO_getErrorRegister
                0x0000000008001aaa       0x2c ./CANopen/stack/301/CO_NMT_Heartbeat.o
 .text.CO_NMT_receive
                0x0000000008001ad6       0x4e ./CANopen/stack/301/CO_NMT_Heartbeat.o
 .text.OD_write_1017
                0x0000000008001b24       0x6a ./CANopen/stack/301/CO_NMT_Heartbeat.o
 *fill*         0x0000000008001b8e        0x2 
 .text.CO_NMT_init
                0x0000000008001b90      0x17c ./CANopen/stack/301/CO_NMT_Heartbeat.o
                0x0000000008001b90                CO_NMT_init
 .text.CO_NMT_process
                0x0000000008001d0c      0x1dc ./CANopen/stack/301/CO_NMT_Heartbeat.o
                0x0000000008001d0c                CO_NMT_process
 .text.OD_readOriginal
                0x0000000008001ee8       0xb0 ./CANopen/stack/301/CO_ODinterface.o
                0x0000000008001ee8                OD_readOriginal
 .text.OD_writeOriginal
                0x0000000008001f98       0xbc ./CANopen/stack/301/CO_ODinterface.o
                0x0000000008001f98                OD_writeOriginal
 .text.OD_readDisabled
                0x0000000008002054       0x1c ./CANopen/stack/301/CO_ODinterface.o
 .text.OD_writeDisabled
                0x0000000008002070       0x1c ./CANopen/stack/301/CO_ODinterface.o
 .text.OD_find  0x000000000800208c       0xb8 ./CANopen/stack/301/CO_ODinterface.o
                0x000000000800208c                OD_find
 .text.OD_getSub
                0x0000000008002144      0x1e4 ./CANopen/stack/301/CO_ODinterface.o
                0x0000000008002144                OD_getSub
 .text.OD_getSDOabCode
                0x0000000008002328       0x3c ./CANopen/stack/301/CO_ODinterface.o
                0x0000000008002328                OD_getSDOabCode
 .text.OD_get_value
                0x0000000008002364       0x6c ./CANopen/stack/301/CO_ODinterface.o
                0x0000000008002364                OD_get_value
 .text.OD_set_value
                0x00000000080023d0       0x62 ./CANopen/stack/301/CO_ODinterface.o
                0x00000000080023d0                OD_set_value
 .text.OD_getPtr
                0x0000000008002432       0x86 ./CANopen/stack/301/CO_ODinterface.o
                0x0000000008002432                OD_getPtr
 .text.CO_getUint8
                0x00000000080024b8       0x1c ./CANopen/stack/301/CO_PDO.o
 .text.CO_getUint16
                0x00000000080024d4       0x1e ./CANopen/stack/301/CO_PDO.o
 .text.CO_getUint32
                0x00000000080024f2       0x1c ./CANopen/stack/301/CO_PDO.o
 .text.CO_setUint32
                0x000000000800250e       0x1e ./CANopen/stack/301/CO_PDO.o
 .text.OD_getIndex
                0x000000000800252c       0x22 ./CANopen/stack/301/CO_PDO.o
 .text.OD_extension_init
                0x000000000800254e       0x28 ./CANopen/stack/301/CO_PDO.o
 .text.OD_get_u8
                0x0000000008002576       0x2a ./CANopen/stack/301/CO_PDO.o
 .text.OD_get_u16
                0x00000000080025a0       0x2a ./CANopen/stack/301/CO_PDO.o
 .text.OD_get_u32
                0x00000000080025ca       0x2a ./CANopen/stack/301/CO_PDO.o
 .text.OD_write_dummy
                0x00000000080025f4       0x28 ./CANopen/stack/301/CO_PDO.o
 .text.OD_read_dummy
                0x000000000800261c       0x4e ./CANopen/stack/301/CO_PDO.o
 *fill*         0x000000000800266a        0x2 
 .text.PDOconfigMap
                0x000000000800266c      0x180 ./CANopen/stack/301/CO_PDO.o
 .text.PDO_initMapping
                0x00000000080027ec      0x15a ./CANopen/stack/301/CO_PDO.o
 .text.OD_write_PDO_mapping
                0x0000000008002946      0x142 ./CANopen/stack/301/CO_PDO.o
 .text.OD_read_PDO_commParam
                0x0000000008002a88       0x9c ./CANopen/stack/301/CO_PDO.o
 .text.CO_PDO_receive
                0x0000000008002b24       0xbc ./CANopen/stack/301/CO_PDO.o
 .text.OD_write_14xx
                0x0000000008002be0      0x23c ./CANopen/stack/301/CO_PDO.o
 .text.CO_RPDO_init
                0x0000000008002e1c      0x28c ./CANopen/stack/301/CO_PDO.o
                0x0000000008002e1c                CO_RPDO_init
 .text.CO_RPDO_process
                0x00000000080030a8      0x266 ./CANopen/stack/301/CO_PDO.o
                0x00000000080030a8                CO_RPDO_process
 *fill*         0x000000000800330e        0x2 
 .text.OD_write_18xx
                0x0000000008003310      0x2a4 ./CANopen/stack/301/CO_PDO.o
 .text.CO_TPDO_init
                0x00000000080035b4      0x2f4 ./CANopen/stack/301/CO_PDO.o
                0x00000000080035b4                CO_TPDO_init
 .text.CO_TPDOsend
                0x00000000080038a8      0x148 ./CANopen/stack/301/CO_PDO.o
 .text.CO_TPDO_process
                0x00000000080039f0      0x204 ./CANopen/stack/301/CO_PDO.o
                0x00000000080039f0                CO_TPDO_process
 .text.CO_getUint8
                0x0000000008003bf4       0x1c ./CANopen/stack/301/CO_SDOserver.o
 .text.CO_getUint32
                0x0000000008003c10       0x1c ./CANopen/stack/301/CO_SDOserver.o
 .text.OD_getIndex
                0x0000000008003c2c       0x22 ./CANopen/stack/301/CO_SDOserver.o
 .text.OD_mappable
                0x0000000008003c4e       0x2c ./CANopen/stack/301/CO_SDOserver.o
 .text.OD_extension_init
                0x0000000008003c7a       0x28 ./CANopen/stack/301/CO_SDOserver.o
 .text.OD_get_u8
                0x0000000008003ca2       0x2a ./CANopen/stack/301/CO_SDOserver.o
 .text.OD_get_u32
                0x0000000008003ccc       0x2a ./CANopen/stack/301/CO_SDOserver.o
 .text.OD_set_u32
                0x0000000008003cf6       0x2a ./CANopen/stack/301/CO_SDOserver.o
 .text.CO_SDO_receive
                0x0000000008003d20       0x54 ./CANopen/stack/301/CO_SDOserver.o
 .text.CO_SDOserver_init_canRxTx
                0x0000000008003d74       0xd8 ./CANopen/stack/301/CO_SDOserver.o
 .text.OD_write_1201_additional
                0x0000000008003e4c      0x224 ./CANopen/stack/301/CO_SDOserver.o
 .text.CO_SDOserver_init
                0x0000000008004070      0x228 ./CANopen/stack/301/CO_SDOserver.o
                0x0000000008004070                CO_SDOserver_init
 .text.validateAndWriteToOD
                0x0000000008004298      0x1fc ./CANopen/stack/301/CO_SDOserver.o
 .text.readFromOd
                0x0000000008004494      0x16c ./CANopen/stack/301/CO_SDOserver.o
 .text.CO_SDOserver_process
                0x0000000008004600      0x9f8 ./CANopen/stack/301/CO_SDOserver.o
                0x0000000008004600                CO_SDOserver_process
 .text.CO_getUint8
                0x0000000008004ff8       0x1c ./CANopen/stack/301/CO_SYNC.o
 .text.CO_getUint32
                0x0000000008005014       0x1c ./CANopen/stack/301/CO_SYNC.o
 .text.OD_getIndex
                0x0000000008005030       0x22 ./CANopen/stack/301/CO_SYNC.o
 .text.OD_extension_init
                0x0000000008005052       0x28 ./CANopen/stack/301/CO_SYNC.o
 .text.OD_get_u8
                0x000000000800507a       0x2a ./CANopen/stack/301/CO_SYNC.o
 .text.OD_get_u32
                0x00000000080050a4       0x2a ./CANopen/stack/301/CO_SYNC.o
 .text.CO_SYNCsend
                0x00000000080050ce       0x64 ./CANopen/stack/301/CO_SYNC.o
 .text.CO_SYNC_receive
                0x0000000008005132       0x8c ./CANopen/stack/301/CO_SYNC.o
 *fill*         0x00000000080051be        0x2 
 .text.OD_write_1005
                0x00000000080051c0      0x18c ./CANopen/stack/301/CO_SYNC.o
 .text.OD_write_1019
                0x000000000800534c       0xbe ./CANopen/stack/301/CO_SYNC.o
 *fill*         0x000000000800540a        0x2 
 .text.CO_SYNC_init
                0x000000000800540c      0x250 ./CANopen/stack/301/CO_SYNC.o
                0x000000000800540c                CO_SYNC_init
 .text.CO_SYNC_process
                0x000000000800565c      0x172 ./CANopen/stack/301/CO_SYNC.o
                0x000000000800565c                CO_SYNC_process
 .text.CO_getUint16
                0x00000000080057ce       0x1e ./CANopen/stack/301/CO_TIME.o
 .text.CO_getUint32
                0x00000000080057ec       0x1c ./CANopen/stack/301/CO_TIME.o
 .text.OD_getIndex
                0x0000000008005808       0x22 ./CANopen/stack/301/CO_TIME.o
 .text.OD_extension_init
                0x000000000800582a       0x28 ./CANopen/stack/301/CO_TIME.o
 .text.OD_get_u32
                0x0000000008005852       0x2a ./CANopen/stack/301/CO_TIME.o
 .text.CO_TIME_receive
                0x000000000800587c       0x3a ./CANopen/stack/301/CO_TIME.o
 *fill*         0x00000000080058b6        0x2 
 .text.OD_write_1012
                0x00000000080058b8       0xe4 ./CANopen/stack/301/CO_TIME.o
 .text.CO_TIME_init
                0x000000000800599c      0x100 ./CANopen/stack/301/CO_TIME.o
                0x000000000800599c                CO_TIME_init
 .text.CO_TIME_process
                0x0000000008005a9c       0xec ./CANopen/stack/301/CO_TIME.o
                0x0000000008005a9c                CO_TIME_process
 .text.CO_LEDs_init
                0x0000000008005b88       0x2e ./CANopen/stack/303/CO_LEDs.o
                0x0000000008005b88                CO_LEDs_init
 *fill*         0x0000000008005bb6        0x2 
 .text.CO_LEDs_process
                0x0000000008005bb8      0x33c ./CANopen/stack/303/CO_LEDs.o
                0x0000000008005bb8                CO_LEDs_process
 .text.CO_LSSslave_receive
                0x0000000008005ef4      0x2c0 ./CANopen/stack/305/CO_LSSslave.o
 .text.CO_LSSslave_init
                0x00000000080061b4       0xec ./CANopen/stack/305/CO_LSSslave.o
                0x00000000080061b4                CO_LSSslave_init
 .text.CO_LSSslave_process
                0x00000000080062a0      0x42c ./CANopen/stack/305/CO_LSSslave.o
                0x00000000080062a0                CO_LSSslave_process
 .text.CO_isError
                0x00000000080066cc       0x4e ./CANopen/stack/CANopen.o
 .text.CO_getErrorRegister
                0x000000000800671a       0x2c ./CANopen/stack/CANopen.o
 .text.CO_NMT_getInternalState
                0x0000000008006746       0x24 ./CANopen/stack/CANopen.o
 .text.CO_LSSslave_getState
                0x000000000800676a       0x22 ./CANopen/stack/CANopen.o
 .text.CO_new   0x000000000800678c      0x290 ./CANopen/stack/CANopen.o
                0x000000000800678c                CO_new
 .text.CO_delete
                0x0000000008006a1c       0xbe ./CANopen/stack/CANopen.o
                0x0000000008006a1c                CO_delete
 .text.CO_CANinit
                0x0000000008006ada       0x58 ./CANopen/stack/CANopen.o
                0x0000000008006ada                CO_CANinit
 .text.CO_LSSinit
                0x0000000008006b32       0x58 ./CANopen/stack/CANopen.o
                0x0000000008006b32                CO_LSSinit
 *fill*         0x0000000008006b8a        0x2 
 .text.CO_CANopenInit
                0x0000000008006b8c      0x290 ./CANopen/stack/CANopen.o
                0x0000000008006b8c                CO_CANopenInit
 .text.CO_CANopenInitPDO
                0x0000000008006e1c      0x1b0 ./CANopen/stack/CANopen.o
                0x0000000008006e1c                CO_CANopenInitPDO
 .text.CO_process
                0x0000000008006fcc      0x1ea ./CANopen/stack/CANopen.o
                0x0000000008006fcc                CO_process
 .text.CO_process_SYNC
                0x00000000080071b6       0x84 ./CANopen/stack/CANopen.o
                0x00000000080071b6                CO_process_SYNC
 .text.CO_process_RPDO
                0x000000000800723a       0x72 ./CANopen/stack/CANopen.o
                0x000000000800723a                CO_process_RPDO
 .text.CO_process_TPDO
                0x00000000080072ac       0x72 ./CANopen/stack/CANopen.o
                0x00000000080072ac                CO_process_TPDO
 *fill*         0x000000000800731e        0x2 
 .text.MX_CAN_Init
                0x0000000008007320       0x6c ./Core/Src/can.o
                0x0000000008007320                MX_CAN_Init
 .text.HAL_CAN_MspInit
                0x000000000800738c       0x98 ./Core/Src/can.o
                0x000000000800738c                HAL_CAN_MspInit
 .text.MX_GPIO_Init
                0x0000000008007424       0xcc ./Core/Src/gpio.o
                0x0000000008007424                MX_GPIO_Init
 .text.main     0x00000000080074f0       0x48 ./Core/Src/main.o
                0x00000000080074f0                main
 .text.SystemClock_Config
                0x0000000008007538       0xbc ./Core/Src/main.o
                0x0000000008007538                SystemClock_Config
 .text.HAL_CAN_RxFifo0MsgPendingCallback
                0x00000000080075f4       0x14 ./Core/Src/main.o
                0x00000000080075f4                HAL_CAN_RxFifo0MsgPendingCallback
 .text.HAL_TIM_PeriodElapsedCallback
                0x0000000008007608       0x14 ./Core/Src/main.o
                0x0000000008007608                HAL_TIM_PeriodElapsedCallback
 .text.Error_Handler
                0x000000000800761c        0xa ./Core/Src/main.o
                0x000000000800761c                Error_Handler
 *fill*         0x0000000008007626        0x2 
 .text.HAL_MspInit
                0x0000000008007628       0x48 ./Core/Src/stm32f3xx_hal_msp.o
                0x0000000008007628                HAL_MspInit
 .text.NMI_Handler
                0x0000000008007670        0x6 ./Core/Src/stm32f3xx_it.o
                0x0000000008007670                NMI_Handler
 .text.HardFault_Handler
                0x0000000008007676        0x6 ./Core/Src/stm32f3xx_it.o
                0x0000000008007676                HardFault_Handler
 .text.MemManage_Handler
                0x000000000800767c        0x6 ./Core/Src/stm32f3xx_it.o
                0x000000000800767c                MemManage_Handler
 .text.BusFault_Handler
                0x0000000008007682        0x6 ./Core/Src/stm32f3xx_it.o
                0x0000000008007682                BusFault_Handler
 .text.UsageFault_Handler
                0x0000000008007688        0x6 ./Core/Src/stm32f3xx_it.o
                0x0000000008007688                UsageFault_Handler
 .text.SVC_Handler
                0x000000000800768e        0xe ./Core/Src/stm32f3xx_it.o
                0x000000000800768e                SVC_Handler
 .text.DebugMon_Handler
                0x000000000800769c        0xe ./Core/Src/stm32f3xx_it.o
                0x000000000800769c                DebugMon_Handler
 .text.PendSV_Handler
                0x00000000080076aa        0xe ./Core/Src/stm32f3xx_it.o
                0x00000000080076aa                PendSV_Handler
 .text.SysTick_Handler
                0x00000000080076b8        0xc ./Core/Src/stm32f3xx_it.o
                0x00000000080076b8                SysTick_Handler
 .text.USB_LP_CAN_RX0_IRQHandler
                0x00000000080076c4       0x14 ./Core/Src/stm32f3xx_it.o
                0x00000000080076c4                USB_LP_CAN_RX0_IRQHandler
 .text.TIM6_DAC_IRQHandler
                0x00000000080076d8       0x14 ./Core/Src/stm32f3xx_it.o
                0x00000000080076d8                TIM6_DAC_IRQHandler
 .text._read    0x00000000080076ec       0x3a ./Core/Src/syscalls.o
                0x00000000080076ec                _read
 .text._write   0x0000000008007726       0x38 ./Core/Src/syscalls.o
                0x0000000008007726                _write
 .text._close   0x000000000800775e       0x18 ./Core/Src/syscalls.o
                0x000000000800775e                _close
 .text._fstat   0x0000000008007776       0x20 ./Core/Src/syscalls.o
                0x0000000008007776                _fstat
 .text._isatty  0x0000000008007796       0x16 ./Core/Src/syscalls.o
                0x0000000008007796                _isatty
 .text._lseek   0x00000000080077ac       0x1a ./Core/Src/syscalls.o
                0x00000000080077ac                _lseek
 *fill*         0x00000000080077c6        0x2 
 .text._sbrk    0x00000000080077c8       0x6c ./Core/Src/sysmem.o
                0x00000000080077c8                _sbrk
 .text.SystemInit
                0x0000000008007834       0x24 ./Core/Src/system_stm32f3xx.o
                0x0000000008007834                SystemInit
 .text.MX_TIM6_Init
                0x0000000008007858       0x6c ./Core/Src/tim.o
                0x0000000008007858                MX_TIM6_Init
 .text.HAL_TIM_Base_MspInit
                0x00000000080078c4       0x4c ./Core/Src/tim.o
                0x00000000080078c4                HAL_TIM_Base_MspInit
 .text.MX_USART2_UART_Init
                0x0000000008007910       0x60 ./Core/Src/usart.o
                0x0000000008007910                MX_USART2_UART_Init
 .text.HAL_UART_MspInit
                0x0000000008007970       0x84 ./Core/Src/usart.o
                0x0000000008007970                HAL_UART_MspInit
 .text.Reset_Handler
                0x00000000080079f4       0x50 ./Core/Startup/startup_stm32f303retx.o
                0x00000000080079f4                Reset_Handler
 .text.Default_Handler
                0x0000000008007a44        0x2 ./Core/Startup/startup_stm32f303retx.o
                0x0000000008007a44                RTC_Alarm_IRQHandler
                0x0000000008007a44                TIM8_TRG_COM_IRQHandler
                0x0000000008007a44                TIM8_CC_IRQHandler
                0x0000000008007a44                SPI4_IRQHandler
                0x0000000008007a44                TIM1_CC_IRQHandler
                0x0000000008007a44                USB_HP_IRQHandler
                0x0000000008007a44                PVD_IRQHandler
                0x0000000008007a44                TAMP_STAMP_IRQHandler
                0x0000000008007a44                EXTI3_IRQHandler
                0x0000000008007a44                I2C3_ER_IRQHandler
                0x0000000008007a44                USB_HP_CAN_TX_IRQHandler
                0x0000000008007a44                EXTI0_IRQHandler
                0x0000000008007a44                I2C2_EV_IRQHandler
                0x0000000008007a44                FPU_IRQHandler
                0x0000000008007a44                TIM1_UP_TIM16_IRQHandler
                0x0000000008007a44                ADC1_2_IRQHandler
                0x0000000008007a44                SPI1_IRQHandler
                0x0000000008007a44                CAN_SCE_IRQHandler
                0x0000000008007a44                TIM8_UP_IRQHandler
                0x0000000008007a44                DMA2_Channel2_IRQHandler
                0x0000000008007a44                DMA1_Channel4_IRQHandler
                0x0000000008007a44                TIM20_TRG_COM_IRQHandler
                0x0000000008007a44                USART3_IRQHandler
                0x0000000008007a44                DMA1_Channel7_IRQHandler
                0x0000000008007a44                UART5_IRQHandler
                0x0000000008007a44                ADC3_IRQHandler
                0x0000000008007a44                TIM4_IRQHandler
                0x0000000008007a44                CAN_RX1_IRQHandler
                0x0000000008007a44                DMA2_Channel1_IRQHandler
                0x0000000008007a44                I2C1_EV_IRQHandler
                0x0000000008007a44                DMA1_Channel6_IRQHandler
                0x0000000008007a44                UART4_IRQHandler
                0x0000000008007a44                DMA2_Channel4_IRQHandler
                0x0000000008007a44                TIM3_IRQHandler
                0x0000000008007a44                RCC_IRQHandler
                0x0000000008007a44                TIM20_UP_IRQHandler
                0x0000000008007a44                DMA1_Channel1_IRQHandler
                0x0000000008007a44                Default_Handler
                0x0000000008007a44                USBWakeUp_RMP_IRQHandler
                0x0000000008007a44                EXTI15_10_IRQHandler
                0x0000000008007a44                TIM7_IRQHandler
                0x0000000008007a44                I2C3_EV_IRQHandler
                0x0000000008007a44                EXTI9_5_IRQHandler
                0x0000000008007a44                RTC_WKUP_IRQHandler
                0x0000000008007a44                SPI2_IRQHandler
                0x0000000008007a44                DMA2_Channel5_IRQHandler
                0x0000000008007a44                DMA1_Channel5_IRQHandler
                0x0000000008007a44                USB_LP_IRQHandler
                0x0000000008007a44                EXTI4_IRQHandler
                0x0000000008007a44                TIM1_TRG_COM_TIM17_IRQHandler
                0x0000000008007a44                DMA1_Channel3_IRQHandler
                0x0000000008007a44                ADC4_IRQHandler
                0x0000000008007a44                WWDG_IRQHandler
                0x0000000008007a44                TIM2_IRQHandler
                0x0000000008007a44                COMP7_IRQHandler
                0x0000000008007a44                COMP1_2_3_IRQHandler
                0x0000000008007a44                EXTI1_IRQHandler
                0x0000000008007a44                USART2_IRQHandler
                0x0000000008007a44                COMP4_5_6_IRQHandler
                0x0000000008007a44                TIM20_BRK_IRQHandler
                0x0000000008007a44                I2C2_ER_IRQHandler
                0x0000000008007a44                DMA1_Channel2_IRQHandler
                0x0000000008007a44                TIM8_BRK_IRQHandler
                0x0000000008007a44                FLASH_IRQHandler
                0x0000000008007a44                TIM20_CC_IRQHandler
                0x0000000008007a44                USART1_IRQHandler
                0x0000000008007a44                SPI3_IRQHandler
                0x0000000008007a44                I2C1_ER_IRQHandler
                0x0000000008007a44                FMC_IRQHandler
                0x0000000008007a44                USBWakeUp_IRQHandler
                0x0000000008007a44                DMA2_Channel3_IRQHandler
                0x0000000008007a44                EXTI2_TSC_IRQHandler
                0x0000000008007a44                TIM1_BRK_TIM15_IRQHandler
 *fill*         0x0000000008007a46        0x2 
 .text.HAL_Init
                0x0000000008007a48       0x2c ./Drivers/STM32F3xx_HAL_Driver/Src/stm32f3xx_hal.o
                0x0000000008007a48                HAL_Init
 .text.HAL_InitTick
                0x0000000008007a74       0x60 ./Drivers/STM32F3xx_HAL_Driver/Src/stm32f3xx_hal.o
                0x0000000008007a74                HAL_InitTick
 .text.HAL_IncTick
                0x0000000008007ad4       0x28 ./Drivers/STM32F3xx_HAL_Driver/Src/stm32f3xx_hal.o
                0x0000000008007ad4                HAL_IncTick
 .text.HAL_GetTick
                0x0000000008007afc       0x18 ./Drivers/STM32F3xx_HAL_Driver/Src/stm32f3xx_hal.o
                0x0000000008007afc                HAL_GetTick
 .text.HAL_CAN_Init
                0x0000000008007b14      0x1f6 ./Drivers/STM32F3xx_HAL_Driver/Src/stm32f3xx_hal_can.o
                0x0000000008007b14                HAL_CAN_Init
 .text.HAL_CAN_ConfigFilter
                0x0000000008007d0a      0x194 ./Drivers/STM32F3xx_HAL_Driver/Src/stm32f3xx_hal_can.o
                0x0000000008007d0a                HAL_CAN_ConfigFilter
 .text.HAL_CAN_Start
                0x0000000008007e9e       0x88 ./Drivers/STM32F3xx_HAL_Driver/Src/stm32f3xx_hal_can.o
                0x0000000008007e9e                HAL_CAN_Start
 .text.HAL_CAN_AddTxMessage
                0x0000000008007f26      0x1b6 ./Drivers/STM32F3xx_HAL_Driver/Src/stm32f3xx_hal_can.o
                0x0000000008007f26                HAL_CAN_AddTxMessage
 .text.HAL_CAN_IsTxMessagePending
                0x00000000080080dc       0x48 ./Drivers/STM32F3xx_HAL_Driver/Src/stm32f3xx_hal_can.o
                0x00000000080080dc                HAL_CAN_IsTxMessagePending
 .text.HAL_CAN_GetRxMessage
                0x0000000008008124      0x224 ./Drivers/STM32F3xx_HAL_Driver/Src/stm32f3xx_hal_can.o
                0x0000000008008124                HAL_CAN_GetRxMessage
 .text.HAL_CAN_ActivateNotification
                0x0000000008008348       0x4c ./Drivers/STM32F3xx_HAL_Driver/Src/stm32f3xx_hal_can.o
                0x0000000008008348                HAL_CAN_ActivateNotification
 .text.HAL_CAN_IRQHandler
                0x0000000008008394      0x36e ./Drivers/STM32F3xx_HAL_Driver/Src/stm32f3xx_hal_can.o
                0x0000000008008394                HAL_CAN_IRQHandler
 .text.HAL_CAN_TxMailbox0CompleteCallback
                0x0000000008008702       0x14 ./Drivers/STM32F3xx_HAL_Driver/Src/stm32f3xx_hal_can.o
                0x0000000008008702                HAL_CAN_TxMailbox0CompleteCallback
 .text.HAL_CAN_TxMailbox1CompleteCallback
                0x0000000008008716       0x14 ./Drivers/STM32F3xx_HAL_Driver/Src/stm32f3xx_hal_can.o
                0x0000000008008716                HAL_CAN_TxMailbox1CompleteCallback
 .text.HAL_CAN_TxMailbox2CompleteCallback
                0x000000000800872a       0x14 ./Drivers/STM32F3xx_HAL_Driver/Src/stm32f3xx_hal_can.o
                0x000000000800872a                HAL_CAN_TxMailbox2CompleteCallback
 .text.HAL_CAN_TxMailbox0AbortCallback
                0x000000000800873e       0x14 ./Drivers/STM32F3xx_HAL_Driver/Src/stm32f3xx_hal_can.o
                0x000000000800873e                HAL_CAN_TxMailbox0AbortCallback
 .text.HAL_CAN_TxMailbox1AbortCallback
                0x0000000008008752       0x14 ./Drivers/STM32F3xx_HAL_Driver/Src/stm32f3xx_hal_can.o
                0x0000000008008752                HAL_CAN_TxMailbox1AbortCallback
 .text.HAL_CAN_TxMailbox2AbortCallback
                0x0000000008008766       0x14 ./Drivers/STM32F3xx_HAL_Driver/Src/stm32f3xx_hal_can.o
                0x0000000008008766                HAL_CAN_TxMailbox2AbortCallback
 .text.HAL_CAN_RxFifo0FullCallback
                0x000000000800877a       0x14 ./Drivers/STM32F3xx_HAL_Driver/Src/stm32f3xx_hal_can.o
                0x000000000800877a                HAL_CAN_RxFifo0FullCallback
 .text.HAL_CAN_RxFifo1MsgPendingCallback
                0x000000000800878e       0x14 ./Drivers/STM32F3xx_HAL_Driver/Src/stm32f3xx_hal_can.o
                0x000000000800878e                HAL_CAN_RxFifo1MsgPendingCallback
 .text.HAL_CAN_RxFifo1FullCallback
                0x00000000080087a2       0x14 ./Drivers/STM32F3xx_HAL_Driver/Src/stm32f3xx_hal_can.o
                0x00000000080087a2                HAL_CAN_RxFifo1FullCallback
 .text.HAL_CAN_SleepCallback
                0x00000000080087b6       0x14 ./Drivers/STM32F3xx_HAL_Driver/Src/stm32f3xx_hal_can.o
                0x00000000080087b6                HAL_CAN_SleepCallback
 .text.HAL_CAN_WakeUpFromRxMsgCallback
                0x00000000080087ca       0x14 ./Drivers/STM32F3xx_HAL_Driver/Src/stm32f3xx_hal_can.o
                0x00000000080087ca                HAL_CAN_WakeUpFromRxMsgCallback
 .text.HAL_CAN_ErrorCallback
                0x00000000080087de       0x14 ./Drivers/STM32F3xx_HAL_Driver/Src/stm32f3xx_hal_can.o
                0x00000000080087de                HAL_CAN_ErrorCallback
 *fill*         0x00000000080087f2        0x2 
 .text.__NVIC_SetPriorityGrouping
                0x00000000080087f4       0x48 ./Drivers/STM32F3xx_HAL_Driver/Src/stm32f3xx_hal_cortex.o
 .text.__NVIC_GetPriorityGrouping
                0x000000000800883c       0x1c ./Drivers/STM32F3xx_HAL_Driver/Src/stm32f3xx_hal_cortex.o
 .text.__NVIC_EnableIRQ
                0x0000000008008858       0x3c ./Drivers/STM32F3xx_HAL_Driver/Src/stm32f3xx_hal_cortex.o
 .text.__NVIC_SetPriority
                0x0000000008008894       0x54 ./Drivers/STM32F3xx_HAL_Driver/Src/stm32f3xx_hal_cortex.o
 .text.NVIC_EncodePriority
                0x00000000080088e8       0x66 ./Drivers/STM32F3xx_HAL_Driver/Src/stm32f3xx_hal_cortex.o
 *fill*         0x000000000800894e        0x2 
 .text.SysTick_Config
                0x0000000008008950       0x44 ./Drivers/STM32F3xx_HAL_Driver/Src/stm32f3xx_hal_cortex.o
 .text.HAL_NVIC_SetPriorityGrouping
                0x0000000008008994       0x16 ./Drivers/STM32F3xx_HAL_Driver/Src/stm32f3xx_hal_cortex.o
                0x0000000008008994                HAL_NVIC_SetPriorityGrouping
 .text.HAL_NVIC_SetPriority
                0x00000000080089aa       0x38 ./Drivers/STM32F3xx_HAL_Driver/Src/stm32f3xx_hal_cortex.o
                0x00000000080089aa                HAL_NVIC_SetPriority
 .text.HAL_NVIC_EnableIRQ
                0x00000000080089e2       0x1c ./Drivers/STM32F3xx_HAL_Driver/Src/stm32f3xx_hal_cortex.o
                0x00000000080089e2                HAL_NVIC_EnableIRQ
 .text.HAL_SYSTICK_Config
                0x00000000080089fe       0x18 ./Drivers/STM32F3xx_HAL_Driver/Src/stm32f3xx_hal_cortex.o
                0x00000000080089fe                HAL_SYSTICK_Config
 *fill*         0x0000000008008a16        0x2 
 .text.HAL_GPIO_Init
                0x0000000008008a18      0x314 ./Drivers/STM32F3xx_HAL_Driver/Src/stm32f3xx_hal_gpio.o
                0x0000000008008a18                HAL_GPIO_Init
 .text.HAL_GPIO_WritePin
                0x0000000008008d2c       0x30 ./Drivers/STM32F3xx_HAL_Driver/Src/stm32f3xx_hal_gpio.o
                0x0000000008008d2c                HAL_GPIO_WritePin
 .text.HAL_RCC_OscConfig
                0x0000000008008d5c     0x10a8 ./Drivers/STM32F3xx_HAL_Driver/Src/stm32f3xx_hal_rcc.o
                0x0000000008008d5c                HAL_RCC_OscConfig
 .text.HAL_RCC_ClockConfig
                0x0000000008009e04      0x2f8 ./Drivers/STM32F3xx_HAL_Driver/Src/stm32f3xx_hal_rcc.o
                0x0000000008009e04                HAL_RCC_ClockConfig
 .text.HAL_RCC_GetSysClockFreq
                0x000000000800a0fc       0xd4 ./Drivers/STM32F3xx_HAL_Driver/Src/stm32f3xx_hal_rcc.o
                0x000000000800a0fc                HAL_RCC_GetSysClockFreq
 .text.HAL_RCC_GetHCLKFreq
                0x000000000800a1d0       0x18 ./Drivers/STM32F3xx_HAL_Driver/Src/stm32f3xx_hal_rcc.o
                0x000000000800a1d0                HAL_RCC_GetHCLKFreq
 .text.HAL_RCC_GetPCLK1Freq
                0x000000000800a1e8       0x44 ./Drivers/STM32F3xx_HAL_Driver/Src/stm32f3xx_hal_rcc.o
                0x000000000800a1e8                HAL_RCC_GetPCLK1Freq
 .text.HAL_RCC_GetPCLK2Freq
                0x000000000800a22c       0x44 ./Drivers/STM32F3xx_HAL_Driver/Src/stm32f3xx_hal_rcc.o
                0x000000000800a22c                HAL_RCC_GetPCLK2Freq
 .text.HAL_RCCEx_PeriphCLKConfig
                0x000000000800a270      0x43c ./Drivers/STM32F3xx_HAL_Driver/Src/stm32f3xx_hal_rcc_ex.o
                0x000000000800a270                HAL_RCCEx_PeriphCLKConfig
 .text.HAL_TIM_Base_Init
                0x000000000800a6ac       0xae ./Drivers/STM32F3xx_HAL_Driver/Src/stm32f3xx_hal_tim.o
                0x000000000800a6ac                HAL_TIM_Base_Init
 *fill*         0x000000000800a75a        0x2 
 .text.HAL_TIM_Base_Start_IT
                0x000000000800a75c       0xe0 ./Drivers/STM32F3xx_HAL_Driver/Src/stm32f3xx_hal_tim.o
                0x000000000800a75c                HAL_TIM_Base_Start_IT
 .text.HAL_TIM_IRQHandler
                0x000000000800a83c      0x23e ./Drivers/STM32F3xx_HAL_Driver/Src/stm32f3xx_hal_tim.o
                0x000000000800a83c                HAL_TIM_IRQHandler
 .text.HAL_TIM_OC_DelayElapsedCallback
                0x000000000800aa7a       0x14 ./Drivers/STM32F3xx_HAL_Driver/Src/stm32f3xx_hal_tim.o
                0x000000000800aa7a                HAL_TIM_OC_DelayElapsedCallback
 .text.HAL_TIM_IC_CaptureCallback
                0x000000000800aa8e       0x14 ./Drivers/STM32F3xx_HAL_Driver/Src/stm32f3xx_hal_tim.o
                0x000000000800aa8e                HAL_TIM_IC_CaptureCallback
 .text.HAL_TIM_PWM_PulseFinishedCallback
                0x000000000800aaa2       0x14 ./Drivers/STM32F3xx_HAL_Driver/Src/stm32f3xx_hal_tim.o
                0x000000000800aaa2                HAL_TIM_PWM_PulseFinishedCallback
 .text.HAL_TIM_TriggerCallback
                0x000000000800aab6       0x14 ./Drivers/STM32F3xx_HAL_Driver/Src/stm32f3xx_hal_tim.o
                0x000000000800aab6                HAL_TIM_TriggerCallback
 *fill*         0x000000000800aaca        0x2 
 .text.TIM_Base_SetConfig
                0x000000000800aacc      0x13c ./Drivers/STM32F3xx_HAL_Driver/Src/stm32f3xx_hal_tim.o
                0x000000000800aacc                TIM_Base_SetConfig
 .text.HAL_TIMEx_MasterConfigSynchronization
                0x000000000800ac08      0x118 ./Drivers/STM32F3xx_HAL_Driver/Src/stm32f3xx_hal_tim_ex.o
                0x000000000800ac08                HAL_TIMEx_MasterConfigSynchronization
 .text.HAL_TIMEx_CommutCallback
                0x000000000800ad20       0x14 ./Drivers/STM32F3xx_HAL_Driver/Src/stm32f3xx_hal_tim_ex.o
                0x000000000800ad20                HAL_TIMEx_CommutCallback
 .text.HAL_TIMEx_BreakCallback
                0x000000000800ad34       0x14 ./Drivers/STM32F3xx_HAL_Driver/Src/stm32f3xx_hal_tim_ex.o
                0x000000000800ad34                HAL_TIMEx_BreakCallback
 .text.HAL_TIMEx_Break2Callback
                0x000000000800ad48       0x14 ./Drivers/STM32F3xx_HAL_Driver/Src/stm32f3xx_hal_tim_ex.o
                0x000000000800ad48                HAL_TIMEx_Break2Callback
 .text.HAL_UART_Init
                0x000000000800ad5c       0x9c ./Drivers/STM32F3xx_HAL_Driver/Src/stm32f3xx_hal_uart.o
                0x000000000800ad5c                HAL_UART_Init
 .text.HAL_UART_Transmit
                0x000000000800adf8      0x128 ./Drivers/STM32F3xx_HAL_Driver/Src/stm32f3xx_hal_uart.o
                0x000000000800adf8                HAL_UART_Transmit
 .text.UART_SetConfig
                0x000000000800af20      0x3ac ./Drivers/STM32F3xx_HAL_Driver/Src/stm32f3xx_hal_uart.o
                0x000000000800af20                UART_SetConfig
 .text.UART_AdvFeatureConfig
                0x000000000800b2cc      0x144 ./Drivers/STM32F3xx_HAL_Driver/Src/stm32f3xx_hal_uart.o
                0x000000000800b2cc                UART_AdvFeatureConfig
 .text.UART_CheckIdleState
                0x000000000800b410       0x92 ./Drivers/STM32F3xx_HAL_Driver/Src/stm32f3xx_hal_uart.o
                0x000000000800b410                UART_CheckIdleState
 .text.UART_WaitOnFlagUntilTimeout
                0x000000000800b4a2      0x188 ./Drivers/STM32F3xx_HAL_Driver/Src/stm32f3xx_hal_uart.o
                0x000000000800b4a2                UART_WaitOnFlagUntilTimeout
 *fill*         0x000000000800b62a        0x2 
 .text.calloc   0x000000000800b62c       0x10 d:/programs/stmicroelectronics/stm32cubeide_1.8.0/stm32cubeide/plugins/com.st.stm32cube.ide.mcu.externaltools.gnu-tools-for-stm32.10.3-2021.10.win32_1.0.0.202111181127/tools/bin/../lib/gcc/arm-none-eabi/10.3.1/../../../../arm-none-eabi/lib/thumb/v7e-m+fp/hard\libc_nano.a(lib_a-calloc.o)
                0x000000000800b62c                calloc
 .text.__errno  0x000000000800b63c        0xc d:/programs/stmicroelectronics/stm32cubeide_1.8.0/stm32cubeide/plugins/com.st.stm32cube.ide.mcu.externaltools.gnu-tools-for-stm32.10.3-2021.10.win32_1.0.0.202111181127/tools/bin/../lib/gcc/arm-none-eabi/10.3.1/../../../../arm-none-eabi/lib/thumb/v7e-m+fp/hard\libc_nano.a(lib_a-errno.o)
                0x000000000800b63c                __errno
 .text.__libc_init_array
                0x000000000800b648       0x48 d:/programs/stmicroelectronics/stm32cubeide_1.8.0/stm32cubeide/plugins/com.st.stm32cube.ide.mcu.externaltools.gnu-tools-for-stm32.10.3-2021.10.win32_1.0.0.202111181127/tools/bin/../lib/gcc/arm-none-eabi/10.3.1/../../../../arm-none-eabi/lib/thumb/v7e-m+fp/hard\libc_nano.a(lib_a-init.o)
                0x000000000800b648                __libc_init_array
 .text.free     0x000000000800b690       0x10 d:/programs/stmicroelectronics/stm32cubeide_1.8.0/stm32cubeide/plugins/com.st.stm32cube.ide.mcu.externaltools.gnu-tools-for-stm32.10.3-2021.10.win32_1.0.0.202111181127/tools/bin/../lib/gcc/arm-none-eabi/10.3.1/../../../../arm-none-eabi/lib/thumb/v7e-m+fp/hard\libc_nano.a(lib_a-malloc.o)
                0x000000000800b690                free
 .text.memcpy   0x000000000800b6a0       0x1c d:/programs/stmicroelectronics/stm32cubeide_1.8.0/stm32cubeide/plugins/com.st.stm32cube.ide.mcu.externaltools.gnu-tools-for-stm32.10.3-2021.10.win32_1.0.0.202111181127/tools/bin/../lib/gcc/arm-none-eabi/10.3.1/../../../../arm-none-eabi/lib/thumb/v7e-m+fp/hard\libc_nano.a(lib_a-memcpy-stub.o)
                0x000000000800b6a0                memcpy
 .text.memmove  0x000000000800b6bc       0x34 d:/programs/stmicroelectronics/stm32cubeide_1.8.0/stm32cubeide/plugins/com.st.stm32cube.ide.mcu.externaltools.gnu-tools-for-stm32.10.3-2021.10.win32_1.0.0.202111181127/tools/bin/../lib/gcc/arm-none-eabi/10.3.1/../../../../arm-none-eabi/lib/thumb/v7e-m+fp/hard\libc_nano.a(lib_a-memmove.o)
                0x000000000800b6bc                memmove
 .text.memset   0x000000000800b6f0       0x10 d:/programs/stmicroelectronics/stm32cubeide_1.8.0/stm32cubeide/plugins/com.st.stm32cube.ide.mcu.externaltools.gnu-tools-for-stm32.10.3-2021.10.win32_1.0.0.202111181127/tools/bin/../lib/gcc/arm-none-eabi/10.3.1/../../../../arm-none-eabi/lib/thumb/v7e-m+fp/hard\libc_nano.a(lib_a-memset.o)
                0x000000000800b6f0                memset
 .text._calloc_r
                0x000000000800b700       0x2c d:/programs/stmicroelectronics/stm32cubeide_1.8.0/stm32cubeide/plugins/com.st.stm32cube.ide.mcu.externaltools.gnu-tools-for-stm32.10.3-2021.10.win32_1.0.0.202111181127/tools/bin/../lib/gcc/arm-none-eabi/10.3.1/../../../../arm-none-eabi/lib/thumb/v7e-m+fp/hard\libc_nano.a(lib_a-nano-callocr.o)
                0x000000000800b700                _calloc_r
 .text._free_r  0x000000000800b72c       0x98 d:/programs/stmicroelectronics/stm32cubeide_1.8.0/stm32cubeide/plugins/com.st.stm32cube.ide.mcu.externaltools.gnu-tools-for-stm32.10.3-2021.10.win32_1.0.0.202111181127/tools/bin/../lib/gcc/arm-none-eabi/10.3.1/../../../../arm-none-eabi/lib/thumb/v7e-m+fp/hard\libc_nano.a(lib_a-nano-freer.o)
                0x000000000800b72c                _free_r
 .text.sbrk_aligned
                0x000000000800b7c4       0x40 d:/programs/stmicroelectronics/stm32cubeide_1.8.0/stm32cubeide/plugins/com.st.stm32cube.ide.mcu.externaltools.gnu-tools-for-stm32.10.3-2021.10.win32_1.0.0.202111181127/tools/bin/../lib/gcc/arm-none-eabi/10.3.1/../../../../arm-none-eabi/lib/thumb/v7e-m+fp/hard\libc_nano.a(lib_a-nano-mallocr.o)
 .text._malloc_r
                0x000000000800b804       0xe8 d:/programs/stmicroelectronics/stm32cubeide_1.8.0/stm32cubeide/plugins/com.st.stm32cube.ide.mcu.externaltools.gnu-tools-for-stm32.10.3-2021.10.win32_1.0.0.202111181127/tools/bin/../lib/gcc/arm-none-eabi/10.3.1/../../../../arm-none-eabi/lib/thumb/v7e-m+fp/hard\libc_nano.a(lib_a-nano-mallocr.o)
                0x000000000800b804                _malloc_r
 .text.printf   0x000000000800b8ec       0x30 d:/programs/stmicroelectronics/stm32cubeide_1.8.0/stm32cubeide/plugins/com.st.stm32cube.ide.mcu.externaltools.gnu-tools-for-stm32.10.3-2021.10.win32_1.0.0.202111181127/tools/bin/../lib/gcc/arm-none-eabi/10.3.1/../../../../arm-none-eabi/lib/thumb/v7e-m+fp/hard\libc_nano.a(lib_a-printf.o)
                0x000000000800b8ec                iprintf
                0x000000000800b8ec                printf
 .text._puts_r  0x000000000800b91c       0xdc d:/programs/stmicroelectronics/stm32cubeide_1.8.0/stm32cubeide/plugins/com.st.stm32cube.ide.mcu.externaltools.gnu-tools-for-stm32.10.3-2021.10.win32_1.0.0.202111181127/tools/bin/../lib/gcc/arm-none-eabi/10.3.1/../../../../arm-none-eabi/lib/thumb/v7e-m+fp/hard\libc_nano.a(lib_a-puts.o)
                0x000000000800b91c                _puts_r
 .text.puts     0x000000000800b9f8       0x10 d:/programs/stmicroelectronics/stm32cubeide_1.8.0/stm32cubeide/plugins/com.st.stm32cube.ide.mcu.externaltools.gnu-tools-for-stm32.10.3-2021.10.win32_1.0.0.202111181127/tools/bin/../lib/gcc/arm-none-eabi/10.3.1/../../../../arm-none-eabi/lib/thumb/v7e-m+fp/hard\libc_nano.a(lib_a-puts.o)
                0x000000000800b9f8                puts
 .text._sbrk_r  0x000000000800ba08       0x20 d:/programs/stmicroelectronics/stm32cubeide_1.8.0/stm32cubeide/plugins/com.st.stm32cube.ide.mcu.externaltools.gnu-tools-for-stm32.10.3-2021.10.win32_1.0.0.202111181127/tools/bin/../lib/gcc/arm-none-eabi/10.3.1/../../../../arm-none-eabi/lib/thumb/v7e-m+fp/hard\libc_nano.a(lib_a-sbrkr.o)
                0x000000000800ba08                _sbrk_r
 .text.__swbuf_r
                0x000000000800ba28       0xa4 d:/programs/stmicroelectronics/stm32cubeide_1.8.0/stm32cubeide/plugins/com.st.stm32cube.ide.mcu.externaltools.gnu-tools-for-stm32.10.3-2021.10.win32_1.0.0.202111181127/tools/bin/../lib/gcc/arm-none-eabi/10.3.1/../../../../arm-none-eabi/lib/thumb/v7e-m+fp/hard\libc_nano.a(lib_a-wbuf.o)
                0x000000000800ba28                __swbuf_r
 .text.__swsetup_r
                0x000000000800bacc       0xdc d:/programs/stmicroelectronics/stm32cubeide_1.8.0/stm32cubeide/plugins/com.st.stm32cube.ide.mcu.externaltools.gnu-tools-for-stm32.10.3-2021.10.win32_1.0.0.202111181127/tools/bin/../lib/gcc/arm-none-eabi/10.3.1/../../../../arm-none-eabi/lib/thumb/v7e-m+fp/hard\libc_nano.a(lib_a-wsetup.o)
                0x000000000800bacc                __swsetup_r
 .text.__sflush_r
                0x000000000800bba8      0x10c d:/programs/stmicroelectronics/stm32cubeide_1.8.0/stm32cubeide/plugins/com.st.stm32cube.ide.mcu.externaltools.gnu-tools-for-stm32.10.3-2021.10.win32_1.0.0.202111181127/tools/bin/../lib/gcc/arm-none-eabi/10.3.1/../../../../arm-none-eabi/lib/thumb/v7e-m+fp/hard\libc_nano.a(lib_a-fflush.o)
                0x000000000800bba8                __sflush_r
 .text._fflush_r
                0x000000000800bcb4       0x78 d:/programs/stmicroelectronics/stm32cubeide_1.8.0/stm32cubeide/plugins/com.st.stm32cube.ide.mcu.externaltools.gnu-tools-for-stm32.10.3-2021.10.win32_1.0.0.202111181127/tools/bin/../lib/gcc/arm-none-eabi/10.3.1/../../../../arm-none-eabi/lib/thumb/v7e-m+fp/hard\libc_nano.a(lib_a-fflush.o)
                0x000000000800bcb4                _fflush_r
 .text.std      0x000000000800bd2c       0x48 d:/programs/stmicroelectronics/stm32cubeide_1.8.0/stm32cubeide/plugins/com.st.stm32cube.ide.mcu.externaltools.gnu-tools-for-stm32.10.3-2021.10.win32_1.0.0.202111181127/tools/bin/../lib/gcc/arm-none-eabi/10.3.1/../../../../arm-none-eabi/lib/thumb/v7e-m+fp/hard\libc_nano.a(lib_a-findfp.o)
 .text._cleanup_r
                0x000000000800bd74        0xc d:/programs/stmicroelectronics/stm32cubeide_1.8.0/stm32cubeide/plugins/com.st.stm32cube.ide.mcu.externaltools.gnu-tools-for-stm32.10.3-2021.10.win32_1.0.0.202111181127/tools/bin/../lib/gcc/arm-none-eabi/10.3.1/../../../../arm-none-eabi/lib/thumb/v7e-m+fp/hard\libc_nano.a(lib_a-findfp.o)
                0x000000000800bd74                _cleanup_r
 .text.__sfmoreglue
                0x000000000800bd80       0x2c d:/programs/stmicroelectronics/stm32cubeide_1.8.0/stm32cubeide/plugins/com.st.stm32cube.ide.mcu.externaltools.gnu-tools-for-stm32.10.3-2021.10.win32_1.0.0.202111181127/tools/bin/../lib/gcc/arm-none-eabi/10.3.1/../../../../arm-none-eabi/lib/thumb/v7e-m+fp/hard\libc_nano.a(lib_a-findfp.o)
                0x000000000800bd80                __sfmoreglue
 .text.__sfp_lock_acquire
                0x000000000800bdac        0xc d:/programs/stmicroelectronics/stm32cubeide_1.8.0/stm32cubeide/plugins/com.st.stm32cube.ide.mcu.externaltools.gnu-tools-for-stm32.10.3-2021.10.win32_1.0.0.202111181127/tools/bin/../lib/gcc/arm-none-eabi/10.3.1/../../../../arm-none-eabi/lib/thumb/v7e-m+fp/hard\libc_nano.a(lib_a-findfp.o)
                0x000000000800bdac                __sfp_lock_acquire
 .text.__sfp_lock_release
                0x000000000800bdb8        0xc d:/programs/stmicroelectronics/stm32cubeide_1.8.0/stm32cubeide/plugins/com.st.stm32cube.ide.mcu.externaltools.gnu-tools-for-stm32.10.3-2021.10.win32_1.0.0.202111181127/tools/bin/../lib/gcc/arm-none-eabi/10.3.1/../../../../arm-none-eabi/lib/thumb/v7e-m+fp/hard\libc_nano.a(lib_a-findfp.o)
                0x000000000800bdb8                __sfp_lock_release
 .text.__sinit_lock_acquire
                0x000000000800bdc4        0xc d:/programs/stmicroelectronics/stm32cubeide_1.8.0/stm32cubeide/plugins/com.st.stm32cube.ide.mcu.externaltools.gnu-tools-for-stm32.10.3-2021.10.win32_1.0.0.202111181127/tools/bin/../lib/gcc/arm-none-eabi/10.3.1/../../../../arm-none-eabi/lib/thumb/v7e-m+fp/hard\libc_nano.a(lib_a-findfp.o)
                0x000000000800bdc4                __sinit_lock_acquire
 .text.__sinit_lock_release
                0x000000000800bdd0        0xc d:/programs/stmicroelectronics/stm32cubeide_1.8.0/stm32cubeide/plugins/com.st.stm32cube.ide.mcu.externaltools.gnu-tools-for-stm32.10.3-2021.10.win32_1.0.0.202111181127/tools/bin/../lib/gcc/arm-none-eabi/10.3.1/../../../../arm-none-eabi/lib/thumb/v7e-m+fp/hard\libc_nano.a(lib_a-findfp.o)
                0x000000000800bdd0                __sinit_lock_release
 .text.__sinit  0x000000000800bddc       0x70 d:/programs/stmicroelectronics/stm32cubeide_1.8.0/stm32cubeide/plugins/com.st.stm32cube.ide.mcu.externaltools.gnu-tools-for-stm32.10.3-2021.10.win32_1.0.0.202111181127/tools/bin/../lib/gcc/arm-none-eabi/10.3.1/../../../../arm-none-eabi/lib/thumb/v7e-m+fp/hard\libc_nano.a(lib_a-findfp.o)
                0x000000000800bddc                __sinit
 .text.__sfp    0x000000000800be4c       0x8c d:/programs/stmicroelectronics/stm32cubeide_1.8.0/stm32cubeide/plugins/com.st.stm32cube.ide.mcu.externaltools.gnu-tools-for-stm32.10.3-2021.10.win32_1.0.0.202111181127/tools/bin/../lib/gcc/arm-none-eabi/10.3.1/../../../../arm-none-eabi/lib/thumb/v7e-m+fp/hard\libc_nano.a(lib_a-findfp.o)
                0x000000000800be4c                __sfp
 .text._fwalk_reent
                0x000000000800bed8       0x3e d:/programs/stmicroelectronics/stm32cubeide_1.8.0/stm32cubeide/plugins/com.st.stm32cube.ide.mcu.externaltools.gnu-tools-for-stm32.10.3-2021.10.win32_1.0.0.202111181127/tools/bin/../lib/gcc/arm-none-eabi/10.3.1/../../../../arm-none-eabi/lib/thumb/v7e-m+fp/hard\libc_nano.a(lib_a-fwalk.o)
                0x000000000800bed8                _fwalk_reent
 .text.__retarget_lock_init_recursive
                0x000000000800bf16        0x2 d:/programs/stmicroelectronics/stm32cubeide_1.8.0/stm32cubeide/plugins/com.st.stm32cube.ide.mcu.externaltools.gnu-tools-for-stm32.10.3-2021.10.win32_1.0.0.202111181127/tools/bin/../lib/gcc/arm-none-eabi/10.3.1/../../../../arm-none-eabi/lib/thumb/v7e-m+fp/hard\libc_nano.a(lib_a-lock.o)
                0x000000000800bf16                __retarget_lock_init_recursive
 .text.__retarget_lock_acquire_recursive
                0x000000000800bf18        0x2 d:/programs/stmicroelectronics/stm32cubeide_1.8.0/stm32cubeide/plugins/com.st.stm32cube.ide.mcu.externaltools.gnu-tools-for-stm32.10.3-2021.10.win32_1.0.0.202111181127/tools/bin/../lib/gcc/arm-none-eabi/10.3.1/../../../../arm-none-eabi/lib/thumb/v7e-m+fp/hard\libc_nano.a(lib_a-lock.o)
                0x000000000800bf18                __retarget_lock_acquire_recursive
 .text.__retarget_lock_release_recursive
                0x000000000800bf1a        0x2 d:/programs/stmicroelectronics/stm32cubeide_1.8.0/stm32cubeide/plugins/com.st.stm32cube.ide.mcu.externaltools.gnu-tools-for-stm32.10.3-2021.10.win32_1.0.0.202111181127/tools/bin/../lib/gcc/arm-none-eabi/10.3.1/../../../../arm-none-eabi/lib/thumb/v7e-m+fp/hard\libc_nano.a(lib_a-lock.o)
                0x000000000800bf1a                __retarget_lock_release_recursive
 .text.__swhatbuf_r
                0x000000000800bf1c       0x4a d:/programs/stmicroelectronics/stm32cubeide_1.8.0/stm32cubeide/plugins/com.st.stm32cube.ide.mcu.externaltools.gnu-tools-for-stm32.10.3-2021.10.win32_1.0.0.202111181127/tools/bin/../lib/gcc/arm-none-eabi/10.3.1/../../../../arm-none-eabi/lib/thumb/v7e-m+fp/hard\libc_nano.a(lib_a-makebuf.o)
                0x000000000800bf1c                __swhatbuf_r
 *fill*         0x000000000800bf66        0x2 
 .text.__smakebuf_r
                0x000000000800bf68       0x80 d:/programs/stmicroelectronics/stm32cubeide_1.8.0/stm32cubeide/plugins/com.st.stm32cube.ide.mcu.externaltools.gnu-tools-for-stm32.10.3-2021.10.win32_1.0.0.202111181127/tools/bin/../lib/gcc/arm-none-eabi/10.3.1/../../../../arm-none-eabi/lib/thumb/v7e-m+fp/hard\libc_nano.a(lib_a-makebuf.o)
                0x000000000800bf68                __smakebuf_r
 .text.__malloc_lock
                0x000000000800bfe8        0xc d:/programs/stmicroelectronics/stm32cubeide_1.8.0/stm32cubeide/plugins/com.st.stm32cube.ide.mcu.externaltools.gnu-tools-for-stm32.10.3-2021.10.win32_1.0.0.202111181127/tools/bin/../lib/gcc/arm-none-eabi/10.3.1/../../../../arm-none-eabi/lib/thumb/v7e-m+fp/hard\libc_nano.a(lib_a-mlock.o)
                0x000000000800bfe8                __malloc_lock
 .text.__malloc_unlock
                0x000000000800bff4        0xc d:/programs/stmicroelectronics/stm32cubeide_1.8.0/stm32cubeide/plugins/com.st.stm32cube.ide.mcu.externaltools.gnu-tools-for-stm32.10.3-2021.10.win32_1.0.0.202111181127/tools/bin/../lib/gcc/arm-none-eabi/10.3.1/../../../../arm-none-eabi/lib/thumb/v7e-m+fp/hard\libc_nano.a(lib_a-mlock.o)
                0x000000000800bff4                __malloc_unlock
 .text.__sfputc_r
                0x000000000800c000       0x2e d:/programs/stmicroelectronics/stm32cubeide_1.8.0/stm32cubeide/plugins/com.st.stm32cube.ide.mcu.externaltools.gnu-tools-for-stm32.10.3-2021.10.win32_1.0.0.202111181127/tools/bin/../lib/gcc/arm-none-eabi/10.3.1/../../../../arm-none-eabi/lib/thumb/v7e-m+fp/hard\libc_nano.a(lib_a-nano-vfprintf.o)
 .text.__sfputs_r
                0x000000000800c02e       0x24 d:/programs/stmicroelectronics/stm32cubeide_1.8.0/stm32cubeide/plugins/com.st.stm32cube.ide.mcu.externaltools.gnu-tools-for-stm32.10.3-2021.10.win32_1.0.0.202111181127/tools/bin/../lib/gcc/arm-none-eabi/10.3.1/../../../../arm-none-eabi/lib/thumb/v7e-m+fp/hard\libc_nano.a(lib_a-nano-vfprintf.o)
                0x000000000800c02e                __sfputs_r
 *fill*         0x000000000800c052        0x2 
 .text._vfprintf_r
                0x000000000800c054      0x260 d:/programs/stmicroelectronics/stm32cubeide_1.8.0/stm32cubeide/plugins/com.st.stm32cube.ide.mcu.externaltools.gnu-tools-for-stm32.10.3-2021.10.win32_1.0.0.202111181127/tools/bin/../lib/gcc/arm-none-eabi/10.3.1/../../../../arm-none-eabi/lib/thumb/v7e-m+fp/hard\libc_nano.a(lib_a-nano-vfprintf.o)
                0x000000000800c054                _vfprintf_r
                0x000000000800c054                _vfiprintf_r
 .text._printf_common
                0x000000000800c2b4       0xda d:/programs/stmicroelectronics/stm32cubeide_1.8.0/stm32cubeide/plugins/com.st.stm32cube.ide.mcu.externaltools.gnu-tools-for-stm32.10.3-2021.10.win32_1.0.0.202111181127/tools/bin/../lib/gcc/arm-none-eabi/10.3.1/../../../../arm-none-eabi/lib/thumb/v7e-m+fp/hard\libc_nano.a(lib_a-nano-vfprintf_i.o)
                0x000000000800c2b4                _printf_common
 *fill*         0x000000000800c38e        0x2 
 .text._printf_i
                0x000000000800c390      0x24c d:/programs/stmicroelectronics/stm32cubeide_1.8.0/stm32cubeide/plugins/com.st.stm32cube.ide.mcu.externaltools.gnu-tools-for-stm32.10.3-2021.10.win32_1.0.0.202111181127/tools/bin/../lib/gcc/arm-none-eabi/10.3.1/../../../../arm-none-eabi/lib/thumb/v7e-m+fp/hard\libc_nano.a(lib_a-nano-vfprintf_i.o)
                0x000000000800c390                _printf_i
 .text.__sread  0x000000000800c5dc       0x22 d:/programs/stmicroelectronics/stm32cubeide_1.8.0/stm32cubeide/plugins/com.st.stm32cube.ide.mcu.externaltools.gnu-tools-for-stm32.10.3-2021.10.win32_1.0.0.202111181127/tools/bin/../lib/gcc/arm-none-eabi/10.3.1/../../../../arm-none-eabi/lib/thumb/v7e-m+fp/hard\libc_nano.a(lib_a-stdio.o)
                0x000000000800c5dc                __sread
 .text.__swrite
                0x000000000800c5fe       0x38 d:/programs/stmicroelectronics/stm32cubeide_1.8.0/stm32cubeide/plugins/com.st.stm32cube.ide.mcu.externaltools.gnu-tools-for-stm32.10.3-2021.10.win32_1.0.0.202111181127/tools/bin/../lib/gcc/arm-none-eabi/10.3.1/../../../../arm-none-eabi/lib/thumb/v7e-m+fp/hard\libc_nano.a(lib_a-stdio.o)
                0x000000000800c5fe                __swrite
 .text.__sseek  0x000000000800c636       0x24 d:/programs/stmicroelectronics/stm32cubeide_1.8.0/stm32cubeide/plugins/com.st.stm32cube.ide.mcu.externaltools.gnu-tools-for-stm32.10.3-2021.10.win32_1.0.0.202111181127/tools/bin/../lib/gcc/arm-none-eabi/10.3.1/../../../../arm-none-eabi/lib/thumb/v7e-m+fp/hard\libc_nano.a(lib_a-stdio.o)
                0x000000000800c636                __sseek
 .text.__sclose
                0x000000000800c65a        0x8 d:/programs/stmicroelectronics/stm32cubeide_1.8.0/stm32cubeide/plugins/com.st.stm32cube.ide.mcu.externaltools.gnu-tools-for-stm32.10.3-2021.10.win32_1.0.0.202111181127/tools/bin/../lib/gcc/arm-none-eabi/10.3.1/../../../../arm-none-eabi/lib/thumb/v7e-m+fp/hard\libc_nano.a(lib_a-stdio.o)
                0x000000000800c65a                __sclose
 *fill*         0x000000000800c662        0x2 
 .text._write_r
                0x000000000800c664       0x24 d:/programs/stmicroelectronics/stm32cubeide_1.8.0/stm32cubeide/plugins/com.st.stm32cube.ide.mcu.externaltools.gnu-tools-for-stm32.10.3-2021.10.win32_1.0.0.202111181127/tools/bin/../lib/gcc/arm-none-eabi/10.3.1/../../../../arm-none-eabi/lib/thumb/v7e-m+fp/hard\libc_nano.a(lib_a-writer.o)
                0x000000000800c664                _write_r
 .text._close_r
                0x000000000800c688       0x20 d:/programs/stmicroelectronics/stm32cubeide_1.8.0/stm32cubeide/plugins/com.st.stm32cube.ide.mcu.externaltools.gnu-tools-for-stm32.10.3-2021.10.win32_1.0.0.202111181127/tools/bin/../lib/gcc/arm-none-eabi/10.3.1/../../../../arm-none-eabi/lib/thumb/v7e-m+fp/hard\libc_nano.a(lib_a-closer.o)
                0x000000000800c688                _close_r
 .text._fstat_r
                0x000000000800c6a8       0x24 d:/programs/stmicroelectronics/stm32cubeide_1.8.0/stm32cubeide/plugins/com.st.stm32cube.ide.mcu.externaltools.gnu-tools-for-stm32.10.3-2021.10.win32_1.0.0.202111181127/tools/bin/../lib/gcc/arm-none-eabi/10.3.1/../../../../arm-none-eabi/lib/thumb/v7e-m+fp/hard\libc_nano.a(lib_a-fstatr.o)
                0x000000000800c6a8                _fstat_r
 .text._isatty_r
                0x000000000800c6cc       0x20 d:/programs/stmicroelectronics/stm32cubeide_1.8.0/stm32cubeide/plugins/com.st.stm32cube.ide.mcu.externaltools.gnu-tools-for-stm32.10.3-2021.10.win32_1.0.0.202111181127/tools/bin/../lib/gcc/arm-none-eabi/10.3.1/../../../../arm-none-eabi/lib/thumb/v7e-m+fp/hard\libc_nano.a(lib_a-isattyr.o)
                0x000000000800c6cc                _isatty_r
 .text._lseek_r
                0x000000000800c6ec       0x24 d:/programs/stmicroelectronics/stm32cubeide_1.8.0/stm32cubeide/plugins/com.st.stm32cube.ide.mcu.externaltools.gnu-tools-for-stm32.10.3-2021.10.win32_1.0.0.202111181127/tools/bin/../lib/gcc/arm-none-eabi/10.3.1/../../../../arm-none-eabi/lib/thumb/v7e-m+fp/hard\libc_nano.a(lib_a-lseekr.o)
                0x000000000800c6ec                _lseek_r
 .text._read_r  0x000000000800c710       0x24 d:/programs/stmicroelectronics/stm32cubeide_1.8.0/stm32cubeide/plugins/com.st.stm32cube.ide.mcu.externaltools.gnu-tools-for-stm32.10.3-2021.10.win32_1.0.0.202111181127/tools/bin/../lib/gcc/arm-none-eabi/10.3.1/../../../../arm-none-eabi/lib/thumb/v7e-m+fp/hard\libc_nano.a(lib_a-readr.o)
                0x000000000800c710                _read_r
 *(.glue_7)
 .glue_7        0x000000000800c734        0x0 linker stubs
 *(.glue_7t)
 .glue_7t       0x000000000800c734        0x0 linker stubs
 *(.eh_frame)
 .eh_frame      0x000000000800c734        0x0 d:/programs/stmicroelectronics/stm32cubeide_1.8.0/stm32cubeide/plugins/com.st.stm32cube.ide.mcu.externaltools.gnu-tools-for-stm32.10.3-2021.10.win32_1.0.0.202111181127/tools/bin/../lib/gcc/arm-none-eabi/10.3.1/thumb/v7e-m+fp/hard/crtbegin.o
 *(.init)
 .init          0x000000000800c734        0x4 d:/programs/stmicroelectronics/stm32cubeide_1.8.0/stm32cubeide/plugins/com.st.stm32cube.ide.mcu.externaltools.gnu-tools-for-stm32.10.3-2021.10.win32_1.0.0.202111181127/tools/bin/../lib/gcc/arm-none-eabi/10.3.1/thumb/v7e-m+fp/hard/crti.o
                0x000000000800c734                _init
 .init          0x000000000800c738        0x8 d:/programs/stmicroelectronics/stm32cubeide_1.8.0/stm32cubeide/plugins/com.st.stm32cube.ide.mcu.externaltools.gnu-tools-for-stm32.10.3-2021.10.win32_1.0.0.202111181127/tools/bin/../lib/gcc/arm-none-eabi/10.3.1/thumb/v7e-m+fp/hard/crtn.o
 *(.fini)
 .fini          0x000000000800c740        0x4 d:/programs/stmicroelectronics/stm32cubeide_1.8.0/stm32cubeide/plugins/com.st.stm32cube.ide.mcu.externaltools.gnu-tools-for-stm32.10.3-2021.10.win32_1.0.0.202111181127/tools/bin/../lib/gcc/arm-none-eabi/10.3.1/thumb/v7e-m+fp/hard/crti.o
                0x000000000800c740                _fini
 .fini          0x000000000800c744        0x8 d:/programs/stmicroelectronics/stm32cubeide_1.8.0/stm32cubeide/plugins/com.st.stm32cube.ide.mcu.externaltools.gnu-tools-for-stm32.10.3-2021.10.win32_1.0.0.202111181127/tools/bin/../lib/gcc/arm-none-eabi/10.3.1/thumb/v7e-m+fp/hard/crtn.o
                0x000000000800c74c                . = ALIGN (0x4)
                0x000000000800c74c                _etext = .

.vfp11_veneer   0x000000000800c74c        0x0
 .vfp11_veneer  0x000000000800c74c        0x0 linker stubs

.v4_bx          0x000000000800c74c        0x0
 .v4_bx         0x000000000800c74c        0x0 linker stubs

.iplt           0x000000000800c74c        0x0
 .iplt          0x000000000800c74c        0x0 d:/programs/stmicroelectronics/stm32cubeide_1.8.0/stm32cubeide/plugins/com.st.stm32cube.ide.mcu.externaltools.gnu-tools-for-stm32.10.3-2021.10.win32_1.0.0.202111181127/tools/bin/../lib/gcc/arm-none-eabi/10.3.1/thumb/v7e-m+fp/hard/crtbegin.o

.rodata         0x000000000800c74c      0xaf0
                0x000000000800c74c                . = ALIGN (0x4)
 *(.rodata)
 .rodata        0x000000000800c74c      0x19e ./CANopen/CANopenNode.o
 *fill*         0x000000000800c8ea        0x2 
 .rodata        0x000000000800c8ec       0x11 ./Core/Src/main.o
 *(.rodata*)
 *fill*         0x000000000800c8fd        0x3 
 .rodata.ODObjs
                0x000000000800c900      0x7f0 ./CANopen/driver/OD.o
 .rodata.abortCodes.0
                0x000000000800d0f0       0x68 ./CANopen/stack/301/CO_ODinterface.o
 .rodata.CO_LSS_bitTimingTableLookup
                0x000000000800d158       0x14 ./CANopen/stack/305/CO_LSSslave.o
 .rodata.AHBPrescTable
                0x000000000800d16c       0x10 ./Core/Src/system_stm32f3xx.o
                0x000000000800d16c                AHBPrescTable
 .rodata.APBPrescTable
                0x000000000800d17c        0x8 ./Core/Src/system_stm32f3xx.o
                0x000000000800d17c                APBPrescTable
 .rodata.aPLLMULFactorTable
                0x000000000800d184       0x10 ./Drivers/STM32F3xx_HAL_Driver/Src/stm32f3xx_hal_rcc.o
                0x000000000800d184                aPLLMULFactorTable
 .rodata.aPredivFactorTable
                0x000000000800d194       0x10 ./Drivers/STM32F3xx_HAL_Driver/Src/stm32f3xx_hal_rcc.o
                0x000000000800d194                aPredivFactorTable
 .rodata._global_impure_ptr
                0x000000000800d1a4        0x4 d:/programs/stmicroelectronics/stm32cubeide_1.8.0/stm32cubeide/plugins/com.st.stm32cube.ide.mcu.externaltools.gnu-tools-for-stm32.10.3-2021.10.win32_1.0.0.202111181127/tools/bin/../lib/gcc/arm-none-eabi/10.3.1/../../../../arm-none-eabi/lib/thumb/v7e-m+fp/hard\libc_nano.a(lib_a-impure.o)
                0x000000000800d1a4                _global_impure_ptr
 .rodata.__sf_fake_stderr
                0x000000000800d1a8       0x20 d:/programs/stmicroelectronics/stm32cubeide_1.8.0/stm32cubeide/plugins/com.st.stm32cube.ide.mcu.externaltools.gnu-tools-for-stm32.10.3-2021.10.win32_1.0.0.202111181127/tools/bin/../lib/gcc/arm-none-eabi/10.3.1/../../../../arm-none-eabi/lib/thumb/v7e-m+fp/hard\libc_nano.a(lib_a-findfp.o)
                0x000000000800d1a8                __sf_fake_stderr
 .rodata.__sf_fake_stdin
                0x000000000800d1c8       0x20 d:/programs/stmicroelectronics/stm32cubeide_1.8.0/stm32cubeide/plugins/com.st.stm32cube.ide.mcu.externaltools.gnu-tools-for-stm32.10.3-2021.10.win32_1.0.0.202111181127/tools/bin/../lib/gcc/arm-none-eabi/10.3.1/../../../../arm-none-eabi/lib/thumb/v7e-m+fp/hard\libc_nano.a(lib_a-findfp.o)
                0x000000000800d1c8                __sf_fake_stdin
 .rodata.__sf_fake_stdout
                0x000000000800d1e8       0x20 d:/programs/stmicroelectronics/stm32cubeide_1.8.0/stm32cubeide/plugins/com.st.stm32cube.ide.mcu.externaltools.gnu-tools-for-stm32.10.3-2021.10.win32_1.0.0.202111181127/tools/bin/../lib/gcc/arm-none-eabi/10.3.1/../../../../arm-none-eabi/lib/thumb/v7e-m+fp/hard\libc_nano.a(lib_a-findfp.o)
                0x000000000800d1e8                __sf_fake_stdout
 .rodata._vfprintf_r.str1.1
                0x000000000800d208       0x11 d:/programs/stmicroelectronics/stm32cubeide_1.8.0/stm32cubeide/plugins/com.st.stm32cube.ide.mcu.externaltools.gnu-tools-for-stm32.10.3-2021.10.win32_1.0.0.202111181127/tools/bin/../lib/gcc/arm-none-eabi/10.3.1/../../../../arm-none-eabi/lib/thumb/v7e-m+fp/hard\libc_nano.a(lib_a-nano-vfprintf.o)
 .rodata._printf_i.str1.1
                0x000000000800d219       0x22 d:/programs/stmicroelectronics/stm32cubeide_1.8.0/stm32cubeide/plugins/com.st.stm32cube.ide.mcu.externaltools.gnu-tools-for-stm32.10.3-2021.10.win32_1.0.0.202111181127/tools/bin/../lib/gcc/arm-none-eabi/10.3.1/../../../../arm-none-eabi/lib/thumb/v7e-m+fp/hard\libc_nano.a(lib_a-nano-vfprintf_i.o)
                0x000000000800d23c                . = ALIGN (0x4)
 *fill*         0x000000000800d23b        0x1 

.rel.dyn        0x000000000800d23c        0x0
 .rel.iplt      0x000000000800d23c        0x0 d:/programs/stmicroelectronics/stm32cubeide_1.8.0/stm32cubeide/plugins/com.st.stm32cube.ide.mcu.externaltools.gnu-tools-for-stm32.10.3-2021.10.win32_1.0.0.202111181127/tools/bin/../lib/gcc/arm-none-eabi/10.3.1/thumb/v7e-m+fp/hard/crtbegin.o

.ARM.extab      0x000000000800d23c        0x0
                0x000000000800d23c                . = ALIGN (0x4)
 *(.ARM.extab* .gnu.linkonce.armextab.*)
                0x000000000800d23c                . = ALIGN (0x4)

.ARM            0x000000000800d23c        0x0
                0x000000000800d23c                . = ALIGN (0x4)
                0x000000000800d23c                __exidx_start = .
 *(.ARM.exidx*)
                0x000000000800d23c                __exidx_end = .
                0x000000000800d23c                . = ALIGN (0x4)

.preinit_array  0x000000000800d23c        0x0
                0x000000000800d23c                . = ALIGN (0x4)
                0x000000000800d23c                PROVIDE (__preinit_array_start = .)
 *(.preinit_array*)
                0x000000000800d23c                PROVIDE (__preinit_array_end = .)
                0x000000000800d23c                . = ALIGN (0x4)

.init_array     0x000000000800d23c        0x4
                0x000000000800d23c                . = ALIGN (0x4)
                0x000000000800d23c                PROVIDE (__init_array_start = .)
 *(SORT_BY_NAME(.init_array.*))
 *(.init_array*)
 .init_array    0x000000000800d23c        0x4 d:/programs/stmicroelectronics/stm32cubeide_1.8.0/stm32cubeide/plugins/com.st.stm32cube.ide.mcu.externaltools.gnu-tools-for-stm32.10.3-2021.10.win32_1.0.0.202111181127/tools/bin/../lib/gcc/arm-none-eabi/10.3.1/thumb/v7e-m+fp/hard/crtbegin.o
                0x000000000800d240                PROVIDE (__init_array_end = .)
                0x000000000800d240                . = ALIGN (0x4)

.fini_array     0x000000000800d240        0x4
                0x000000000800d240                . = ALIGN (0x4)
                [!provide]                        PROVIDE (__fini_array_start = .)
 *(SORT_BY_NAME(.fini_array.*))
 *(.fini_array*)
 .fini_array    0x000000000800d240        0x4 d:/programs/stmicroelectronics/stm32cubeide_1.8.0/stm32cubeide/plugins/com.st.stm32cube.ide.mcu.externaltools.gnu-tools-for-stm32.10.3-2021.10.win32_1.0.0.202111181127/tools/bin/../lib/gcc/arm-none-eabi/10.3.1/thumb/v7e-m+fp/hard/crtbegin.o
                [!provide]                        PROVIDE (__fini_array_end = .)
                0x000000000800d244                . = ALIGN (0x4)
                0x000000000800d244                _sidata = LOADADDR (.data)

.data           0x0000000020000000      0xa50 load address 0x000000000800d244
                0x0000000020000000                . = ALIGN (0x4)
                0x0000000020000000                _sdata = .
 *(.data)
 *(.data*)
 .data.OD_PERSIST_COMM
                0x0000000020000000      0x1f8 ./CANopen/driver/OD.o
                0x0000000020000000                OD_PERSIST_COMM
 .data.OD_RAM   0x00000000200001f8       0xd8 ./CANopen/driver/OD.o
                0x00000000200001f8                OD_RAM
 .data.OD_PERSIST_APP_AUTO
                0x00000000200002d0       0x48 ./CANopen/driver/OD.o
                0x00000000200002d0                OD_PERSIST_APP_AUTO
 .data.OD_PERSIST_APP
                0x0000000020000318      0x470 ./CANopen/driver/OD.o
                0x0000000020000318                OD_PERSIST_APP
 .data.ODList   0x0000000020000788      0x24c ./CANopen/driver/OD.o
 .data._OD      0x00000000200009d4        0x8 ./CANopen/driver/OD.o
 .data.OD       0x00000000200009dc        0x4 ./CANopen/driver/OD.o
                0x00000000200009dc                OD
 .data.SystemCoreClock
                0x00000000200009e0        0x4 ./Core/Src/system_stm32f3xx.o
                0x00000000200009e0                SystemCoreClock
 .data.uwTickPrio
                0x00000000200009e4        0x4 ./Drivers/STM32F3xx_HAL_Driver/Src/stm32f3xx_hal.o
                0x00000000200009e4                uwTickPrio
 .data.uwTickFreq
                0x00000000200009e8        0x1 ./Drivers/STM32F3xx_HAL_Driver/Src/stm32f3xx_hal.o
                0x00000000200009e8                uwTickFreq
 *fill*         0x00000000200009e9        0x3 
 .data._impure_ptr
                0x00000000200009ec        0x4 d:/programs/stmicroelectronics/stm32cubeide_1.8.0/stm32cubeide/plugins/com.st.stm32cube.ide.mcu.externaltools.gnu-tools-for-stm32.10.3-2021.10.win32_1.0.0.202111181127/tools/bin/../lib/gcc/arm-none-eabi/10.3.1/../../../../arm-none-eabi/lib/thumb/v7e-m+fp/hard\libc_nano.a(lib_a-impure.o)
                0x00000000200009ec                _impure_ptr
 .data.impure_data
                0x00000000200009f0       0x60 d:/programs/stmicroelectronics/stm32cubeide_1.8.0/stm32cubeide/plugins/com.st.stm32cube.ide.mcu.externaltools.gnu-tools-for-stm32.10.3-2021.10.win32_1.0.0.202111181127/tools/bin/../lib/gcc/arm-none-eabi/10.3.1/../../../../arm-none-eabi/lib/thumb/v7e-m+fp/hard\libc_nano.a(lib_a-impure.o)
 *(.RamFunc)
 *(.RamFunc*)
                0x0000000020000a50                . = ALIGN (0x4)
                0x0000000020000a50                _edata = .
                0x000000000800dc94                _siccmram = LOADADDR (.ccmram)

.igot.plt       0x0000000020000a50        0x0 load address 0x000000000800dc94
 .igot.plt      0x0000000020000a50        0x0 d:/programs/stmicroelectronics/stm32cubeide_1.8.0/stm32cubeide/plugins/com.st.stm32cube.ide.mcu.externaltools.gnu-tools-for-stm32.10.3-2021.10.win32_1.0.0.202111181127/tools/bin/../lib/gcc/arm-none-eabi/10.3.1/thumb/v7e-m+fp/hard/crtbegin.o

.ccmram         0x0000000010000000        0x0 load address 0x000000000800dc94
                0x0000000010000000                . = ALIGN (0x4)
                0x0000000010000000                _sccmram = .
 *(.ccmram)
 *(.ccmram*)
                0x0000000010000000                . = ALIGN (0x4)
                0x0000000010000000                _eccmram = .
                0x0000000010000000                . = ALIGN (0x4)

.bss            0x0000000020000a50      0x138
                0x0000000020000a50                _sbss = .
                0x0000000020000a50                __bss_start__ = _sbss
 *(.bss)
 .bss           0x0000000020000a50       0x1c d:/programs/stmicroelectronics/stm32cubeide_1.8.0/stm32cubeide/plugins/com.st.stm32cube.ide.mcu.externaltools.gnu-tools-for-stm32.10.3-2021.10.win32_1.0.0.202111181127/tools/bin/../lib/gcc/arm-none-eabi/10.3.1/thumb/v7e-m+fp/hard/crtbegin.o
 *(.bss*)
 .bss.CO        0x0000000020000a6c        0x4 ./CANopen/CANopenNode.o
 .bss.reset     0x0000000020000a70        0x1 ./CANopen/CANopenNode.o
 *fill*         0x0000000020000a71        0x1 
 .bss.rxErrors  0x0000000020000a72        0x2 ./CANopen/driver/CO_driver_blank.o
 .bss.txErrors  0x0000000020000a74        0x2 ./CANopen/driver/CO_driver_blank.o
 .bss.overflow  0x0000000020000a76        0x2 ./CANopen/driver/CO_driver_blank.o
 .bss.hcan      0x0000000020000a78       0x28 ./Core/Src/can.o
                0x0000000020000a78                hcan
 .bss.__sbrk_heap_end
                0x0000000020000aa0        0x4 ./Core/Src/sysmem.o
 .bss.htim6     0x0000000020000aa4       0x4c ./Core/Src/tim.o
                0x0000000020000aa4                htim6
 .bss.huart2    0x0000000020000af0       0x84 ./Core/Src/usart.o
                0x0000000020000af0                huart2
 .bss.uwTick    0x0000000020000b74        0x4 ./Drivers/STM32F3xx_HAL_Driver/Src/stm32f3xx_hal.o
                0x0000000020000b74                uwTick
 .bss.__malloc_free_list
                0x0000000020000b78        0x4 d:/programs/stmicroelectronics/stm32cubeide_1.8.0/stm32cubeide/plugins/com.st.stm32cube.ide.mcu.externaltools.gnu-tools-for-stm32.10.3-2021.10.win32_1.0.0.202111181127/tools/bin/../lib/gcc/arm-none-eabi/10.3.1/../../../../arm-none-eabi/lib/thumb/v7e-m+fp/hard\libc_nano.a(lib_a-nano-mallocr.o)
                0x0000000020000b78                __malloc_free_list
 .bss.__malloc_sbrk_start
                0x0000000020000b7c        0x4 d:/programs/stmicroelectronics/stm32cubeide_1.8.0/stm32cubeide/plugins/com.st.stm32cube.ide.mcu.externaltools.gnu-tools-for-stm32.10.3-2021.10.win32_1.0.0.202111181127/tools/bin/../lib/gcc/arm-none-eabi/10.3.1/../../../../arm-none-eabi/lib/thumb/v7e-m+fp/hard\libc_nano.a(lib_a-nano-mallocr.o)
                0x0000000020000b7c                __malloc_sbrk_start
 .bss.__lock___malloc_recursive_mutex
                0x0000000020000b80        0x1 d:/programs/stmicroelectronics/stm32cubeide_1.8.0/stm32cubeide/plugins/com.st.stm32cube.ide.mcu.externaltools.gnu-tools-for-stm32.10.3-2021.10.win32_1.0.0.202111181127/tools/bin/../lib/gcc/arm-none-eabi/10.3.1/../../../../arm-none-eabi/lib/thumb/v7e-m+fp/hard\libc_nano.a(lib_a-lock.o)
                0x0000000020000b80                __lock___malloc_recursive_mutex
 .bss.__lock___sfp_recursive_mutex
                0x0000000020000b81        0x1 d:/programs/stmicroelectronics/stm32cubeide_1.8.0/stm32cubeide/plugins/com.st.stm32cube.ide.mcu.externaltools.gnu-tools-for-stm32.10.3-2021.10.win32_1.0.0.202111181127/tools/bin/../lib/gcc/arm-none-eabi/10.3.1/../../../../arm-none-eabi/lib/thumb/v7e-m+fp/hard\libc_nano.a(lib_a-lock.o)
                0x0000000020000b81                __lock___sfp_recursive_mutex
 .bss.__lock___sinit_recursive_mutex
                0x0000000020000b82        0x1 d:/programs/stmicroelectronics/stm32cubeide_1.8.0/stm32cubeide/plugins/com.st.stm32cube.ide.mcu.externaltools.gnu-tools-for-stm32.10.3-2021.10.win32_1.0.0.202111181127/tools/bin/../lib/gcc/arm-none-eabi/10.3.1/../../../../arm-none-eabi/lib/thumb/v7e-m+fp/hard\libc_nano.a(lib_a-lock.o)
                0x0000000020000b82                __lock___sinit_recursive_mutex
 *fill*         0x0000000020000b83        0x1 
 .bss.errno     0x0000000020000b84        0x4 d:/programs/stmicroelectronics/stm32cubeide_1.8.0/stm32cubeide/plugins/com.st.stm32cube.ide.mcu.externaltools.gnu-tools-for-stm32.10.3-2021.10.win32_1.0.0.202111181127/tools/bin/../lib/gcc/arm-none-eabi/10.3.1/../../../../arm-none-eabi/lib/thumb/v7e-m+fp/hard\libc_nano.a(lib_a-reent.o)
                0x0000000020000b84                errno
 *(COMMON)
                0x0000000020000b88                . = ALIGN (0x4)
                0x0000000020000b88                _ebss = .
                0x0000000020000b88                __bss_end__ = _ebss

._user_heap_stack
                0x0000000020000b88      0x600
                0x0000000020000b88                . = ALIGN (0x8)
                [!provide]                        PROVIDE (end = .)
                0x0000000020000b88                PROVIDE (_end = .)
                0x0000000020000d88                . = (. + _Min_Heap_Size)
 *fill*         0x0000000020000b88      0x200 
                0x0000000020001188                . = (. + _Min_Stack_Size)
 *fill*         0x0000000020000d88      0x400 
                0x0000000020001188                . = ALIGN (0x8)

/DISCARD/
 libc.a(*)
 libm.a(*)
 libgcc.a(*)

.ARM.attributes
                0x0000000000000000       0x30
 *(.ARM.attributes)
 .ARM.attributes
                0x0000000000000000       0x1e d:/programs/stmicroelectronics/stm32cubeide_1.8.0/stm32cubeide/plugins/com.st.stm32cube.ide.mcu.externaltools.gnu-tools-for-stm32.10.3-2021.10.win32_1.0.0.202111181127/tools/bin/../lib/gcc/arm-none-eabi/10.3.1/thumb/v7e-m+fp/hard/crti.o
 .ARM.attributes
                0x000000000000001e       0x34 d:/programs/stmicroelectronics/stm32cubeide_1.8.0/stm32cubeide/plugins/com.st.stm32cube.ide.mcu.externaltools.gnu-tools-for-stm32.10.3-2021.10.win32_1.0.0.202111181127/tools/bin/../lib/gcc/arm-none-eabi/10.3.1/thumb/v7e-m+fp/hard/crtbegin.o
 .ARM.attributes
                0x0000000000000052       0x34 ./CANopen/CANopenNode.o
 .ARM.attributes
                0x0000000000000086       0x34 ./CANopen/driver/CO_driver_blank.o
 .ARM.attributes
                0x00000000000000ba       0x34 ./CANopen/driver/OD.o
 .ARM.attributes
                0x00000000000000ee       0x34 ./CANopen/hardware/CANopenHardware.o
 .ARM.attributes
                0x0000000000000122       0x34 ./CANopen/stack/301/CO_Emergency.o
 .ARM.attributes
                0x0000000000000156       0x34 ./CANopen/stack/301/CO_HBconsumer.o
 .ARM.attributes
                0x000000000000018a       0x34 ./CANopen/stack/301/CO_NMT_Heartbeat.o
 .ARM.attributes
                0x00000000000001be       0x34 ./CANopen/stack/301/CO_ODinterface.o
 .ARM.attributes
                0x00000000000001f2       0x34 ./CANopen/stack/301/CO_PDO.o
 .ARM.attributes
                0x0000000000000226       0x34 ./CANopen/stack/301/CO_SDOserver.o
 .ARM.attributes
                0x000000000000025a       0x34 ./CANopen/stack/301/CO_SYNC.o
 .ARM.attributes
                0x000000000000028e       0x34 ./CANopen/stack/301/CO_TIME.o
 .ARM.attributes
                0x00000000000002c2       0x34 ./CANopen/stack/303/CO_LEDs.o
 .ARM.attributes
                0x00000000000002f6       0x34 ./CANopen/stack/305/CO_LSSslave.o
 .ARM.attributes
                0x000000000000032a       0x34 ./CANopen/stack/CANopen.o
 .ARM.attributes
                0x000000000000035e       0x34 ./Core/Src/can.o
 .ARM.attributes
                0x0000000000000392       0x34 ./Core/Src/gpio.o
 .ARM.attributes
                0x00000000000003c6       0x34 ./Core/Src/main.o
 .ARM.attributes
                0x00000000000003fa       0x34 ./Core/Src/stm32f3xx_hal_msp.o
 .ARM.attributes
                0x000000000000042e       0x34 ./Core/Src/stm32f3xx_it.o
 .ARM.attributes
                0x0000000000000462       0x34 ./Core/Src/syscalls.o
 .ARM.attributes
                0x0000000000000496       0x34 ./Core/Src/sysmem.o
 .ARM.attributes
                0x00000000000004ca       0x34 ./Core/Src/system_stm32f3xx.o
 .ARM.attributes
                0x00000000000004fe       0x34 ./Core/Src/tim.o
 .ARM.attributes
                0x0000000000000532       0x34 ./Core/Src/usart.o
 .ARM.attributes
                0x0000000000000566       0x21 ./Core/Startup/startup_stm32f303retx.o
 .ARM.attributes
                0x0000000000000587       0x34 ./Drivers/STM32F3xx_HAL_Driver/Src/stm32f3xx_hal.o
 .ARM.attributes
                0x00000000000005bb       0x34 ./Drivers/STM32F3xx_HAL_Driver/Src/stm32f3xx_hal_can.o
 .ARM.attributes
                0x00000000000005ef       0x34 ./Drivers/STM32F3xx_HAL_Driver/Src/stm32f3xx_hal_cortex.o
 .ARM.attributes
                0x0000000000000623       0x34 ./Drivers/STM32F3xx_HAL_Driver/Src/stm32f3xx_hal_gpio.o
 .ARM.attributes
                0x0000000000000657       0x34 ./Drivers/STM32F3xx_HAL_Driver/Src/stm32f3xx_hal_rcc.o
 .ARM.attributes
                0x000000000000068b       0x34 ./Drivers/STM32F3xx_HAL_Driver/Src/stm32f3xx_hal_rcc_ex.o
 .ARM.attributes
                0x00000000000006bf       0x34 ./Drivers/STM32F3xx_HAL_Driver/Src/stm32f3xx_hal_tim.o
 .ARM.attributes
                0x00000000000006f3       0x34 ./Drivers/STM32F3xx_HAL_Driver/Src/stm32f3xx_hal_tim_ex.o
 .ARM.attributes
                0x0000000000000727       0x34 ./Drivers/STM32F3xx_HAL_Driver/Src/stm32f3xx_hal_uart.o
 .ARM.attributes
                0x000000000000075b       0x34 d:/programs/stmicroelectronics/stm32cubeide_1.8.0/stm32cubeide/plugins/com.st.stm32cube.ide.mcu.externaltools.gnu-tools-for-stm32.10.3-2021.10.win32_1.0.0.202111181127/tools/bin/../lib/gcc/arm-none-eabi/10.3.1/../../../../arm-none-eabi/lib/thumb/v7e-m+fp/hard\libc_nano.a(lib_a-calloc.o)
 .ARM.attributes
                0x000000000000078f       0x34 d:/programs/stmicroelectronics/stm32cubeide_1.8.0/stm32cubeide/plugins/com.st.stm32cube.ide.mcu.externaltools.gnu-tools-for-stm32.10.3-2021.10.win32_1.0.0.202111181127/tools/bin/../lib/gcc/arm-none-eabi/10.3.1/../../../../arm-none-eabi/lib/thumb/v7e-m+fp/hard\libc_nano.a(lib_a-errno.o)
 .ARM.attributes
                0x00000000000007c3       0x34 d:/programs/stmicroelectronics/stm32cubeide_1.8.0/stm32cubeide/plugins/com.st.stm32cube.ide.mcu.externaltools.gnu-tools-for-stm32.10.3-2021.10.win32_1.0.0.202111181127/tools/bin/../lib/gcc/arm-none-eabi/10.3.1/../../../../arm-none-eabi/lib/thumb/v7e-m+fp/hard\libc_nano.a(lib_a-impure.o)
 .ARM.attributes
                0x00000000000007f7       0x34 d:/programs/stmicroelectronics/stm32cubeide_1.8.0/stm32cubeide/plugins/com.st.stm32cube.ide.mcu.externaltools.gnu-tools-for-stm32.10.3-2021.10.win32_1.0.0.202111181127/tools/bin/../lib/gcc/arm-none-eabi/10.3.1/../../../../arm-none-eabi/lib/thumb/v7e-m+fp/hard\libc_nano.a(lib_a-init.o)
 .ARM.attributes
                0x000000000000082b       0x34 d:/programs/stmicroelectronics/stm32cubeide_1.8.0/stm32cubeide/plugins/com.st.stm32cube.ide.mcu.externaltools.gnu-tools-for-stm32.10.3-2021.10.win32_1.0.0.202111181127/tools/bin/../lib/gcc/arm-none-eabi/10.3.1/../../../../arm-none-eabi/lib/thumb/v7e-m+fp/hard\libc_nano.a(lib_a-malloc.o)
 .ARM.attributes
                0x000000000000085f       0x34 d:/programs/stmicroelectronics/stm32cubeide_1.8.0/stm32cubeide/plugins/com.st.stm32cube.ide.mcu.externaltools.gnu-tools-for-stm32.10.3-2021.10.win32_1.0.0.202111181127/tools/bin/../lib/gcc/arm-none-eabi/10.3.1/../../../../arm-none-eabi/lib/thumb/v7e-m+fp/hard\libc_nano.a(lib_a-memcpy-stub.o)
 .ARM.attributes
                0x0000000000000893       0x34 d:/programs/stmicroelectronics/stm32cubeide_1.8.0/stm32cubeide/plugins/com.st.stm32cube.ide.mcu.externaltools.gnu-tools-for-stm32.10.3-2021.10.win32_1.0.0.202111181127/tools/bin/../lib/gcc/arm-none-eabi/10.3.1/../../../../arm-none-eabi/lib/thumb/v7e-m+fp/hard\libc_nano.a(lib_a-memmove.o)
 .ARM.attributes
                0x00000000000008c7       0x34 d:/programs/stmicroelectronics/stm32cubeide_1.8.0/stm32cubeide/plugins/com.st.stm32cube.ide.mcu.externaltools.gnu-tools-for-stm32.10.3-2021.10.win32_1.0.0.202111181127/tools/bin/../lib/gcc/arm-none-eabi/10.3.1/../../../../arm-none-eabi/lib/thumb/v7e-m+fp/hard\libc_nano.a(lib_a-memset.o)
 .ARM.attributes